10-13 12:27:42.548  2046  2116 W PackageParser: Unknown element under <manifest>: attribution at /data/app/com.google.android.gms-6V2ML-wVqBlw8HV4Kaltaw==/base.apk Binary XML file line #525
10-13 12:27:42.548  2046  2116 W PackageParser: Unknown element under <manifest>: attribution at /data/app/com.google.android.gms-6V2ML-wVqBlw8HV4Kaltaw==/base.apk Binary XML file line #528
10-13 12:27:42.548  2046  2116 W PackageParser: Unknown element under <manifest>: attribution at /data/app/com.google.android.gms-6V2ML-wVqBlw8HV4Kaltaw==/base.apk Binary XML file line #531
10-13 12:27:42.548  2046  2116 W PackageParser: Unknown element under <manifest>: attribution at /data/app/com.google.android.gms-6V2ML-wVqBlw8HV4Kaltaw==/base.apk Binary XML file line #534
10-13 12:27:42.548  2046  2116 W PackageParser: Unknown element under <manifest>: attribution at /data/app/com.google.android.gms-6V2ML-wVqBlw8HV4Kaltaw==/base.apk Binary XML file line #537
10-13 12:27:42.548  2046  2116 W PackageParser: Unknown element under <manifest>: attribution at /data/app/com.google.android.gms-6V2ML-wVqBlw8HV4Kaltaw==/base.apk Binary XML file line #540
10-13 12:27:42.548  2046  2116 W PackageParser: Unknown element under <manifest>: attribution at /data/app/com.google.android.gms-6V2ML-wVqBlw8HV4Kaltaw==/base.apk Binary XML file line #543
10-13 12:27:42.548  2046  2116 W PackageParser: Unknown element under <manifest>: attribution at /data/app/com.google.android.gms-6V2ML-wVqBlw8HV4Kaltaw==/base.apk Binary XML file line #546
10-13 12:27:42.548  2046  2116 W PackageParser: Unknown element under <manifest>: attribution at /data/app/com.google.android.gms-6V2ML-wVqBlw8HV4Kaltaw==/base.apk Binary XML file line #549
10-13 12:27:42.548  2046  2116 W PackageParser: Unknown element under <manifest>: attribution at /data/app/com.google.android.gms-6V2ML-wVqBlw8HV4Kaltaw==/base.apk Binary XML file line #552
10-13 12:27:42.548  2046  2116 W PackageParser: Unknown element under <manifest>: attribution at /data/app/com.google.android.gms-6V2ML-wVqBlw8HV4Kaltaw==/base.apk Binary XML file line #555
10-13 12:27:42.548  2046  2116 W PackageParser: Unknown element under <manifest>: attribution at /data/app/com.google.android.gms-6V2ML-wVqBlw8HV4Kaltaw==/base.apk Binary XML file line #558
10-13 12:27:42.548  2046  2116 W PackageParser: Unknown element under <manifest>: attribution at /data/app/com.google.android.gms-6V2ML-wVqBlw8HV4Kaltaw==/base.apk Binary XML file line #561
10-13 12:27:42.548  2046  2116 W PackageParser: Unknown element under <manifest>: attribution at /data/app/com.google.android.gms-6V2ML-wVqBlw8HV4Kaltaw==/base.apk Binary XML file line #564
10-13 12:27:42.548  2046  2116 W PackageParser: Unknown element under <manifest>: attribution at /data/app/com.google.android.gms-6V2ML-wVqBlw8HV4Kaltaw==/base.apk Binary XML file line #567
10-13 12:27:42.548  2046  2116 W PackageParser: Unknown element under <manifest>: attribution at /data/app/com.google.android.gms-6V2ML-wVqBlw8HV4Kaltaw==/base.apk Binary XML file line #570
10-13 12:27:42.548  2046  2116 W PackageParser: Unknown element under <manifest>: attribution at /data/app/com.google.android.gms-6V2ML-wVqBlw8HV4Kaltaw==/base.apk Binary XML file line #573
10-13 12:27:42.548  2046  2116 W PackageParser: Unknown element under <manifest>: attribution at /data/app/com.google.android.gms-6V2ML-wVqBlw8HV4Kaltaw==/base.apk Binary XML file line #576
10-13 12:27:42.548  2046  2116 W PackageParser: Unknown element under <manifest>: attribution at /data/app/com.google.android.gms-6V2ML-wVqBlw8HV4Kaltaw==/base.apk Binary XML file line #579
10-13 12:27:42.548  2046  2116 W PackageParser: Unknown element under <manifest>: attribution at /data/app/com.google.android.gms-6V2ML-wVqBlw8HV4Kaltaw==/base.apk Binary XML file line #582
10-13 12:27:42.548  2046  2116 W PackageParser: Unknown element under <manifest>: attribution at /data/app/com.google.android.gms-6V2ML-wVqBlw8HV4Kaltaw==/base.apk Binary XML file line #585
10-13 12:27:42.548  2046  2116 W PackageParser: Unknown element under <manifest>: attribution at /data/app/com.google.android.gms-6V2ML-wVqBlw8HV4Kaltaw==/base.apk Binary XML file line #588
10-13 12:27:42.548  2046  2116 W PackageParser: Unknown element under <manifest>: attribution at /data/app/com.google.android.gms-6V2ML-wVqBlw8HV4Kaltaw==/base.apk Binary XML file line #591
10-13 12:27:42.548  2046  2116 W PackageParser: Unknown element under <manifest>: attribution at /data/app/com.google.android.gms-6V2ML-wVqBlw8HV4Kaltaw==/base.apk Binary XML file line #594
10-13 12:27:42.548  2046  2116 W PackageParser: Unknown element under <manifest>: attribution at /data/app/com.google.android.gms-6V2ML-wVqBlw8HV4Kaltaw==/base.apk Binary XML file line #597
10-13 12:27:42.548  2046  2116 W PackageParser: Unknown element under <manifest>: attribution at /data/app/com.google.android.gms-6V2ML-wVqBlw8HV4Kaltaw==/base.apk Binary XML file line #600
10-13 12:27:42.548  2046  2116 W PackageParser: Unknown element under <manifest>: attribution at /data/app/com.google.android.gms-6V2ML-wVqBlw8HV4Kaltaw==/base.apk Binary XML file line #603
10-13 12:27:42.548  2046  2116 W PackageParser: Unknown element under <manifest>: attribution at /data/app/com.google.android.gms-6V2ML-wVqBlw8HV4Kaltaw==/base.apk Binary XML file line #606
10-13 12:27:42.548  2046  2116 W PackageParser: Unknown element under <manifest>: attribution at /data/app/com.google.android.gms-6V2ML-wVqBlw8HV4Kaltaw==/base.apk Binary XML file line #609
10-13 12:27:42.548  2046  2116 W PackageParser: Unknown element under <manifest>: attribution at /data/app/com.google.android.gms-6V2ML-wVqBlw8HV4Kaltaw==/base.apk Binary XML file line #612
10-13 12:27:42.548  2046  2116 W PackageParser: Unknown element under <manifest>: attribution at /data/app/com.google.android.gms-6V2ML-wVqBlw8HV4Kaltaw==/base.apk Binary XML file line #615
10-13 12:27:42.549  2046  2116 W PackageParser: Unknown element under <manifest>: attribution at /data/app/com.google.android.gms-6V2ML-wVqBlw8HV4Kaltaw==/base.apk Binary XML file line #618
10-13 12:27:42.549  2046  2116 W PackageParser: Unknown element under <manifest>: attribution at /data/app/com.google.android.gms-6V2ML-wVqBlw8HV4Kaltaw==/base.apk Binary XML file line #621
10-13 12:27:42.549  2046  2116 W PackageParser: Unknown element under <manifest>: attribution at /data/app/com.google.android.gms-6V2ML-wVqBlw8HV4Kaltaw==/base.apk Binary XML file line #624
10-13 12:27:42.549  2046  2116 W PackageParser: Unknown element under <manifest>: attribution at /data/app/com.google.android.gms-6V2ML-wVqBlw8HV4Kaltaw==/base.apk Binary XML file line #627
10-13 12:27:42.549  2046  2116 W PackageParser: Unknown element under <manifest>: attribution at /data/app/com.google.android.gms-6V2ML-wVqBlw8HV4Kaltaw==/base.apk Binary XML file line #630
10-13 12:27:42.549  2046  2116 W PackageParser: Unknown element under <manifest>: attribution at /data/app/com.google.android.gms-6V2ML-wVqBlw8HV4Kaltaw==/base.apk Binary XML file line #633
10-13 12:27:42.549  2046  2116 W PackageParser: Unknown element under <manifest>: attribution at /data/app/com.google.android.gms-6V2ML-wVqBlw8HV4Kaltaw==/base.apk Binary XML file line #636
10-13 12:27:42.549  2046  2116 W PackageParser: Unknown element under <manifest>: attribution at /data/app/com.google.android.gms-6V2ML-wVqBlw8HV4Kaltaw==/base.apk Binary XML file line #639
10-13 12:27:42.549  2046  2116 W PackageParser: Unknown element under <manifest>: attribution at /data/app/com.google.android.gms-6V2ML-wVqBlw8HV4Kaltaw==/base.apk Binary XML file line #642
10-13 12:27:42.549  2046  2116 W PackageParser: Unknown element under <manifest>: attribution at /data/app/com.google.android.gms-6V2ML-wVqBlw8HV4Kaltaw==/base.apk Binary XML file line #645
10-13 12:27:42.549  2046  2116 W PackageParser: Unknown element under <manifest>: attribution at /data/app/com.google.android.gms-6V2ML-wVqBlw8HV4Kaltaw==/base.apk Binary XML file line #648
10-13 12:27:42.549  2046  2116 W PackageParser: Unknown element under <manifest>: attribution at /data/app/com.google.android.gms-6V2ML-wVqBlw8HV4Kaltaw==/base.apk Binary XML file line #651
10-13 12:27:42.549  2046  2116 W PackageParser: Unknown element under <manifest>: attribution at /data/app/com.google.android.gms-6V2ML-wVqBlw8HV4Kaltaw==/base.apk Binary XML file line #654
10-13 12:27:42.549  2046  2116 W PackageParser: Unknown element under <manifest>: attribution at /data/app/com.google.android.gms-6V2ML-wVqBlw8HV4Kaltaw==/base.apk Binary XML file line #657
10-13 12:27:42.549  2046  2116 W PackageParser: Unknown element under <manifest>: attribution at /data/app/com.google.android.gms-6V2ML-wVqBlw8HV4Kaltaw==/base.apk Binary XML file line #660
10-13 12:27:42.549  2046  2116 W PackageParser: Unknown element under <manifest>: attribution at /data/app/com.google.android.gms-6V2ML-wVqBlw8HV4Kaltaw==/base.apk Binary XML file line #663
10-13 12:27:42.550  2046  2116 W PackageParser: Unknown element under <manifest>: attribution at /data/app/com.google.android.gms-6V2ML-wVqBlw8HV4Kaltaw==/base.apk Binary XML file line #666
10-13 12:27:42.550  2046  2116 W PackageParser: Unknown element under <manifest>: attribution at /data/app/com.google.android.gms-6V2ML-wVqBlw8HV4Kaltaw==/base.apk Binary XML file line #669
10-13 12:27:42.550  2046  2116 W PackageParser: Unknown element under <manifest>: attribution at /data/app/com.google.android.gms-6V2ML-wVqBlw8HV4Kaltaw==/base.apk Binary XML file line #672
10-13 12:27:42.550  2046  2116 W PackageParser: Unknown element under <manifest>: attribution at /data/app/com.google.android.gms-6V2ML-wVqBlw8HV4Kaltaw==/base.apk Binary XML file line #675
10-13 12:27:42.550  2046  2116 W PackageParser: Unknown element under <manifest>: attribution at /data/app/com.google.android.gms-6V2ML-wVqBlw8HV4Kaltaw==/base.apk Binary XML file line #678
10-13 12:27:42.550  2046  2116 W PackageParser: Unknown element under <manifest>: attribution at /data/app/com.google.android.gms-6V2ML-wVqBlw8HV4Kaltaw==/base.apk Binary XML file line #681
10-13 12:27:42.550  2046  2116 W PackageParser: Unknown element under <manifest>: attribution at /data/app/com.google.android.gms-6V2ML-wVqBlw8HV4Kaltaw==/base.apk Binary XML file line #684
10-13 12:27:42.550  2046  2116 W PackageParser: Unknown element under <manifest>: attribution at /data/app/com.google.android.gms-6V2ML-wVqBlw8HV4Kaltaw==/base.apk Binary XML file line #687
10-13 12:27:42.550  2046  2116 W PackageParser: Unknown element under <manifest>: attribution at /data/app/com.google.android.gms-6V2ML-wVqBlw8HV4Kaltaw==/base.apk Binary XML file line #690
10-13 12:27:42.550  2046  2116 W PackageParser: Unknown element under <manifest>: attribution at /data/app/com.google.android.gms-6V2ML-wVqBlw8HV4Kaltaw==/base.apk Binary XML file line #693
10-13 12:27:42.550  2046  2116 W PackageParser: Unknown element under <manifest>: attribution at /data/app/com.google.android.gms-6V2ML-wVqBlw8HV4Kaltaw==/base.apk Binary XML file line #696
10-13 12:27:42.550  2046  2116 W PackageParser: Unknown element under <manifest>: attribution at /data/app/com.google.android.gms-6V2ML-wVqBlw8HV4Kaltaw==/base.apk Binary XML file line #699
10-13 12:27:42.550  2046  2116 W PackageParser: Unknown element under <manifest>: attribution at /data/app/com.google.android.gms-6V2ML-wVqBlw8HV4Kaltaw==/base.apk Binary XML file line #702
10-13 12:27:42.550  2046  2116 W PackageParser: Unknown element under <manifest>: attribution at /data/app/com.google.android.gms-6V2ML-wVqBlw8HV4Kaltaw==/base.apk Binary XML file line #705
10-13 12:27:42.550  2046  2116 W PackageParser: Unknown element under <manifest>: attribution at /data/app/com.google.android.gms-6V2ML-wVqBlw8HV4Kaltaw==/base.apk Binary XML file line #708
10-13 12:27:42.550  2046  2116 W PackageParser: Unknown element under <manifest>: attribution at /data/app/com.google.android.gms-6V2ML-wVqBlw8HV4Kaltaw==/base.apk Binary XML file line #711
10-13 12:27:42.550  2046  2116 W PackageParser: Unknown element under <manifest>: attribution at /data/app/com.google.android.gms-6V2ML-wVqBlw8HV4Kaltaw==/base.apk Binary XML file line #714
10-13 12:27:42.550  2046  2116 W PackageParser: Unknown element under <manifest>: attribution at /data/app/com.google.android.gms-6V2ML-wVqBlw8HV4Kaltaw==/base.apk Binary XML file line #717
10-13 12:27:42.555  2046  2116 W PackageParser: Ignoring duplicate uses-permissions/uses-permissions-sdk-m: com.google.android.apps.nest.CAST_AUTH_SERVICE in package: com.google.android.gms at: Binary XML file line #1280
10-13 12:27:42.559  2046  2116 W PackageParser: Unknown element under <manifest>: queries at /data/app/com.google.android.gms-6V2ML-wVqBlw8HV4Kaltaw==/base.apk Binary XML file line #1453
10-13 12:27:42.664  2046  2046 W PackageManager: Relax SCAN_REQUIRE_KNOWN requirement for package com.google.android.gms
10-13 12:27:42.671  2046  2046 I PackageManager: Finished scanning non-system apps. Time: 280 ms, packageCount: 15 , timePerPackage: 18 , cached: 12
10-13 12:27:42.686  2046  2046 I PackageManager: Time to scan packages: 0.627 seconds
10-13 12:27:42.686  2046  2046 I PackageManager: Un-granting permission android.permission.MANAGE_DOCUMENTS from package com.google.android.youtube (protectionLevel=262146 flags=0x305bbec5)
10-13 12:27:42.687  2046  2046 I PackageManager: Un-granting permission android.permission.INTERACT_ACROSS_PROFILES from package com.google.android.googlequicksearchbox (protectionLevel=18 flags=0x285bbec5)
10-13 12:27:42.687  2046  2046 I PackageManager: Un-granting permission android.permission.MANAGE_SOUND_TRIGGER from package com.google.android.googlequicksearchbox (protectionLevel=18 flags=0x285bbec5)
10-13 12:27:42.687  2046  2046 I PackageManager: Un-granting permission android.permission.MANAGE_USB from package com.google.android.googlequicksearchbox (protectionLevel=18 flags=0x285bbec5)
10-13 12:27:42.687  2046  2046 I PackageManager: Un-granting permission android.permission.CONTROL_INCALL_EXPERIENCE from package com.google.android.googlequicksearchbox (protectionLevel=18 flags=0x285bbec5)
10-13 12:27:42.687  2046  2046 I PackageManager: Un-granting permission android.permission.WRITE_APN_SETTINGS from package com.google.android.googlequicksearchbox (protectionLevel=18 flags=0x285bbec5)
10-13 12:27:42.687  2046  2046 I PackageManager: Un-granting permission android.permission.SUBSTITUTE_SHARE_TARGET_APP_NAME_AND_ICON from package com.google.android.googlequicksearchbox (protectionLevel=18 flags=0x285bbec5)
10-13 12:27:42.687  2046  2046 I PackageManager: Un-granting permission com.google.android.googleapps.permission.GOOGLE_AUTH from package com.android.providers.calendar (protectionLevel=2 flags=0x30083e45)
10-13 12:27:42.687  2046  2046 I PackageManager: Un-granting permission com.google.android.googleapps.permission.GOOGLE_AUTH.cl from package com.android.providers.calendar (protectionLevel=2 flags=0x30083e45)
10-13 12:27:42.688  2046  2046 I PackageManager: Un-granting permission android.permission.SYSTEM_ALERT_WINDOW from package com.riive.staging (protectionLevel=1250 flags=0x38083e46)
10-13 12:27:42.688  2046  2046 I PackageManager: Un-granting permission android.permission.WRITE_SECURE_SETTINGS from package com.google.android.apps.enterprise.dmagent (protectionLevel=50 flags=0x30083e05)
10-13 12:27:42.688  2046  2046 I PackageManager: Un-granting permission android.permission.CONNECTIVITY_INTERNAL from package com.google.android.apps.enterprise.dmagent (protectionLevel=18 flags=0x30083e05)
10-13 12:27:42.688  2046  2046 I PackageManager: Un-granting permission android.permission.MANAGE_USB from package com.google.android.apps.enterprise.dmagent (protectionLevel=18 flags=0x30083e05)
10-13 12:27:42.689  2046  2046 I PackageManager: Un-granting permission android.permission.CHANGE_COMPONENT_ENABLED_STATE from package com.google.android.apps.enterprise.dmagent (protectionLevel=18 flags=0x30083e05)
10-13 12:27:42.690  2046  2046 I PackageManager: Un-granting permission android.permission.MANAGE_CA_CERTIFICATES from package com.google.android.apps.enterprise.dmagent (protectionLevel=18 flags=0x30083e05)
10-13 12:27:42.690  2046  2046 I PackageManager: Un-granting permission android.permission.MANAGE_USERS from package com.google.android.apps.enterprise.dmagent (protectionLevel=18 flags=0x30083e05)
10-13 12:27:42.690  2046  2046 I PackageManager: Un-granting permission android.permission.READ_PRIVILEGED_PHONE_STATE from package com.google.android.apps.messaging (protectionLevel=18 flags=0x284bbec5)
10-13 12:27:42.690  2046  2046 I PackageManager: Un-granting permission android.permission.MODIFY_PHONE_STATE from package com.google.android.apps.messaging (protectionLevel=18 flags=0x284bbec5)
10-13 12:27:42.690  2046  2046 I PackageManager: Un-granting permission android.permission.READ_PRECISE_PHONE_STATE from package com.google.android.apps.messaging (protectionLevel=18 flags=0x284bbec5)
10-13 12:27:42.690  2046  2046 I PackageManager: Un-granting permission android.permission.CONNECTIVITY_USE_RESTRICTED_NETWORKS from package com.google.android.apps.messaging (protectionLevel=18 flags=0x284bbec5)
10-13 12:27:42.690  2046  2046 I PackageManager: Un-granting permission com.google.android.setupwizard.READ_DEVICE_ORIGIN from package com.google.android.apps.messaging (protectionLevel=18 flags=0x284bbec5)
10-13 12:27:42.691  2046  2046 I PackageManager: Un-granting permission android.permission.WRITE_DEVICE_CONFIG from package com.android.vending (protectionLevel=524802 flags=0x284abec5)
10-13 12:27:42.691  2046  2046 I PackageManager: Un-granting permission android.permission.HIDE_NON_SYSTEM_OVERLAY_WINDOWS from package com.android.vending (protectionLevel=258 flags=0x284abec5)
10-13 12:27:42.691  2046  2046 I PackageManager: Un-granting permission android.permission.SEND_DOWNLOAD_COMPLETED_INTENTS from package com.android.vending (protectionLevel=2 flags=0x284abec5)
10-13 12:27:42.691  2046  2046 I PackageManager: Un-granting permission android.permission.INSTALL_GRANT_RUNTIME_PERMISSIONS from package com.android.vending (protectionLevel=770 flags=0x284abec5)
10-13 12:27:42.691  2046  2046 I PackageManager: Un-granting permission android.permission.GRANT_RUNTIME_PERMISSIONS from package com.android.vending (protectionLevel=770 flags=0x284abec5)
10-13 12:27:42.691  2046  2046 I PackageManager: Un-granting permission android.permission.REVOKE_RUNTIME_PERMISSIONS from package com.android.vending (protectionLevel=770 flags=0x284abec5)
10-13 12:27:42.691  2046  2046 I PackageManager: Un-granting permission android.permission.SET_PREFERRED_APPLICATIONS from package com.android.vending (protectionLevel=770 flags=0x284abec5)
10-13 12:27:42.691  2046  2046 I PackageManager: Un-granting permission android.permission.ACCESS_INSTANT_APPS from package com.android.vending (protectionLevel=131842 flags=0x284abec5)
10-13 12:27:42.691  2046  2046 I PackageManager: Un-granting permission android.permission.MANAGE_APP_OPS_MODES from package com.android.vending (protectionLevel=770 flags=0x284abec5)
10-13 12:27:42.691  2046  2046 I PackageManager: Un-granting permission android.permission.MANAGE_ROLLBACKS from package com.android.vending (protectionLevel=514 flags=0x284abec5)
10-13 12:27:42.692  2046  2046 I PackageManager: Un-granting permission android.permission.SET_HARMFUL_APP_WARNINGS from package com.android.vending (protectionLevel=514 flags=0x284abec5)
10-13 12:27:42.706  2046  2046 I PackageManager: Un-granting permission android.permission.BIND_WALLPAPER from package com.android.camera2 (protectionLevel=18 flags=0x2058bc45)
10-13 12:27:42.707  2046  2046 I PackageManager: Un-granting permission android.permission.REQUEST_INSTALL_PACKAGES from package com.google.android.gm (protectionLevel=66 flags=0x285bbec5)
10-13 12:27:42.707  2046  2046 I PackageManager: Un-granting permission android.permission.GRANT_RUNTIME_PERMISSIONS from package com.google.android.permissioncontroller (protectionLevel=770 flags=0x30483e05)
10-13 12:27:42.707  2046  2046 I PackageManager: Un-granting permission android.permission.REVOKE_RUNTIME_PERMISSIONS from package com.google.android.permissioncontroller (protectionLevel=770 flags=0x30483e05)
10-13 12:27:42.707  2046  2046 I PackageManager: Un-granting permission android.permission.ADJUST_RUNTIME_PERMISSIONS_POLICY from package com.google.android.permissioncontroller (protectionLevel=258 flags=0x30483e05)
10-13 12:27:42.707  2046  2046 I PackageManager: Un-granting permission android.permission.WHITELIST_RESTRICTED_PERMISSIONS from package com.google.android.permissioncontroller (protectionLevel=258 flags=0x30483e05)
10-13 12:27:42.707  2046  2046 I PackageManager: Un-granting permission android.permission.INTERACT_ACROSS_USERS_FULL from package com.google.android.permissioncontroller (protectionLevel=258 flags=0x30483e05)
10-13 12:27:42.707  2046  2046 I PackageManager: Un-granting permission android.permission.MANAGE_APP_OPS_MODES from package com.google.android.permissioncontroller (protectionLevel=770 flags=0x30483e05)
10-13 12:27:42.707  2046  2046 I PackageManager: Un-granting permission android.permission.KILL_UID from package com.google.android.permissioncontroller (protectionLevel=258 flags=0x30483e05)
10-13 12:27:42.707  2046  2046 I PackageManager: Un-granting permission android.permission.MANAGE_APP_OPS_RESTRICTIONS from package com.google.android.permissioncontroller (protectionLevel=258 flags=0x30483e05)
10-13 12:27:42.707  2046  2046 I PackageManager: Un-granting permission android.permission.HIDE_NON_SYSTEM_OVERLAY_WINDOWS from package com.google.android.permissioncontroller (protectionLevel=258 flags=0x30483e05)
10-13 12:27:42.707  2046  2046 I PackageManager: Un-granting permission android.permission.MANAGE_ROLE_HOLDERS from package com.google.android.permissioncontroller (protectionLevel=258 flags=0x30483e05)
10-13 12:27:42.707  2046  2046 I PackageManager: Un-granting permission android.permission.OBSERVE_ROLE_HOLDERS from package com.google.android.permissioncontroller (protectionLevel=258 flags=0x30483e05)
10-13 12:27:42.707  2046  2046 I PackageManager: Un-granting permission android.permission.SET_PREFERRED_APPLICATIONS from package com.google.android.permissioncontroller (protectionLevel=770 flags=0x30483e05)
10-13 12:27:42.707  2046  2046 I PackageManager: Un-granting permission android.permission.ACCESS_SHARED_LIBRARIES from package com.google.android.permissioncontroller (protectionLevel=258 flags=0x30483e05)
10-13 12:27:42.708  2046  2046 I PackageManager: Un-granting permission android.permission.ACCESS_INSTANT_APPS from package com.google.android.permissioncontroller (protectionLevel=131842 flags=0x30483e05)
10-13 12:27:42.708  2046  2046 I PackageManager: Un-granting permission android.permission.OPEN_ACCESSIBILITY_DETAILS_SETTINGS from package com.google.android.permissioncontroller (protectionLevel=258 flags=0x30483e05)
10-13 12:27:42.708  2046  2046 I PackageManager: Un-granting permission android.permission.BIND_JOB_SERVICE from package com.google.android.music (protectionLevel=2 flags=0x384bbe65)
10-13 12:27:42.709  2046  2046 I PackageManager: Un-granting permission android.permission.REQUEST_INSTALL_PACKAGES from package com.google.android.captiveportallogin (protectionLevel=66 flags=0x3848bec5)
10-13 12:27:42.709  2046  2046 I PackageManager: Un-granting permission android.permission.REQUEST_INSTALL_PACKAGES from package com.google.android.apps.docs (protectionLevel=66 flags=0x384bbe45)
10-13 12:27:42.710  2046  2046 I PackageManager: Un-granting permission android.permission.SYSTEM_ALERT_WINDOW from package com.riive.development (protectionLevel=1250 flags=0x38083e46)
10-13 12:27:42.710  2046  2046 I PackageManager: Un-granting permission android.permission.SYSTEM_ALERT_WINDOW from package host.exp.exponent (protectionLevel=1250 flags=0x3858be44)
10-13 12:27:42.710  2046  2046 I PackageManager: Un-granting permission android.permission.MANAGE_DOCUMENTS from package host.exp.exponent (protectionLevel=262146 flags=0x3858be44)
10-13 12:27:42.710  2046  2046 I PackageManager: Un-granting permission android.permission.WRITE_SETTINGS from package host.exp.exponent (protectionLevel=1218 flags=0x3858be44)
10-13 12:27:42.710  2046  2046 I PackageManager: Un-granting permission android.permission.REQUEST_INSTALL_PACKAGES from package host.exp.exponent (protectionLevel=66 flags=0x3858be44)
10-13 12:27:42.711  2046  2046 I PackageManager: Un-granting permission android.permission.INTERACT_ACROSS_USERS from package com.google.android.syncadapters.contacts (protectionLevel=50 flags=0x20083e45)
10-13 12:27:42.711  2046  2046 I PackageManager: Un-granting permission android.permission.REQUEST_INSTALL_PACKAGES from package com.android.chrome (protectionLevel=66 flags=0xa04bbe45)
10-13 12:27:42.711  2046  2046 I PackageManager: Un-granting permission android.permission.HIDE_NON_SYSTEM_OVERLAY_WINDOWS from package com.google.android.packageinstaller (protectionLevel=258 flags=0x30483e45)
10-13 12:27:42.711  2046  2046 I PackageManager: Un-granting permission android.permission.MANAGE_APP_OPS_MODES from package com.google.android.packageinstaller (protectionLevel=770 flags=0x30483e45)
10-13 12:27:42.711  2046  2046 I PackageManager: Un-granting permission android.permission.INTERACT_ACROSS_USERS_FULL from package com.google.android.packageinstaller (protectionLevel=258 flags=0x30483e45)
10-13 12:27:42.712  2046  2046 I PackageManager: Un-granting permission android.permission.CAPTURE_VIDEO_OUTPUT from package com.google.android.gms (protectionLevel=2 flags=0xa04abec5)
10-13 12:27:42.712  2046  2046 I PackageManager: Un-granting permission android.permission.MANAGE_DEVICE_ADMINS from package com.google.android.gms (protectionLevel=2 flags=0xa04abec5)
10-13 12:27:42.712  2046  2046 I PackageManager: Un-granting permission android.permission.MANAGE_ACTIVITY_STACKS from package com.google.android.gms (protectionLevel=2 flags=0xa04abec5)
10-13 12:27:42.712  2046  2046 I PackageManager: Un-granting permission android.permission.CAPTURE_SECURE_VIDEO_OUTPUT from package com.google.android.gms (protectionLevel=2 flags=0xa04abec5)
10-13 12:27:42.713  2046  2046 I PackageManager: Un-granting permission android.permission.MANAGE_ROLLBACKS from package com.google.android.gms (protectionLevel=514 flags=0xa04abec5)
10-13 12:27:42.713  2046  2046 I PackageManager: Un-granting permission android.permission.MEDIA_CONTENT_CONTROL from package com.google.android.gms (protectionLevel=18 flags=0xa04abec5)
10-13 12:27:42.713  2046  2046 I PackageManager: Un-granting permission android.permission.HIDE_NON_SYSTEM_OVERLAY_WINDOWS from package com.google.android.gms (protectionLevel=258 flags=0xa04abec5)
10-13 12:27:42.725  2046  2046 I PackageManager: Un-granting permission com.google.android.googleapps.permission.GOOGLE_AUTH from package com.google.android.videos (protectionLevel=2 flags=0x305bbe45)
10-13 12:27:42.725  2046  2046 I PackageManager: Un-granting permission android.permission.WRITE_MEDIA_STORAGE from package com.google.android.apps.photos (protectionLevel=18 flags=0x3859bec5)
10-13 12:27:42.725  2046  2046 I PackageManager: Un-granting permission android.permission.INTERACT_ACROSS_PROFILES from package com.google.android.calendar (protectionLevel=18 flags=0x304bbec5)
10-13 12:27:42.726  2046  2046 I PackageManager: Un-granting permission android.permission.SYSTEM_ALERT_WINDOW from package com.riive (protectionLevel=1250 flags=0x38083e46)
10-13 12:27:42.727  2046  2046 V PackageManager: reconcileAppsData for null u0 0x1 migrateAppData=true
10-13 12:27:42.808  2046  2046 V PackageManager: reconcileAppsData finished 21 packages
10-13 12:27:42.925  2046  2046 I Watchdog: Resuming HandlerChecker: main thread for reason: packagemanagermain. Pause count: 0
10-13 12:27:42.926  2046  2046 I SystemServer: StartOtaDexOptService
10-13 12:27:42.926  2046  2046 I Watchdog: Pausing HandlerChecker: main thread for reason: moveab. Pause count: 1
10-13 12:27:42.928  2046  2046 D OTADexopt: No upgrade, skipping A/B artifacts check.
10-13 12:27:42.928  2046  2046 I Watchdog: Resuming HandlerChecker: main thread for reason: moveab. Pause count: 0
10-13 12:27:42.928  2046  2046 I SystemServer: StartUserManagerService
10-13 12:27:42.928  2046  2046 I SystemServiceManager: Starting com.android.server.pm.UserManagerService$LifeCycle
10-13 12:27:42.928  2046  2046 I SystemServer: InitAttributerCache
10-13 12:27:42.928  2046  2046 I SystemServer: SetSystemProcess
10-13 12:27:42.941  2046  2046 I SystemServer: InitWatchdog
10-13 12:27:42.945  2046  2046 I SystemServer: StartOverlayManagerService
10-13 12:27:43.130  2046  2046 I SystemServer: StartSensorPrivacyService
10-13 12:27:43.131  2046  2046 I SystemServer: StartBatteryService
10-13 12:27:43.131  2046  2046 I SystemServiceManager: Starting com.android.server.BatteryService
10-13 12:27:43.155  2046  2080 E BatteryExternalStatsWorker: no controller energy info supplied for telephony
10-13 12:27:43.155  2046  2080 E KernelCpuUidFreqTimeReader: Failed to read /proc/uid_time_in_state: java.nio.file.NoSuchFileException: /proc/uid_time_in_state
10-13 12:27:43.156  2046  2080 W KernelCpuProcStringReader: File not found. It's normal if not implemented: /proc/uid_time_in_state
10-13 12:27:43.156  2046  2080 W KernelCpuProcStringReader: File not found. It's normal if not implemented: /proc/uid_concurrent_active_time
10-13 12:27:43.157  2046  2080 W KernelCpuProcStringReader: File not found. It's normal if not implemented: /proc/uid_concurrent_policy_time
10-13 12:27:43.162  2046  2080 I BatteryStatsImpl: Resetting battery stats: level=100 status=4 dischargeLevel=100 lowAmount=0 highAmount=0
10-13 12:27:43.168  2046  2046 I HealthServiceWrapper: health: HealthServiceWrapper listening to instance default
10-13 12:27:43.168  2046  2046 I BatteryService: health: Waited 0ms and received the update.
10-13 12:27:43.169  2046  2046 I SystemServer: StartUsageService
10-13 12:27:43.169  2046  2046 I SystemServiceManager: Starting com.android.server.usage.UsageStatsService
10-13 12:27:43.202  2046  2080 E KernelCpuUidFreqTimeReader: Failed to read /proc/uid_time_in_state: java.nio.file.NoSuchFileException: /proc/uid_time_in_state
10-13 12:27:43.203  2046  2046 I UsageStatsService: User[0] Rollover scheduled @ 2022-10-12 15:35:36(1665610536518)
10-13 12:27:43.204  2046  2046 I SystemServer: StartWebViewUpdateService
10-13 12:27:43.205  2046  2046 I SystemServiceManager: Starting com.android.server.webkit.WebViewUpdateService
10-13 12:27:43.221  2046  2046 I SystemServer: StartCachedDeviceStateService
10-13 12:27:43.222  2046  2046 I SystemServiceManager: Starting com.android.server.CachedDeviceStateService
10-13 12:27:43.223  2046  2046 I SystemServer: StartBinderCallsStatsService
10-13 12:27:43.223  2046  2046 I SystemServiceManager: Starting com.android.server.BinderCallsStatsService$LifeCycle
10-13 12:27:43.224  2046  2046 I SystemServer: StartLooperStatsService
10-13 12:27:43.224  2046  2046 I SystemServiceManager: Starting com.android.server.LooperStatsService$Lifecycle
10-13 12:27:43.224  2046  2046 I SystemServer: StartRollbackManagerService
10-13 12:27:43.224  2046  2046 I SystemServiceManager: Starting com.android.server.rollback.RollbackManagerService
10-13 12:27:43.235  2046  2046 I SystemServer: StartBugreportManagerService
10-13 12:27:43.235  2046  2046 I SystemServiceManager: Starting com.android.server.os.BugreportManagerService
10-13 12:27:43.236  2046  2046 I SystemServer: GpuService
10-13 12:27:43.236  2046  2046 I SystemServiceManager: Starting com.android.server.gpu.GpuService
10-13 12:27:43.236  2046  2046 I SystemServer: StartKeyAttestationApplicationIdProviderService
10-13 12:27:43.238  2046  2046 I SystemServer: StartKeyChainSystemService
10-13 12:27:43.238  2046  2046 I SystemServiceManager: Starting com.android.server.security.KeyChainSystemService
10-13 12:27:43.238  2046  2046 I SystemServer: StartSchedulingPolicyService
10-13 12:27:43.239  2046  2046 I SystemServer: StartTelecomLoaderService
10-13 12:27:43.239  2046  2134 I SystemServer: SecondaryZygotePreload
10-13 12:27:43.240  2046  2046 I SystemServiceManager: Starting com.android.server.telecom.TelecomLoaderService
10-13 12:27:43.242  2046  2046 I SystemServer: StartTelephonyRegistry
10-13 12:27:43.243  2046  2046 I SystemServer: StartEntropyMixer
10-13 12:27:43.260  2046  2134 E SystemServer: Unable to preload default resources
10-13 12:27:43.265  2046  2046 I EntropyMixer: Added HW RNG output to entropy pool
10-13 12:27:43.265  2046  2046 I EntropyMixer: Writing entropy...
10-13 12:27:43.271  2046  2046 I SystemServer: StartAccountManagerService
10-13 12:27:43.271  2046  2046 I SystemServiceManager: Starting com.android.server.accounts.AccountManagerService$Lifecycle
10-13 12:27:43.277  2046  2046 I SystemServer: StartContentService
10-13 12:27:43.277  2046  2046 I SystemServiceManager: Starting com.android.server.content.ContentService$Lifecycle
10-13 12:27:43.287  2046  2046 I SystemServer: InstallSystemProviders
10-13 12:27:43.338  2046  2120 I PackageManager: Deferred reconcileAppsData finished 148 packages
10-13 12:27:43.349  2046  2046 I SystemServer: StartDropBoxManager
10-13 12:27:43.350  2046  2046 I SystemServiceManager: Starting com.android.server.DropBoxManagerService
10-13 12:27:43.350  2046  2046 I SystemServer: StartVibratorService
10-13 12:27:43.357  2046  2046 I SystemServer: StartDynamicSystemService
10-13 12:27:43.359  2046  2046 I SystemServer: StartConsumerIrService
10-13 12:27:43.360  2046  2046 I SystemServer: StartAlarmManagerService
10-13 12:27:43.367  2046  2046 I SystemServer: StartInputManagerService
10-13 12:27:43.369  2046  2046 I InputManager: Initializing input manager, mUseDevInputEventForAudioJack=true
10-13 12:27:43.374  2046  2046 I SystemServer: StartWindowManagerService
10-13 12:27:43.380  2046  2069 I WindowManager: No existing display settings, starting empty
10-13 12:27:43.391  2046  2046 I SystemServer: SetWindowManagerService
10-13 12:27:43.433  2046  2046 I SystemServer: WindowManagerServiceOnInitReady
10-13 12:27:43.524  2046  2046 I SystemServer: StartInputManager
10-13 12:27:43.524  2046  2046 I InputManager: Starting input manager
10-13 12:27:43.525  2046  2046 I SystemServer: DisplayManagerWindowManagerAndInputReady
10-13 12:27:43.525  2046  2046 I SystemServer: No Bluetooth Service (Bluetooth Hardware Not Present)
10-13 12:27:43.525  2046  2046 I SystemServer: IpConnectivityMetrics
10-13 12:27:43.525  2046  2046 I SystemServiceManager: Starting com.android.server.connectivity.IpConnectivityMetrics
10-13 12:27:43.530  2046  2046 I SystemServer: NetworkWatchlistService
10-13 12:27:43.530  2046  2046 I SystemServiceManager: Starting com.android.server.net.watchlist.NetworkWatchlistService$Lifecycle
10-13 12:27:43.594  2046  2046 I WatchlistSettings: Reload watchlist settings done
10-13 12:27:43.594  2046  2046 W SystemServiceManager: Service com.android.server.net.watchlist.NetworkWatchlistService$Lifecycle took 64 ms in onStart
10-13 12:27:43.594  2046  2142 I WatchlistLoggingHandler: Start aggregating watchlist records.
10-13 12:27:43.594  2046  2046 I SystemServer: PinnerService
10-13 12:27:43.594  2046  2046 I SystemServiceManager: Starting com.android.server.PinnerService
10-13 12:27:43.596  2046  2046 I SystemServer: SignedConfigService
10-13 12:27:43.666  2046  2046 I SystemServer: StartInputMethodManagerLifecycle
10-13 12:27:43.666  2046  2046 I SystemServiceManager: Starting com.android.server.inputmethod.InputMethodManagerService$Lifecycle
10-13 12:27:43.671  2046  2046 I SystemServer: StartAccessibilityManagerService
10-13 12:27:43.671  2046  2046 I SystemServiceManager: Starting com.android.server.accessibility.AccessibilityManagerService$Lifecycle
10-13 12:27:43.674  2046  2046 I SystemServer: MakeDisplayReady
10-13 12:27:43.811  2046  2046 I ActivityTaskManager: Config changes=20005df8 {1.0 ?mcc?mnc [en_US] ldltr sw392dp w392dp h713dp 440dpi nrml long port ?uimode ?night finger qwerty/v/v dpad/v winConfig={ mBounds=Rect(0, 0 - 1080, 2160) mAppBounds=Rect(0, 0 - 1080, 2028) mWindowingMode=fullscreen mDisplayWindowingMode=fullscreen mActivityType=undefined mAlwaysOnTop=undefined mRotation=ROTATION_0} s.2}
10-13 12:27:43.812  2046  2074 I UsageStatsService: User[0] Rolling over usage stats
10-13 12:27:43.818  2046  2046 I ActivityTaskManager: Override config changes=60007dfc {1.0 ?mcc?mnc [en_US] ldltr sw392dp w392dp h713dp 440dpi nrml long port ?uimode ?night finger qwerty/v/v dpad/v winConfig={ mBounds=Rect(0, 0 - 1080, 2160) mAppBounds=Rect(0, 0 - 1080, 2028) mWindowingMode=fullscreen mDisplayWindowingMode=fullscreen mActivityType=undefined mAlwaysOnTop=undefined mRotation=ROTATION_0} s.2} for displayId=0
10-13 12:27:43.825  2046  2046 I SystemServer: StartStorageManagerService
10-13 12:27:43.825  2046  2046 I SystemServiceManager: Starting com.android.server.StorageManagerService$Lifecycle
10-13 12:27:43.846  2046  2143 D StorageManagerService: Thinking about init, mBootCompleted=false, mDaemonConnected=true
10-13 12:27:43.846  2046  2143 D StorageManagerService: Thinking about reset, mBootCompleted=false, mDaemonConnected=true
10-13 12:27:43.846  2046  2046 I SystemServer: StartStorageStatsService
10-13 12:27:43.846  2046  2046 I SystemServiceManager: Starting com.android.server.usage.StorageStatsService$Lifecycle
10-13 12:27:43.853  2046  2046 I SystemServer: StartUiModeManager
10-13 12:27:43.853  2046  2046 I SystemServiceManager: Starting com.android.server.UiModeManagerService
10-13 12:27:43.855  2046  2046 I SystemServer: UpdatePackagesIfNeeded
10-13 12:27:43.855  2046  2046 I Watchdog: Pausing HandlerChecker: main thread for reason: dexopt. Pause count: 1
10-13 12:27:43.855  2046  2046 I Watchdog: Resuming HandlerChecker: main thread for reason: dexopt. Pause count: 0
10-13 12:27:43.855  2046  2046 I SystemServer: PerformFstrimIfNeeded
10-13 12:27:43.856  2046  2046 I SystemServer: StartLockSettingsService
10-13 12:27:43.856  2046  2046 I SystemServiceManager: Starting com.android.server.locksettings.LockSettingsService$Lifecycle
10-13 12:27:43.857  2046  2073 I ActivityTaskManager: Config changes=200 {1.0 ?mcc?mnc [en_US] ldltr sw392dp w392dp h713dp 440dpi nrml long port finger qwerty/v/v dpad/v winConfig={ mBounds=Rect(0, 0 - 1080, 2160) mAppBounds=Rect(0, 0 - 1080, 2028) mWindowingMode=fullscreen mDisplayWindowingMode=fullscreen mActivityType=undefined mAlwaysOnTop=undefined mRotation=ROTATION_0} s.4}
10-13 12:27:43.860  2046  2073 I ActivityTaskManager: Override config changes=200 {1.0 ?mcc?mnc [en_US] ldltr sw392dp w392dp h713dp 440dpi nrml long port finger qwerty/v/v dpad/v winConfig={ mBounds=Rect(0, 0 - 1080, 2160) mAppBounds=Rect(0, 0 - 1080, 2028) mWindowingMode=fullscreen mDisplayWindowingMode=fullscreen mActivityType=undefined mAlwaysOnTop=undefined mRotation=ROTATION_0} s.4} for displayId=0
10-13 12:27:43.890  2046  2046 I SystemServer: StartTestHarnessMode
10-13 12:27:43.890  2046  2046 I SystemServiceManager: Starting com.android.server.testharness.TestHarnessModeService
10-13 12:27:43.891  2046  2046 I OemLock : OemLock HAL not present on device
10-13 12:27:43.891  2046  2046 I SystemServer: StartDeviceIdleController
10-13 12:27:43.891  2046  2046 I SystemServiceManager: Starting com.android.server.DeviceIdleController
10-13 12:27:43.895  2046  2046 I SystemServer: StartDevicePolicyManager
10-13 12:27:43.895  2046  2046 I SystemServiceManager: Starting com.android.server.devicepolicy.DevicePolicyManagerService$Lifecycle
10-13 12:27:43.907  2046  2046 I SystemServer: StartStatusBarManagerService
10-13 12:27:43.910  2046  2046 D SystemServer: ContentCaptureService disabled because resource is not overlaid
10-13 12:27:43.911  2046  2046 D SystemServer: AttentionService is not configured on this device
10-13 12:27:43.911  2046  2046 I SystemServer: StartSystemCaptionsManagerService
10-13 12:27:43.911  2046  2046 I SystemServiceManager: Starting com.android.server.systemcaptions.SystemCaptionsManagerService
10-13 12:27:43.912  2046  2046 I SystemServer: StartAppPredictionService
10-13 12:27:43.914  2046  2046 I SystemServiceManager: Starting com.android.server.appprediction.AppPredictionManagerService
10-13 12:27:43.915  2046  2046 I SystemServer: StartContentSuggestionsService
10-13 12:27:43.917  2046  2046 I SystemServiceManager: Starting com.android.server.contentsuggestions.ContentSuggestionsManagerService
10-13 12:27:43.920  2046  2046 I SystemServer: InitNetworkStackClient
10-13 12:27:43.925  2046  2046 I SystemServer: StartNetworkManagementService
10-13 12:27:43.926  2046  2074 I UsageStatsService: User[0] Rollover scheduled @ 2022-10-14 12:27:43(1665772063810)
10-13 12:27:43.926  2046  2074 I UsageStatsService: User[0] Rolling over usage stats complete. Took 115 milliseconds
10-13 12:27:43.942  2046  2046 I SystemServer: StartIpSecService
10-13 12:27:43.943  2046  2046 I SystemServer: StartTextServicesManager
10-13 12:27:43.943  2046  2046 I SystemServiceManager: Starting com.android.server.textservices.TextServicesManagerService$Lifecycle
10-13 12:27:43.945  2046  2046 I SystemServer: StartTextClassificationManagerService
10-13 12:27:43.945  2046  2046 I SystemServiceManager: Starting com.android.server.textclassifier.TextClassificationManagerService$Lifecycle
10-13 12:27:43.947  2046  2046 I SystemServer: StartNetworkScoreService
10-13 12:27:43.947  2046  2046 I SystemServiceManager: Starting com.android.server.NetworkScoreService$Lifecycle
10-13 12:27:43.949  2046  2046 I SystemServer: StartNetworkStatsService
10-13 12:27:43.951  2046  2046 I SystemServer: StartNetworkPolicyManagerService
10-13 12:27:43.957  2046  2046 I SystemServer: StartWifi
10-13 12:27:43.996  2046  2046 I SystemServiceManager: Starting com.android.server.wifi.WifiService
10-13 12:27:44.314  2046  2046 I SystemServer: StartWifiScanning
10-13 12:27:44.314  2046  2046 I SystemServiceManager: Starting com.android.server.wifi.scanner.WifiScanningService
10-13 12:27:44.319  2046  2046 I SystemServer: StartWifiP2P
10-13 12:27:44.319  2046  2046 I SystemServiceManager: Starting com.android.server.wifi.p2p.WifiP2pService
10-13 12:27:44.335  2046  2046 I SystemServer: StartConnectivityService
10-13 12:27:44.342  2046  2046 D ConnectivityService: ConnectivityService starting up
10-13 12:27:44.347  2046  2046 D ConnectivityService: wifiOnly=false
10-13 12:27:44.358  2046  2046 I SystemServer: StartNsdService
10-13 12:27:44.360  2046  2046 D NsdService: Network service discovery is enabled
10-13 12:27:44.365  2046  2046 I SystemServer: StartSystemUpdateManagerService
10-13 12:27:44.366  2046  2046 I SystemUpdateManagerService: No existing info file /data/system/system-update-info.xml
10-13 12:27:44.366  2046  2046 I SystemServer: StartUpdateLockService
10-13 12:27:44.367  2046  2046 I SystemServer: StartNotificationManager
10-13 12:27:44.367  2046  2046 I SystemServiceManager: Starting com.android.server.notification.NotificationManagerService
10-13 12:27:44.390  2046  2046 D ConditionProviders.SCP: new ScheduleConditionProvider()
10-13 12:27:44.417  2046  2046 I NotificationListeners: Read notification listener permissions from xml
10-13 12:27:44.417  2046  2046 I NotificationAssistants: Read notification assistant permissions from xml
10-13 12:27:44.418  2046  2046 I ConditionProviders: Read condition provider permissions from xml
10-13 12:27:44.418  2046  2046 I ConditionProviders: Read condition provider permissions from xml
10-13 12:27:44.418  2046  2046 D NotificationAssistants: Approving default notification assistant for user 0
10-13 12:27:44.418  2046  2046 I ConditionProviders:  Allowing condition provider com.google.android.ext.services/android.ext.services.notification.Assistant
10-13 12:27:44.421  2046  2046 D NotificationService: Set default NAS to be com.google.android.ext.services/android.ext.services.notification.Assistant in 0
10-13 12:27:44.434  2046  2046 W SystemServiceManager: Service com.android.server.notification.NotificationManagerService took 61 ms in onStart
10-13 12:27:44.447  2046  2046 I SystemServer: StartDeviceMonitor
10-13 12:27:44.447  2046  2046 I SystemServiceManager: Starting com.android.server.storage.DeviceStorageMonitorService
10-13 12:27:44.460  2046  2046 I SystemServer: StartLocationManagerService
10-13 12:27:44.469  2046  2046 I SystemServer: StartCountryDetectorService
10-13 12:27:44.470  2046  2046 I SystemServer: StartTimeDetectorService
10-13 12:27:44.470  2046  2046 I SystemServiceManager: Starting com.android.server.timedetector.TimeDetectorService$Lifecycle
10-13 12:27:44.471  2046  2046 I SystemServer: StartSearchManagerService
10-13 12:27:44.472  2046  2046 I SystemServiceManager: Starting com.android.server.search.SearchManagerService$Lifecycle
10-13 12:27:44.473  2046  2046 I SystemServer: StartWallpaperManagerService
10-13 12:27:44.473  2046  2046 I SystemServiceManager: Starting com.android.server.wallpaper.WallpaperManagerService$Lifecycle
10-13 12:27:44.476  2046  2046 I SystemServer: StartAudioService
10-13 12:27:44.477  2046  2046 I SystemServiceManager: Starting com.android.server.audio.AudioService$Lifecycle
10-13 12:27:44.577  2046  2046 I SystemServer: StartDockObserver
10-13 12:27:44.577  2046  2046 I SystemServiceManager: Starting com.android.server.DockObserver
10-13 12:27:44.578  2046  2046 W DockObserver: This kernel does not have dock station support
10-13 12:27:44.581  2046  2046 I SystemServer: StartWiredAccessoryManager
10-13 12:27:44.581  2046  2046 W WiredAccessoryManager: This kernel does not have usb audio support
10-13 12:27:44.581  2046  2046 W WiredAccessoryManager: This kernel does not have HDMI audio support
10-13 12:27:44.581  2046  2046 I SystemServer: StartMidiManager
10-13 12:27:44.581  2046  2046 I SystemServiceManager: Starting com.android.server.midi.MidiService$Lifecycle
10-13 12:27:44.586  2046  2046 I SystemServer: StartAdbService
10-13 12:27:44.586  2046  2046 I SystemServiceManager: Starting com.android.server.adb.AdbService$Lifecycle
10-13 12:27:44.588  2046  2046 I SystemServer: StartUsbService
10-13 12:27:44.588  2046  2046 I SystemServiceManager: Starting com.android.server.usb.UsbService$Lifecycle
10-13 12:27:44.592  2046  2046 E UsbDeviceManager: failed to write to /sys/class/android_usb/android0/f_rndis/ethaddr
10-13 12:27:44.604  2046  2046 I UsbDeviceManager: USB GADGET HAL not present in the device
10-13 12:27:44.604  2046  2046 I UsbDeviceManager: java.util.NoSuchElementException
10-13 12:27:44.604  2046  2046 I UsbDeviceManager: 	at android.os.HwBinder.getService(Native Method)
10-13 12:27:44.604  2046  2046 I UsbDeviceManager: 	at android.hardware.usb.gadget.V1_0.IUsbGadget.getService(IUsbGadget.java:55)
10-13 12:27:44.604  2046  2046 I UsbDeviceManager: 	at android.hardware.usb.gadget.V1_0.IUsbGadget.getService(IUsbGadget.java:62)
10-13 12:27:44.604  2046  2046 I UsbDeviceManager: 	at com.android.server.usb.UsbDeviceManager.<init>(UsbDeviceManager.java:262)
10-13 12:27:44.604  2046  2046 I UsbDeviceManager: 	at com.android.server.usb.UsbService.<init>(UsbService.java:150)
10-13 12:27:44.604  2046  2046 I UsbDeviceManager: 	at com.android.server.usb.UsbService$Lifecycle.onStart(UsbService.java:84)
10-13 12:27:44.604  2046  2046 I UsbDeviceManager: 	at com.android.server.SystemServiceManager.startService(SystemServiceManager.java:129)
10-13 12:27:44.604  2046  2046 I UsbDeviceManager: 	at com.android.server.SystemServiceManager.startService(SystemServiceManager.java:116)
10-13 12:27:44.604  2046  2046 I UsbDeviceManager: 	at com.android.server.SystemServiceManager.startService(SystemServiceManager.java:75)
10-13 12:27:44.604  2046  2046 I UsbDeviceManager: 	at com.android.server.SystemServer.startOtherServices(SystemServer.java:1532)
10-13 12:27:44.604  2046  2046 I UsbDeviceManager: 	at com.android.server.SystemServer.run(SystemServer.java:512)
10-13 12:27:44.604  2046  2046 I UsbDeviceManager: 	at com.android.server.SystemServer.main(SystemServer.java:349)
10-13 12:27:44.604  2046  2046 I UsbDeviceManager: 	at java.lang.reflect.Method.invoke(Native Method)
10-13 12:27:44.604  2046  2046 I UsbDeviceManager: 	at com.android.internal.os.RuntimeInit$MethodAndArgsCaller.run(RuntimeInit.java:492)
10-13 12:27:44.604  2046  2046 I UsbDeviceManager: 	at com.android.internal.os.ZygoteInit.main(ZygoteInit.java:908)
10-13 12:27:44.605  2046  2046 E UsbDeviceManager: Failed to open control for mtp
10-13 12:27:44.605  2046  2046 E UsbDeviceManager: Failed to open control for ptp
10-13 12:27:44.622  2046  2046 W StorageManagerService: No primary storage defined yet; hacking together a stub
10-13 12:27:44.629  2046  2046 E UsbPortManager: connectToProxy: usb hal service not found. Did the service fail to start?
10-13 12:27:44.629  2046  2046 E UsbPortManager: java.util.NoSuchElementException
10-13 12:27:44.629  2046  2046 E UsbPortManager: 	at android.os.HwBinder.getService(Native Method)
10-13 12:27:44.629  2046  2046 E UsbPortManager: 	at android.os.HwBinder.getService(HwBinder.java:83)
10-13 12:27:44.629  2046  2046 E UsbPortManager: 	at android.hardware.usb.V1_0.IUsb.getService(IUsb.java:70)
10-13 12:27:44.629  2046  2046 E UsbPortManager: 	at android.hardware.usb.V1_0.IUsb.getService(IUsb.java:77)
10-13 12:27:44.629  2046  2046 E UsbPortManager: 	at com.android.server.usb.UsbPortManager.connectToProxy(UsbPortManager.java:780)
10-13 12:27:44.629  2046  2046 E UsbPortManager: 	at com.android.server.usb.UsbPortManager.<init>(UsbPortManager.java:175)
10-13 12:27:44.629  2046  2046 E UsbPortManager: 	at com.android.server.usb.UsbService.<init>(UsbService.java:153)
10-13 12:27:44.629  2046  2046 E UsbPortManager: 	at com.android.server.usb.UsbService$Lifecycle.onStart(UsbService.java:84)
