10-13 15:08:45.961  2046  2066 W Looper  : Drained
10-13 15:08:45.965  2046  2067 W Looper  : Slow dispatch took 148ms android.ui h=com.android.server.am.ActivityManagerService$UiHandler c=null m=53
10-13 15:08:46.278  2046  2046 W Looper  : Slow dispatch took 204ms main h=com.android.server.job.JobSchedulerService$JobHandler c=null m=3
10-13 15:08:46.531  2046  2062 W ActivityManager: Slow operation: 118ms so far, now at startProcess: done creating new process record
10-13 15:08:46.531  2046  2062 W ActivityManager: Slow operation: 119ms so far, now at startProcess: stepping in to startProcess
10-13 15:08:46.532  2046  2062 W ActivityManager: Slow operation: 120ms so far, now at startProcess: done starting proc!
10-13 15:08:46.559  2046  2062 I ActivityManager: Killing 3418:android.process.media/u0a45 (adj 985): empty #17
10-13 15:08:46.610  2046  2076 W ActivityManager: Slow operation: 79ms so far, now at startProcess: returned from zygote!
10-13 15:08:46.611  2046  2076 W ActivityManager: Slow operation: 80ms so far, now at startProcess: done updating battery stats
10-13 15:08:46.611  2046  2076 W ActivityManager: Slow operation: 80ms so far, now at startProcess: building log message
10-13 15:08:46.611  2046  2076 I ActivityManager: Start proc 5275:com.google.process.gapps/u0a131 for broadcast {com.google.android.syncadapters.contacts/com.google.android.syncadapters.contacts.ContactsSyncAdapterBroadcastReceiver}
10-13 15:08:46.611  2046  2076 W ActivityManager: Slow operation: 80ms so far, now at startProcess: starting to update pids map
10-13 15:08:46.613  2046  2076 W ActivityManager: Slow operation: 82ms so far, now at startProcess: done updating pids map
10-13 15:08:46.920  2046  2062 W ActivityManager: Slow operation: 55ms so far, now at attachApplicationLocked: immediately after bindApplication
10-13 15:08:46.920  2046  2062 W ActivityManager: Slow operation: 55ms so far, now at attachApplicationLocked: after updateLruProcessLocked
10-13 15:08:46.921  2046  2062 W ActivityManager: Slow operation: 57ms so far, now at attachApplicationLocked: after mServices.attachApplicationLocked
10-13 15:08:46.994  2046  2062 W ActivityManager: Slow operation: 129ms so far, now at attachApplicationLocked: after sendPendingBroadcastsLocked
10-13 15:08:47.807  2046  2046 W Looper  : Slow dispatch took 197ms main h=com.android.server.job.JobSchedulerService$JobHandler c=null m=3
10-13 15:08:48.086  2046  2046 W Looper  : Slow dispatch took 196ms main h=android.app.job.JobServiceEngine$JobHandler c=null m=0
10-13 15:08:48.086  2046  2046 W Looper  : Slow delivery took 213ms main h=com.android.server.notification.NotificationManagerService$WorkerHandler c=com.android.server.notification.NotificationManagerService$CancelNotificationRunnable@d35ef52 m=0
10-13 15:08:48.128  2046  2867 I ActivityManager: Killing 4663:com.google.android.apps.wallpaper/u0a96 (adj 985): empty #17
10-13 15:08:48.137  2046  2046 W Looper  : Drained
10-13 15:08:48.340  2046  2076 W ActivityManager: Slow operation: 248ms so far, now at startProcess: returned from zygote!
10-13 15:08:48.418  2046  2076 W ActivityManager: Slow operation: 327ms so far, now at startProcess: done updating battery stats
10-13 15:08:48.419  2046  2076 W ActivityManager: Slow operation: 328ms so far, now at startProcess: building log message
10-13 15:08:48.419  2046  2076 I ActivityManager: Start proc 5326:com.google.android.videos/u0a121 for broadcast {com.google.android.videos/com.google.android.apps.play.movies.common.service.drm.RefreshLicenseTaskService$Initializer}
10-13 15:08:48.420  2046  2076 W ActivityManager: Slow operation: 328ms so far, now at startProcess: starting to update pids map
10-13 15:08:48.421  2046  2076 W ActivityManager: Slow operation: 329ms so far, now at startProcess: done updating pids map
10-13 15:08:48.596  2046  4163 W ActivityManager: Slow operation: 104ms so far, now at attachApplicationLocked: immediately after bindApplication
10-13 15:08:48.596  2046  4163 W ActivityManager: Slow operation: 104ms so far, now at attachApplicationLocked: after updateLruProcessLocked
10-13 15:08:48.601  2046  4163 W ActivityManager: Slow operation: 109ms so far, now at attachApplicationLocked: after mServices.attachApplicationLocked
10-13 15:08:48.621  2046  4163 W ActivityManager: Slow operation: 129ms so far, now at attachApplicationLocked: after sendPendingBroadcastsLocked
10-13 15:08:48.702  2046  2046 W Looper  : Slow dispatch took 251ms main h=com.android.server.job.JobSchedulerService$JobHandler c=null m=1
10-13 15:08:49.466  2046  2867 I ActivityManager: Killing 3786:com.android.providers.calendar/u0a49 (adj 985): empty #17
10-13 15:08:50.686  2046  2046 W Looper  : Slow dispatch took 111ms main h=com.android.server.job.JobSchedulerService$JobHandler c=null m=3
10-13 15:08:51.387  2046  2076 W ActivityManager: Slow operation: 283ms so far, now at startProcess: returned from zygote!
10-13 15:08:51.389  2046  2076 W ActivityManager: Slow operation: 285ms so far, now at startProcess: done updating battery stats
10-13 15:08:51.389  2046  2076 W ActivityManager: Slow operation: 285ms so far, now at startProcess: building log message
10-13 15:08:51.389  2046  2076 I ActivityManager: Start proc 5399:com.android.vending/u0a94 for service {com.android.vending/com.google.android.finsky.contentfilterui.ContentFiltersService}
10-13 15:08:51.389  2046  2076 W ActivityManager: Slow operation: 285ms so far, now at startProcess: starting to update pids map
10-13 15:08:51.389  2046  2076 W ActivityManager: Slow operation: 285ms so far, now at startProcess: done updating pids map
10-13 15:08:51.721  2046  2046 W Looper  : Slow dispatch took 137ms main h=android.app.ActivityThread$H c=android.app.LoadedApk$ServiceDispatcher$RunConnection@f0fa43e m=0
10-13 15:08:51.791  2046  2210 W ActivityManager: Slow operation: 195ms so far, now at attachApplicationLocked: immediately after bindApplication
10-13 15:08:51.791  2046  2210 W ActivityManager: Slow operation: 196ms so far, now at attachApplicationLocked: after updateLruProcessLocked
10-13 15:08:51.824  2046  2210 W ActivityManager: Slow operation: 228ms so far, now at attachApplicationLocked: after mServices.attachApplicationLocked
10-13 15:08:51.849  2046  2046 W Looper  : Slow dispatch took 119ms main h=android.app.job.JobServiceEngine$JobHandler c=null m=2
10-13 15:08:52.130  2046  2076 W ActivityManager: Slow operation: 91ms so far, now at startProcess: returned from zygote!
10-13 15:08:52.130  2046  2076 W ActivityManager: Slow operation: 91ms so far, now at startProcess: done updating battery stats
10-13 15:08:52.131  2046  2076 W ActivityManager: Slow operation: 92ms so far, now at startProcess: building log message
10-13 15:08:52.131  2046  2076 I ActivityManager: Start proc 5431:com.android.providers.calendar/u0a49 for content provider {com.android.providers.calendar/com.android.providers.calendar.CalendarProvider2}
10-13 15:08:52.133  2046  2076 W ActivityManager: Slow operation: 94ms so far, now at startProcess: starting to update pids map
10-13 15:08:52.135  2046  2076 W ActivityManager: Slow operation: 96ms so far, now at startProcess: done updating pids map
10-13 15:08:54.643  2046  2046 W Looper  : Slow dispatch took 482ms main h=android.app.ActivityThread$H c=android.app.-$$Lambda$LoadedApk$ReceiverDispatcher$Args$_BumDX2UKsnxLVrE6UJsJZkotuA@4627bd4 m=0
10-13 15:08:54.651  2046  2046 W Looper  : Slow delivery took 482ms main h=android.app.ActivityThread$H c=android.app.-$$Lambda$LoadedApk$ReceiverDispatcher$Args$_BumDX2UKsnxLVrE6UJsJZkotuA@9a1817d m=0
10-13 15:08:55.153  2046  2066 W Looper  : Slow dispatch took 986ms android.fg h=android.os.Handler c=android.app.-$$Lambda$LoadedApk$ReceiverDispatcher$Args$_BumDX2UKsnxLVrE6UJsJZkotuA@e3583a5 m=0
10-13 15:08:55.333  2046  2066 W Looper  : Slow delivery took 986ms android.fg h=android.os.Handler c=android.app.-$$Lambda$LoadedApk$ReceiverDispatcher$Args$_BumDX2UKsnxLVrE6UJsJZkotuA@dcdcf1e m=0
10-13 15:08:55.333  2046  2066 W Looper  : Slow dispatch took 180ms android.fg h=android.os.Handler c=android.app.-$$Lambda$LoadedApk$ReceiverDispatcher$Args$_BumDX2UKsnxLVrE6UJsJZkotuA@dcdcf1e m=0
10-13 15:08:55.399  2046  4454 D BackupTransportManager: Transport com.google.android.gms/.backup.BackupTransportService updated its attributes
10-13 15:08:55.457  2046  2066 W Looper  : Slow dispatch took 123ms android.fg h=android.os.Handler c=android.app.-$$Lambda$LoadedApk$ReceiverDispatcher$Args$_BumDX2UKsnxLVrE6UJsJZkotuA@af6a3f6 m=0
10-13 15:08:55.673  2046  2066 W Looper  : Slow dispatch took 197ms android.fg h=android.os.Handler c=android.app.-$$Lambda$LoadedApk$ReceiverDispatcher$Args$_BumDX2UKsnxLVrE6UJsJZkotuA@a11b885 m=0
10-13 15:08:56.000  2046  2046 W Looper  : Slow dispatch took 1349ms main h=android.app.ActivityThread$H c=android.app.-$$Lambda$LoadedApk$ReceiverDispatcher$Args$_BumDX2UKsnxLVrE6UJsJZkotuA@98fd2c4 m=0
10-13 15:08:56.029  2046  2066 W Looper  : Slow dispatch took 184ms android.fg h=android.os.Handler c=<recycled PooledLambda@c0ca5ad> m=0
10-13 15:08:56.325  2046  2066 W Looper  : Drained
10-13 15:08:57.055  2046  4636 D ConnectivityService: requestNetwork for uid/pid:10104/5122 NetworkRequest [ TRACK_DEFAULT id=39, [ Capabilities: INTERNET&NOT_RESTRICTED&TRUSTED Uid: 10104] ]
10-13 15:08:57.786  2046  5263 W ActivityManager: Slow operation: 199ms so far, now at getContentProviderImpl: before checkContentProviderPermission
10-13 15:08:57.786  2046  5263 W ActivityManager: Slow operation: 199ms so far, now at getContentProviderImpl: after checkContentProviderPermission
10-13 15:08:57.786  2046  5263 W ActivityManager: Slow operation: 199ms so far, now at getContentProviderImpl: incProviderCountLocked
10-13 15:08:57.787  2046  5263 W ActivityManager: Slow operation: 201ms so far, now at getContentProviderImpl: before updateLruProcess
10-13 15:08:57.788  2046  5263 W ActivityManager: Slow operation: 201ms so far, now at getContentProviderImpl: after updateLruProcess
10-13 15:08:57.788  2046  5263 W ActivityManager: Slow operation: 201ms so far, now at getContentProviderImpl: before updateOomAdj
10-13 15:08:57.822  2046  5263 W ActivityManager: Slow operation: 235ms so far, now at getContentProviderImpl: after updateOomAdj
10-13 15:08:57.823  2046  5263 W ActivityManager: Slow operation: 236ms so far, now at getContentProviderImpl: done!
10-13 15:08:57.881  2046  2066 W Looper  : Slow dispatch took 636ms android.fg h=android.os.Handler c=com.android.server.Watchdog$HandlerChecker@f3e996 m=0
10-13 15:08:57.884  2046  2066 W Looper  : Slow delivery took 323ms android.fg h=com.android.server.location.GnssLocationProvider$ProviderHandler c=null m=18
10-13 15:08:57.885  2046  2066 W Looper  : Drained
10-13 15:08:58.109  2046  2067 W Looper  : Slow dispatch took 174ms android.ui h=com.android.server.am.ActivityManagerService$UiHandler c=null m=53
10-13 15:08:59.024  2046  2046 W Looper  : Slow dispatch took 2914ms main h=android.app.ActivityThread$H c=android.app.-$$Lambda$LoadedApk$ReceiverDispatcher$Args$_BumDX2UKsnxLVrE6UJsJZkotuA@4b5f55f m=0
10-13 15:08:59.034  2046  2046 I Telecom : DefaultDialerCache: Refreshing default dialer for user 0: now com.android.dialer: DDC.oR@AEo
10-13 15:08:59.077  2046  2076 W ActivityManager: Slow operation: 1148ms so far, now at startProcess: returned from zygote!
10-13 15:08:59.077  2046  2076 W ActivityManager: Slow operation: 1148ms so far, now at startProcess: done updating battery stats
10-13 15:08:59.077  2046  2076 W ActivityManager: Slow operation: 1148ms so far, now at startProcess: building log message
10-13 15:08:59.077  2046  2076 I ActivityManager: Start proc 5531:com.google.android.youtube/u0a132 for broadcast {com.google.android.youtube/com.google.android.libraries.notifications.entrypoints.restart.RestartReceiver}
10-13 15:08:59.077  2046  2076 W ActivityManager: Slow operation: 1148ms so far, now at startProcess: starting to update pids map
10-13 15:08:59.078  2046  2076 W ActivityManager: Slow operation: 1150ms so far, now at startProcess: done updating pids map
10-13 15:08:59.308  2046  2046 W Looper  : Slow dispatch took 161ms main h=com.android.server.job.JobSchedulerService$JobHandler c=null m=1
10-13 15:08:59.830  2046  4938 W ActivityManager: Slow operation: 77ms so far, now at attachApplicationLocked: immediately after bindApplication
10-13 15:08:59.830  2046  4938 W ActivityManager: Slow operation: 77ms so far, now at attachApplicationLocked: after updateLruProcessLocked
10-13 15:08:59.831  2046  4938 W ActivityManager: Slow operation: 78ms so far, now at attachApplicationLocked: after mServices.attachApplicationLocked
10-13 15:08:59.982  2046  4938 W ActivityManager: Slow operation: 228ms so far, now at attachApplicationLocked: after sendPendingBroadcastsLocked
10-13 15:09:00.319  2046  2067 W Looper  : Slow dispatch took 484ms android.ui h=com.android.server.am.ActivityManagerService$UiHandler c=null m=53
10-13 15:09:03.836  2046  2046 W Looper  : Slow dispatch took 4300ms main h=android.app.job.JobServiceEngine$JobHandler c=null m=1
10-13 15:09:03.840  2046  2877 W ProcessStats: Tracking association SourceState{6d365eb com.google.android.gms/10099 ImpFg #3059} whose proc state 2 is better than process ProcessState{fd22f48 com.android.vending/10094 pkg=com.android.vending} proc state 3 (22 skipped)
10-13 15:09:04.021  2046  2046 W Looper  : Slow dispatch took 184ms main h=com.android.server.media.MediaRouterService$UserHandler c=null m=8
10-13 15:09:04.649  2046  2046 W Looper  : Drained
10-13 15:09:04.649  2046  2046 W Looper  : Slow dispatch took 396ms main h=android.app.job.JobServiceEngine$JobHandler c=null m=0
10-13 15:09:05.012  2046  2067 W Looper  : Slow dispatch took 187ms android.ui h=com.android.server.am.ActivityManagerService$UiHandler c=null m=53
10-13 15:09:06.628  2046  5263 I DropBoxManagerService: add tag=keymaster isTagEnabled=true flags=0x0
10-13 15:09:06.845  2743  5617 D ActivityThread: Loading provider com.google.android.gms.chromesync: com.google.android.gms.chromesync.sync.SyncContentProvider
10-13 15:09:07.073  2046  2076 W ActivityManager: Slow operation: 486ms so far, now at startProcess: returned from zygote!
10-13 15:09:07.079  2046  2076 W ActivityManager: Slow operation: 492ms so far, now at startProcess: done updating battery stats
10-13 15:09:07.079  2046  2076 W ActivityManager: Slow operation: 492ms so far, now at startProcess: building log message
10-13 15:09:07.079  2046  2076 I ActivityManager: Start proc 5629:android.process.media/u0a45 for content provider {com.android.providers.downloads/com.android.providers.downloads.DownloadProvider}
10-13 15:09:07.079  2046  2076 W ActivityManager: Slow operation: 492ms so far, now at startProcess: starting to update pids map
10-13 15:09:07.098  2046  2076 W ActivityManager: Slow operation: 511ms so far, now at startProcess: done updating pids map
10-13 15:09:07.583  2046  2303 W ActivityManager: Slow operation: 53ms so far, now at attachApplicationLocked: immediately after bindApplication
10-13 15:09:07.583  2046  2303 W ActivityManager: Slow operation: 53ms so far, now at attachApplicationLocked: after updateLruProcessLocked
10-13 15:09:07.589  2046  2303 W ActivityManager: Slow operation: 59ms so far, now at attachApplicationLocked: after mServices.attachApplicationLocked
10-13 15:09:07.595  2046  2303 W ActivityManager: Slow operation: 65ms so far, now at attachApplicationLocked: after updateOomAdjLocked
10-13 15:09:08.018  2046  4019 D ConnectivityService: requestNetwork for uid/pid:10132/5531 NetworkRequest [ TRACK_DEFAULT id=40, [ Capabilities: INTERNET&NOT_RESTRICTED&TRUSTED Uid: 10132] ]
10-13 15:09:09.133  2046  2877 D ConnectivityService: requestNetwork for uid/pid:10132/5531 NetworkRequest [ TRACK_DEFAULT id=41, [ Capabilities: INTERNET&NOT_RESTRICTED&TRUSTED Uid: 10132] ]
10-13 15:09:09.685  2743  5487 D ActivityThread: Loading provider com.google.android.gms.download: com.google.android.gms.common.download.provider.DownloadsProvider
10-13 15:09:10.392  2046  2137 W ActivityManager: Unable to start service Intent { act=com.google.android.gms.drive.ApiService.RESET_AFTER_BOOT flg=0x4 cmp=com.google.android.gms/.drive.api.ApiService (has extras) } U=0: not found
10-13 15:09:10.814  2046  2062 I DropBoxManagerService: add tag=event_log isTagEnabled=true flags=0x2
10-13 15:09:14.026  2046  4454 I ActivityManager: Killing 4715:com.google.android.configupdater/u0a103 (adj 985): empty #17
10-13 15:09:14.417  2046  5263 W ProcessStats: Tracking association SourceState{98c6ab2 com.google.android.gms/10099 ImpFg #3294} whose proc state 2 is better than process ProcessState{f7da03 com.google.android.gms.unstable/10099 pkg=com.google.android.gms} proc state 3 (25 skipped)
10-13 15:09:14.797  2046  2076 W ActivityManager: Slow operation: 175ms so far, now at startProcess: returned from zygote!
10-13 15:09:14.798  2046  2076 W ActivityManager: Slow operation: 176ms so far, now at startProcess: done updating battery stats
10-13 15:09:14.798  2046  2076 W ActivityManager: Slow operation: 177ms so far, now at startProcess: building log message
10-13 15:09:14.800  2046  2076 I ActivityManager: Start proc 5806:com.android.vending:background/u0a94 for service {com.android.vending/com.google.android.finsky.ipcservers.background.BackgroundGrpcServerAndroidService}
10-13 15:09:14.800  2046  2076 W ActivityManager: Slow operation: 178ms so far, now at startProcess: starting to update pids map
10-13 15:09:14.801  2046  2076 W ActivityManager: Slow operation: 179ms so far, now at startProcess: done updating pids map
10-13 15:09:15.284  2046  5263 W ActivityManager: Slow operation: 78ms so far, now at attachApplicationLocked: immediately after bindApplication
10-13 15:09:15.285  2046  5263 W ActivityManager: Slow operation: 79ms so far, now at attachApplicationLocked: after updateLruProcessLocked
10-13 15:09:15.485  2046  5263 W ActivityManager: Slow operation: 279ms so far, now at attachApplicationLocked: after mServices.attachApplicationLocked
10-13 15:09:15.546  2046  2067 W Looper  : Slow dispatch took 240ms android.ui h=com.android.server.am.ActivityManagerService$UiHandler c=null m=53
10-13 15:09:17.106  2046  2067 W Looper  : Slow dispatch took 171ms android.ui h=com.android.server.am.ActivityManagerService$UiHandler c=null m=53
10-13 15:09:17.355  2046  4019 D ConnectivityService: requestNetwork for uid/pid:10116/3828 NetworkRequest [ TRACK_DEFAULT id=43, [ Capabilities: INTERNET&NOT_RESTRICTED&TRUSTED Uid: 10116] ]
10-13 15:09:17.614  2046  2867 D ConnectivityService: requestNetwork for uid/pid:10104/5122 NetworkRequest [ TRACK_DEFAULT id=45, [ Capabilities: INTERNET&NOT_RESTRICTED&TRUSTED Uid: 10104] ]
10-13 15:09:19.026  2046  2881 D ConnectivityService: requestNetwork for uid/pid:10094/5806 NetworkRequest [ TRACK_DEFAULT id=47, [ Capabilities: INTERNET&NOT_RESTRICTED&TRUSTED Uid: 10094] ]
10-13 15:09:19.812  2046  2046 W Looper  : Slow delivery took 284ms main h=android.app.job.JobServiceEngine$JobHandler c=null m=2
10-13 15:09:20.027  2046  2046 W Looper  : Drained
10-13 15:09:20.027  2046  2046 W Looper  : Slow dispatch took 215ms main h=com.android.server.job.JobSchedulerService$JobHandler c=null m=3
10-13 15:09:20.027  2046  2046 W Looper  : Slow delivery took 425ms main h=com.android.server.AlarmManagerService$AlarmHandler c=null m=8
10-13 15:09:20.191  2046  2046 W Looper  : Slow dispatch took 164ms main h=com.android.server.job.JobSchedulerService$JobHandler c=null m=1
10-13 15:09:20.317  2046  2046 W Looper  : Slow dispatch took 105ms main h=com.android.server.job.JobSchedulerService$JobHandler c=null m=3
10-13 15:09:20.773  2046  2046 W Looper  : Slow dispatch took 298ms main h=com.android.server.job.JobSchedulerService$JobHandler c=null m=3
10-13 15:09:20.775  2046  2046 W Looper  : Drained
10-13 15:09:21.214  2046  2046 W Looper  : Slow dispatch took 433ms main h=com.android.server.job.JobSchedulerService$JobHandler c=null m=3
10-13 15:09:21.214  2046  2046 W Looper  : Slow delivery took 377ms main h=com.android.server.AlarmManagerService$AlarmHandler c=null m=8
10-13 15:09:21.442  2046  2046 W Looper  : Drained
10-13 15:09:21.442  2046  2046 W Looper  : Slow dispatch took 198ms main h=com.android.server.job.JobSchedulerService$JobHandler c=null m=3
10-13 15:09:22.866  2046  2845 D ConnectivityService: requestNetwork for uid/pid:10132/5531 NetworkRequest [ TRACK_DEFAULT id=48, [ Capabilities: INTERNET&NOT_RESTRICTED&TRUSTED Uid: 10132] ]
10-13 15:09:25.057  2046  2067 W Looper  : Slow dispatch took 120ms android.ui h=com.android.server.am.ActivityManagerService$UiHandler c=null m=53
10-13 15:09:30.670  2046  4019 I ActivityManager: Killing 4767:com.google.android.deskclock/u0a125 (adj 975): empty #17
10-13 15:09:31.255  2046  4938 W ActivityManager: Unable to start service Intent { act=com.google.android.gms.nearby.discovery:ACTION_INIT_MESSAGES_PATH cmp=com.google.android.gms/.nearby.discovery.service.DiscoveryService } U=0: not found
10-13 15:09:32.575  2046  2877 D ConnectivityService: requestNetwork for uid/pid:10132/5531 NetworkRequest [ TRACK_DEFAULT id=49, [ Capabilities: INTERNET&NOT_RESTRICTED&TRUSTED Uid: 10132] ]
10-13 15:09:34.127  2046  4454 I ActivityManager: Killing 4869:com.google.android.setupwizard/u0a95 (adj 985): empty #17
10-13 15:09:34.138  2046  2046 I RoleManagerService: Granting default permissions...
10-13 15:09:34.162  2046  2046 W Looper  : Slow dispatch took 125ms main h=android.app.ActivityThread$H c=android.app.-$$Lambda$LoadedApk$ReceiverDispatcher$Args$_BumDX2UKsnxLVrE6UJsJZkotuA@750128e m=0
10-13 15:09:34.256  2046  2066 W Looper  : Slow dispatch took 219ms android.fg h=android.os.Handler c=android.app.-$$Lambda$LoadedApk$ReceiverDispatcher$Args$_BumDX2UKsnxLVrE6UJsJZkotuA@f3ec99a m=0
10-13 15:09:34.517  2046  2066 W Looper  : Slow delivery took 219ms android.fg h=android.os.Handler c=android.app.-$$Lambda$LoadedApk$ReceiverDispatcher$Args$_BumDX2UKsnxLVrE6UJsJZkotuA@12640fd m=0
10-13 15:09:34.517  2046  2066 W Looper  : Slow dispatch took 261ms android.fg h=android.os.Handler c=android.app.-$$Lambda$LoadedApk$ReceiverDispatcher$Args$_BumDX2UKsnxLVrE6UJsJZkotuA@12640fd m=0
10-13 15:09:34.682  2046  2046 W Looper  : Slow dispatch took 517ms main h=android.app.ActivityThread$H c=android.app.-$$Lambda$LoadedApk$ReceiverDispatcher$Args$_BumDX2UKsnxLVrE6UJsJZkotuA@95bb2ab m=0
10-13 15:09:34.683  2046  2046 W Looper  : Slow delivery took 648ms main h=android.app.ActivityThread$H c=android.app.-$$Lambda$LoadedApk$ReceiverDispatcher$Args$_BumDX2UKsnxLVrE6UJsJZkotuA@7bd5d08 m=0
10-13 15:09:34.690  2046  2066 W Looper  : Drained
10-13 15:09:34.755  2046  2076 W ActivityManager: Slow operation: 631ms so far, now at startProcess: returned from zygote!
10-13 15:09:34.755  2046  2076 W ActivityManager: Slow operation: 631ms so far, now at startProcess: done updating battery stats
10-13 15:09:34.755  2046  2076 W ActivityManager: Slow operation: 631ms so far, now at startProcess: building log message
10-13 15:09:34.755  2046  2076 I ActivityManager: Start proc 5991:host.exp.exponent/u0a140 for broadcast {host.exp.exponent/abi38_0_0.expo.modules.notifications.notifications.service.ScheduledAlarmReceiver}
10-13 15:09:34.755  2046  2076 W ActivityManager: Slow operation: 632ms so far, now at startProcess: starting to update pids map
10-13 15:09:34.768  2046  2076 W ActivityManager: Slow operation: 644ms so far, now at startProcess: done updating pids map
10-13 15:09:34.906  2046  2046 W Looper  : Slow dispatch took 219ms main h=android.app.ActivityThread$H c=android.app.-$$Lambda$LoadedApk$ReceiverDispatcher$Args$_BumDX2UKsnxLVrE6UJsJZkotuA@42d5380 m=0
10-13 15:09:34.907  2046  2046 I Telecom : DefaultDialerCache: Refreshing default dialer for user 0: now com.android.dialer: DDC.oR@AEs
10-13 15:09:35.136  2046  2046 W Looper  : Slow dispatch took 129ms main h=com.android.server.job.JobSchedulerService$JobHandler c=null m=4
10-13 15:09:35.261  2046  2877 W ActivityManager: Slow operation: 68ms so far, now at attachApplicationLocked: immediately before bindApplication
10-13 15:09:35.549  2046  2877 W ActivityManager: Slow operation: 356ms so far, now at attachApplicationLocked: immediately after bindApplication
10-13 15:09:35.549  2046  2877 W ActivityManager: Slow operation: 356ms so far, now at attachApplicationLocked: after updateLruProcessLocked
10-13 15:09:35.550  2046  2877 W ActivityManager: Slow operation: 357ms so far, now at attachApplicationLocked: after mServices.attachApplicationLocked
10-13 15:09:35.554  2046  2877 W ActivityManager: Slow operation: 361ms so far, now at attachApplicationLocked: after sendPendingBroadcastsLocked
10-13 15:09:35.563  2046  2067 W Looper  : Slow dispatch took 406ms android.ui h=com.android.server.am.ActivityManagerService$UiHandler c=null m=53
10-13 15:09:35.580  5138  5995 I SystemConfig: Adding association: com.google.android.as <- com.android.providers.contacts
10-13 15:09:35.580  5138  5995 I SystemConfig: Adding association: com.google.android.as <- com.android.providers.media
10-13 15:09:35.580  5138  5995 I SystemConfig: Adding association: com.google.android.as <- com.android.providers.telephony
10-13 15:09:35.580  5138  5995 I SystemConfig: Adding association: com.google.android.as <- com.android.systemui
10-13 15:09:35.580  5138  5995 I SystemConfig: Adding association: com.google.android.as <- com.google.android.gms
10-13 15:09:35.580  5138  5995 I SystemConfig: Adding association: com.google.android.as <- com.google.android.gsf
10-13 15:09:35.678  2046  2046 W Looper  : Slow dispatch took 438ms main h=com.android.server.job.JobSchedulerService$JobHandler c=null m=1
10-13 15:09:35.806  2046  2046 W Looper  : Slow dispatch took 128ms main h=com.android.server.job.JobSchedulerService$JobHandler c=null m=4
10-13 15:09:35.994  5138  5995 W SystemConfig: No directory /product_services/etc/sysconfig, skipping
10-13 15:09:35.994  5138  5995 W SystemConfig: No directory /product_services/etc/permissions, skipping
10-13 15:09:36.077  2046  2046 W Looper  : Drained
10-13 15:09:36.239  2046  2076 W ActivityManager: Slow operation: 644ms so far, now at startProcess: returned from zygote!
10-13 15:09:36.240  2046  2076 W ActivityManager: Slow operation: 645ms so far, now at startProcess: done updating battery stats
10-13 15:09:36.324  2046  2076 W ActivityManager: Slow operation: 729ms so far, now at startProcess: building log message
10-13 15:09:36.324  2046  2076 I ActivityManager: Start proc 6030:com.android.chrome/u0a113 for service {com.android.chrome/org.chromium.chrome.browser.customtabs.CustomTabsConnectionService}
10-13 15:09:36.324  2046  2076 W ActivityManager: Slow operation: 729ms so far, now at startProcess: starting to update pids map
10-13 15:09:36.325  2046  2076 W ActivityManager: Slow operation: 730ms so far, now at startProcess: done updating pids map
10-13 15:09:37.328  2046  4456 W ActivityManager: Slow operation: 122ms so far, now at attachApplicationLocked: immediately after bindApplication
10-13 15:09:37.332  2046  4456 W ActivityManager: Slow operation: 122ms so far, now at attachApplicationLocked: after updateLruProcessLocked
10-13 15:09:37.385  2046  4456 W ActivityManager: Slow operation: 179ms so far, now at attachApplicationLocked: after mServices.attachApplicationLocked
10-13 15:09:37.442  5531  5598 E ActivityThread: Failed to find provider info for com.google.android.apps.wellbeing.api
10-13 15:09:38.049  2046  2861 D ConnectivityService: Returning BLOCKED NetworkInfo to uid=10140
10-13 15:09:38.817  2046  2066 W Looper  : Slow delivery took 319ms android.fg h=com.android.server.location.GnssLocationProvider$ProviderHandler c=null m=18
10-13 15:09:39.452  2046  2066 W Looper  : Drained
10-13 15:09:40.761  2046  2066 W Looper  : Slow delivery took 206ms android.fg h=com.android.server.location.GnssLocationProvider$ProviderHandler c=com.android.server.location.RemoteListenerHelper$HandlerRunnable@77b6fd0 m=0
10-13 15:09:41.236  2046  4456 I ActivityManager: Killing 4975:com.google.android.onetimeinitializer/u0a107 (adj 975): empty #17
10-13 15:09:41.516  2046  2066 W Looper  : Drained
10-13 15:09:42.075  2046  2046 W Looper  : Slow dispatch took 2023ms main h=com.android.server.job.JobSchedulerService$JobHandler c=null m=4
10-13 15:09:42.087  2046  2046 W Looper  : Slow delivery took 440ms main h=com.android.server.job.JobSchedulerService$JobHandler c=null m=5
10-13 15:09:42.391  2046  2046 W Looper  : Drained
10-13 15:09:42.683  2046  5263 D ConnectivityService: requestNetwork for uid/pid:10104/5122 NetworkRequest [ TRACK_DEFAULT id=50, [ Capabilities: INTERNET&NOT_RESTRICTED&TRUSTED Uid: 10104] ]
10-13 15:09:43.095  2046  2874 W ActivityManager: Slow operation: 123ms so far, now at getContentProviderImpl: before checkContentProviderPermission
10-13 15:09:43.095  2046  2874 W ActivityManager: Slow operation: 137ms so far, now at getContentProviderImpl: after checkContentProviderPermission
10-13 15:09:43.095  2046  2874 W ActivityManager: Slow operation: 137ms so far, now at getContentProviderImpl: incProviderCountLocked
10-13 15:09:43.095  2046  2874 W ActivityManager: Slow operation: 138ms so far, now at getContentProviderImpl: before updateLruProcess
10-13 15:09:43.096  2046  2874 W ActivityManager: Slow operation: 138ms so far, now at getContentProviderImpl: after updateLruProcess
10-13 15:09:43.122  2046  2874 W ActivityManager: Slow operation: 138ms so far, now at getContentProviderImpl: before updateOomAdj
10-13 15:09:43.122  2046  2874 W ActivityManager: Slow operation: 164ms so far, now at getContentProviderImpl: after updateOomAdj
10-13 15:09:43.122  2046  2874 W ActivityManager: Slow operation: 164ms so far, now at getContentProviderImpl: done!
--------- beginning of crash
10-13 15:09:44.543  5991  5991 E AndroidRuntime: FATAL EXCEPTION: main
10-13 15:09:44.543  5991  5991 E AndroidRuntime: Process: host.exp.exponent, PID: 5991
10-13 15:09:44.543  5991  5991 E AndroidRuntime: java.lang.RuntimeException: Unable to instantiate receiver abi38_0_0.expo.modules.notifications.notifications.service.ScheduledAlarmReceiver: java.lang.ClassNotFoundException: Didn't find class "abi38_0_0.expo.modules.notifications.notifications.service.ScheduledAlarmReceiver" on path: DexPathList[[zip file "/data/app/host.exp.exponent-5HFWbkvWfnsrnZLd6aqgew==/base.apk"],nativeLibraryDirectories=[/data/app/host.exp.exponent-5HFWbkvWfnsrnZLd6aqgew==/lib/x86, /data/app/host.exp.exponent-5HFWbkvWfnsrnZLd6aqgew==/base.apk!/lib/x86, /system/lib, /system/product/lib]]
10-13 15:09:44.543  5991  5991 E AndroidRuntime: 	at android.app.ActivityThread.handleReceiver(ActivityThread.java:3774)
10-13 15:09:44.543  5991  5991 E AndroidRuntime: 	at android.app.ActivityThread.access$1400(ActivityThread.java:219)
10-13 15:09:44.543  5991  5991 E AndroidRuntime: 	at android.app.ActivityThread$H.handleMessage(ActivityThread.java:1870)
10-13 15:09:44.543  5991  5991 E AndroidRuntime: 	at android.os.Handler.dispatchMessage(Handler.java:107)
10-13 15:09:44.543  5991  5991 E AndroidRuntime: 	at android.os.Looper.loop(Looper.java:214)
10-13 15:09:44.543  5991  5991 E AndroidRuntime: 	at android.app.ActivityThread.main(ActivityThread.java:7356)
10-13 15:09:44.543  5991  5991 E AndroidRuntime: 	at java.lang.reflect.Method.invoke(Native Method)
10-13 15:09:44.543  5991  5991 E AndroidRuntime: 	at com.android.internal.os.RuntimeInit$MethodAndArgsCaller.run(RuntimeInit.java:492)
10-13 15:09:44.543  5991  5991 E AndroidRuntime: 	at com.android.internal.os.ZygoteInit.main(ZygoteInit.java:930)
10-13 15:09:44.543  5991  5991 E AndroidRuntime: Caused by: java.lang.ClassNotFoundException: Didn't find class "abi38_0_0.expo.modules.notifications.notifications.service.ScheduledAlarmReceiver" on path: DexPathList[[zip file "/data/app/host.exp.exponent-5HFWbkvWfnsrnZLd6aqgew==/base.apk"],nativeLibraryDirectories=[/data/app/host.exp.exponent-5HFWbkvWfnsrnZLd6aqgew==/lib/x86, /data/app/host.exp.exponent-5HFWbkvWfnsrnZLd6aqgew==/base.apk!/lib/x86, /system/lib, /system/product/lib]]
10-13 15:09:44.543  5991  5991 E AndroidRuntime: 	at dalvik.system.BaseDexClassLoader.findClass(BaseDexClassLoader.java:196)
10-13 15:09:44.543  5991  5991 E AndroidRuntime: 	at java.lang.ClassLoader.loadClass(ClassLoader.java:379)
10-13 15:09:44.543  5991  5991 E AndroidRuntime: 	at java.lang.ClassLoader.loadClass(ClassLoader.java:312)
10-13 15:09:44.543  5991  5991 E AndroidRuntime: 	at android.app.AppComponentFactory.instantiateReceiver(AppComponentFactory.java:110)
10-13 15:09:44.543  5991  5991 E AndroidRuntime: 	at androidx.core.app.CoreComponentFactory.instantiateReceiver(CoreComponentFactory.java:1)
10-13 15:09:44.543  5991  5991 E AndroidRuntime: 	at android.app.ActivityThread.handleReceiver(ActivityThread.java:3767)
10-13 15:09:44.543  5991  5991 E AndroidRuntime: 	... 8 more
10-13 15:09:44.653  2046  4938 I ActivityManager: Killing 3634:com.google.android.apps.messaging/u0a122 (adj 975): empty #17
10-13 15:09:44.757  2046  2067 W Looper  : Slow dispatch took 101ms android.ui h=com.android.server.am.ActivityManagerService$UiHandler c=null m=53
10-13 15:09:44.845  2046  2076 W ActivityManager: Slow operation: 216ms so far, now at startProcess: returned from zygote!
10-13 15:09:44.862  2046  6141 I DropBoxManagerService: add tag=data_app_crash isTagEnabled=true flags=0x2
10-13 15:09:44.897  2046  2076 W ActivityManager: Slow operation: 268ms so far, now at startProcess: done updating battery stats
10-13 15:09:44.897  2046  2076 W ActivityManager: Slow operation: 268ms so far, now at startProcess: building log message
10-13 15:09:44.897  2046  2076 I ActivityManager: Start proc 6131:com.google.android.apps.maps/u0a114 for broadcast {com.google.android.apps.maps/com.google.android.apps.gmm.notification.channels.NotificationChannelBroadcastReceiver}
10-13 15:09:44.897  2046  2076 W ActivityManager: Slow operation: 268ms so far, now at startProcess: starting to update pids map
10-13 15:09:44.898  2046  2076 W ActivityManager: Slow operation: 269ms so far, now at startProcess: done updating pids map
10-13 15:09:45.318  2046  4012 W ActivityManager: Slow operation: 119ms so far, now at attachApplicationLocked: immediately after bindApplication
10-13 15:09:45.319  2046  4012 W ActivityManager: Slow operation: 120ms so far, now at attachApplicationLocked: after updateLruProcessLocked
10-13 15:09:45.327  2046  4012 W ActivityManager: Slow operation: 128ms so far, now at attachApplicationLocked: after mServices.attachApplicationLocked
10-13 15:09:45.352  2046  4012 W ActivityManager: Slow operation: 153ms so far, now at attachApplicationLocked: after sendPendingBroadcastsLocked
10-13 15:09:45.366  2046  4938 I ActivityManager: Process host.exp.exponent (pid 5991) has died: cch+15 CEM 
10-13 15:09:45.746  2046  2067 W Looper  : Slow dispatch took 413ms android.ui h=com.android.server.am.ActivityManagerService$UiHandler c=null m=53
10-13 15:09:45.747  2046  2067 W Looper  : Slow delivery took 379ms android.ui h=com.android.server.am.ActivityManagerService$UiHandler c=null m=32
10-13 15:09:46.173  2046  2067 W Looper  : Drained
10-13 15:09:46.709  2046  4023 D ConnectivityService: requestNetwork for uid/pid:10113/6030 NetworkRequest [ TRACK_DEFAULT id=51, [ Capabilities: INTERNET&NOT_RESTRICTED&TRUSTED Uid: 10113] ]
10-13 15:09:47.031  2046  2076 W ActivityManager: Slow operation: 365ms so far, now at startProcess: returned from zygote!
10-13 15:09:47.031  2046  2076 W ActivityManager: Slow operation: 366ms so far, now at startProcess: done updating battery stats
10-13 15:09:47.032  2046  2076 W ActivityManager: Slow operation: 366ms so far, now at startProcess: building log message
10-13 15:09:47.032  2046  2076 I ActivityManager: Start proc 6182:com.android.chrome:sandboxed_process0:org.chromium.content.app.SandboxedProcessService0/u0ai9000 for service {com.android.chrome/org.chromium.content.app.SandboxedProcessService0}
10-13 15:09:47.032  2046  2076 W ActivityManager: Slow operation: 366ms so far, now at startProcess: starting to update pids map
10-13 15:09:47.032  2046  2076 W ActivityManager: Slow operation: 367ms so far, now at startProcess: done updating pids map
10-13 15:09:47.140  2046  4938 W ActivityManager: Slow operation: 54ms so far, now at attachApplicationLocked: after mServices.attachApplicationLocked
10-13 15:09:47.286  2046  2076 I ActivityManager: Start proc 6201:com.android.chrome:privileged_process0/u0a113 for service {com.android.chrome/org.chromium.content.app.PrivilegedProcessService0}
10-13 15:09:47.807  2046  2874 W ActivityManager: Slow operation: 153ms so far, now at attachApplicationLocked: after mServices.attachApplicationLocked
10-13 15:09:47.809  2046  2067 W Looper  : Slow dispatch took 112ms android.ui h=com.android.server.am.ActivityManagerService$UiHandler c=null m=53
10-13 15:09:48.237  2046  2067 W Looper  : Slow dispatch took 112ms android.ui h=com.android.server.am.ActivityManagerService$UiHandler c=null m=53
10-13 15:09:48.312  2046  2046 W Looper  : Slow dispatch took 102ms main h=com.android.server.job.JobSchedulerService$JobHandler c=null m=1
10-13 15:09:49.002  2046  2303 I ActivityManager: Killing 5040:com.google.android.partnersetup/u0a101 (adj 975): empty #17
10-13 15:09:49.003  2046  2303 I ActivityManager: Killing 5008:com.google.android.packageinstaller/u0a59 (adj 985): empty #18
10-13 15:09:49.163  2046  2066 W GrantDefaultRolesRequest: timed out after 15000 ms
10-13 15:09:50.695  2046  2074 I RoleUserState: Wrote roles.xml successfully
10-13 15:09:52.996  2046  2067 W Looper  : Slow dispatch took 220ms android.ui h=com.android.server.am.ActivityManagerService$UiHandler c=null m=53
10-13 15:09:53.079  2046  2046 W Looper  : Slow dispatch took 195ms main h=com.android.server.job.JobSchedulerService$JobHandler c=null m=1
10-13 15:09:56.784  2046  4938 W ActivityManager: Background start not allowed: service Intent { act=org.chromium.components.sync.notifier.ACTION_REGISTER_TYPES cmp=com.android.chrome/org.chromium.chrome.browser.invalidation.ChromeInvalidationClientService (has extras) } to com.android.chrome/org.chromium.chrome.browser.invalidation.ChromeInvalidationClientService from pid=6030 uid=10113 pkg=com.android.chrome startFg?=false
10-13 15:09:58.489  2046  2076 W ActivityManager: Slow operation: 2736ms so far, now at startProcess: returned from zygote!
10-13 15:09:58.751  2046  2076 W ActivityManager: Slow operation: 2997ms so far, now at startProcess: done updating battery stats
10-13 15:09:58.752  2046  2076 W ActivityManager: Slow operation: 2998ms so far, now at startProcess: building log message
10-13 15:09:58.752  2046  2076 I ActivityManager: Start proc 6297:com.android.chrome:sandboxed_process1:org.chromium.content.app.SandboxedProcessService1/u0i1 for service {com.android.chrome/org.chromium.content.app.SandboxedProcessService1}
10-13 15:09:58.753  2046  2076 W ActivityManager: Slow operation: 2999ms so far, now at startProcess: starting to update pids map
10-13 15:09:58.754  2046  2076 W ActivityManager: Slow operation: 3000ms so far, now at startProcess: done updating pids map
10-13 15:09:58.944  2046  2046 W Looper  : Slow dispatch took 129ms main h=com.android.server.job.JobSchedulerService$JobHandler c=null m=4
10-13 15:10:00.612  2046  2874 W ActivityManager: Background start not allowed: service Intent { act=org.chromium.components.sync.notifier.ACTION_REGISTER_TYPES cmp=com.android.chrome/org.chromium.chrome.browser.invalidation.ChromeInvalidationClientService (has extras) } to com.android.chrome/org.chromium.chrome.browser.invalidation.ChromeInvalidationClientService from pid=6030 uid=10113 pkg=com.android.chrome startFg?=false
10-13 15:10:00.644  2046  4454 W ActivityManager: Background start not allowed: service Intent { act=org.chromium.components.sync.notifier.ACTION_REGISTER_TYPES cmp=com.android.chrome/org.chromium.chrome.browser.invalidation.ChromeInvalidationClientService (has extras) } to com.android.chrome/org.chromium.chrome.browser.invalidation.ChromeInvalidationClientService from pid=6030 uid=10113 pkg=com.android.chrome startFg?=false
10-13 15:10:01.460  2046  2046 W Looper  : Slow dispatch took 296ms main h=com.android.server.job.JobSchedulerService$JobHandler c=null m=3
10-13 15:10:04.301  2046  2066 W Looper  : Slow dispatch took 121ms android.fg h=android.os.Handler c=<recycled PooledLambda@d0b2717> m=2
10-13 15:10:04.327  2046  2076 W ActivityManager: Slow operation: 2904ms so far, now at startProcess: returned from zygote!
10-13 15:10:04.329  2046  2076 W ActivityManager: Slow operation: 2906ms so far, now at startProcess: done updating battery stats
10-13 15:10:04.329  2046  2076 W ActivityManager: Slow operation: 2906ms so far, now at startProcess: building log message
10-13 15:10:04.329  2046  2076 I ActivityManager: Start proc 6337:com.google.android.apps.photos/u0a117 for service {com.google.android.apps.photos/com.google.android.apps.photos.dbprocessor.impl.DatabaseProcessorJobService}
10-13 15:10:04.330  2046  2076 W ActivityManager: Slow operation: 2907ms so far, now at startProcess: starting to update pids map
10-13 15:10:04.341  2046  2076 W ActivityManager: Slow operation: 2918ms so far, now at startProcess: done updating pids map
10-13 15:10:04.374  2046  5263 I ActivityManager: Killing 5188:com.google.android.projection.gearhead:projection/u0a100 (adj 985): empty #17
10-13 15:10:04.922  2046  2881 W ActivityManager: Slow operation: 175ms so far, now at attachApplicationLocked: immediately after bindApplication
10-13 15:10:04.923  2046  2881 W ActivityManager: Slow operation: 176ms so far, now at attachApplicationLocked: after updateLruProcessLocked
10-13 15:10:04.950  2046  2881 W ActivityManager: Slow operation: 203ms so far, now at attachApplicationLocked: after mServices.attachApplicationLocked
10-13 15:10:05.248  2046  2861 W ActivityManager: Failure disconnecting service com.google.android.projection.gearhead/com.google.android.gearhead.service.SharedService to connection android.os.BinderProxy@e3f6457 (in com.google.android.projection.gearhead:projection)
10-13 15:10:05.248  2046  2861 W ActivityManager: android.os.DeadObjectException
10-13 15:10:05.248  2046  2861 W ActivityManager: 	at android.os.BinderProxy.transactNative(Native Method)
10-13 15:10:05.248  2046  2861 W ActivityManager: 	at android.os.BinderProxy.transact(BinderProxy.java:510)
10-13 15:10:05.248  2046  2861 W ActivityManager: 	at android.app.IServiceConnection$Stub$Proxy.connected(IServiceConnection.java:129)
10-13 15:10:05.248  2046  2861 W ActivityManager: 	at com.android.server.am.ActiveServices.bringDownServiceLocked(ActiveServices.java:2896)
10-13 15:10:05.248  2046  2861 W ActivityManager: 	at com.android.server.am.ActiveServices.bringDownServiceIfNeededLocked(ActiveServices.java:2877)
10-13 15:10:05.248  2046  2861 W ActivityManager: 	at com.android.server.am.ActiveServices.removeConnectionLocked(ActiveServices.java:3164)
10-13 15:10:05.248  2046  2861 W ActivityManager: 	at com.android.server.am.ActiveServices.killServicesLocked(ActiveServices.java:3547)
10-13 15:10:05.248  2046  2861 W ActivityManager: 	at com.android.server.am.ActivityManagerService.cleanUpApplicationRecordLocked(ActivityManagerService.java:13694)
10-13 15:10:05.248  2046  2861 W ActivityManager: 	at com.android.server.am.ActivityManagerService.handleAppDiedLocked(ActivityManagerService.java:3596)
10-13 15:10:05.248  2046  2861 W ActivityManager: 	at com.android.server.am.ActivityManagerService.appDiedLocked(ActivityManagerService.java:3748)
10-13 15:10:05.248  2046  2861 W ActivityManager: 	at com.android.server.am.ActivityManagerService$AppDeathRecipient.binderDied(ActivityManagerService.java:1504)
10-13 15:10:05.248  2046  2861 W ActivityManager: 	at android.os.BinderProxy.sendDeathNotice(BinderProxy.java:620)
10-13 15:10:05.347  2046  2067 W Looper  : Slow dispatch took 419ms android.ui h=com.android.server.am.ActivityManagerService$UiHandler c=null m=53
10-13 15:10:05.928  2046  2067 W Looper  : Slow dispatch took 165ms android.ui h=com.android.server.am.ActivityManagerService$UiHandler c=null m=53
10-13 15:10:07.755  2046  2046 W Looper  : Slow dispatch took 119ms main h=com.android.server.job.JobSchedulerService$JobHandler c=null m=1
10-13 15:10:07.930  2046  4454 I ActivityManager: Killing 4839:com.google.android.projection.gearhead:shared/u0a100 (adj 985): empty #17
10-13 15:10:08.046  2046  4456 I ActivityManager: Killing 6297:com.android.chrome:sandboxed_process1:org.chromium.content.app.SandboxedProcessService1/u0a113i1 (adj 0): isolated not needed
10-13 15:10:08.891  2046  2877 D ConnectivityService: requestNetwork for uid/pid:10104/5122 NetworkRequest [ TRACK_DEFAULT id=53, [ Capabilities: INTERNET&NOT_RESTRICTED&TRUSTED Uid: 10104] ]
10-13 15:10:08.971  2046  2080 D BatteryStatsImpl: Reading cpu stats took 214ms
10-13 15:10:08.975  2046  2080 W KernelCpuProcStringReader: File not found. It's normal if not implemented: /proc/uid_time_in_state
10-13 15:10:08.979  2046  2080 W KernelCpuProcStringReader: File not found. It's normal if not implemented: /proc/uid_concurrent_active_time
10-13 15:10:08.980  2046  2080 W KernelCpuProcStringReader: File not found. It's normal if not implemented: /proc/uid_concurrent_policy_time
10-13 15:10:11.004  2046  2867 D ConnectivityService: ConnectivityService NetworkRequestInfo binderDied(NetworkRequest [ TRACK_DEFAULT id=25, [ Capabilities: INTERNET&NOT_RESTRICTED&TRUSTED Uid: 10122] ], android.os.BinderProxy@bd850ac)
10-13 15:10:11.006  2046  4023 D ConnectivityService: ConnectivityService NetworkRequestInfo binderDied(NetworkRequest [ LISTEN id=31, [ Capabilities: INTERNET&NOT_RESTRICTED&TRUSTED Uid: 10122] ], android.os.BinderProxy@4b6f175)
10-13 15:10:11.017  2046  2153 D ConnectivityService: releasing NetworkRequest [ TRACK_DEFAULT id=25, [ Capabilities: INTERNET&NOT_RESTRICTED&TRUSTED Uid: 10122] ] (release request)
10-13 15:10:11.033  2046  4938 D ConnectivityService: ConnectivityService NetworkRequestInfo binderDied(NetworkRequest [ TRACK_DEFAULT id=30, [ Capabilities: INTERNET&NOT_RESTRICTED&TRUSTED Uid: 10122] ], android.os.BinderProxy@4f4a50a)
10-13 15:10:11.037  2046  2153 D ConnectivityService: releasing NetworkRequest [ TRACK_DEFAULT id=30, [ Capabilities: INTERNET&NOT_RESTRICTED&TRUSTED Uid: 10122] ] (release request)
10-13 15:10:11.167  2046  4559 D ConditionProviders: Enabling component com.google.android.gms/com.google.android.location.settings.DrivingConditionProvider
10-13 15:10:11.167  2046  4559 V ConditionProviders: binding: Intent { act=android.service.notification.ConditionProviderService cmp=com.google.android.gms/com.google.android.location.settings.DrivingConditionProvider (has extras) }
10-13 15:10:11.203  2046  2046 V ConditionProviders: 0 condition provider service connected: ComponentInfo{com.google.android.gms/com.google.android.location.settings.DrivingConditionProvider}
10-13 15:10:11.277  2046  2874 D ConditionProviders: Disabling component com.google.android.gms/com.google.android.location.settings.DrivingConditionProvider
10-13 15:10:11.354  2046  2066 W Looper  : Slow dispatch took 140ms android.fg h=android.os.Handler c=android.app.-$$Lambda$LoadedApk$ReceiverDispatcher$Args$_BumDX2UKsnxLVrE6UJsJZkotuA@22821e5 m=0
10-13 15:10:11.485  2046  2066 W Looper  : Slow delivery took 239ms android.fg h=android.os.Handler c=android.app.-$$Lambda$LoadedApk$ReceiverDispatcher$Args$_BumDX2UKsnxLVrE6UJsJZkotuA@8b8ec5e m=0
10-13 15:10:11.665  2046  2046 W Looper  : Slow dispatch took 393ms main h=android.app.ActivityThread$H c=android.app.-$$Lambda$LoadedApk$ReceiverDispatcher$Args$_BumDX2UKsnxLVrE6UJsJZkotuA@a7290e m=0
10-13 15:10:11.665  2046  2046 W Looper  : Slow delivery took 452ms main h=android.app.ActivityThread$H c=android.app.-$$Lambda$LoadedApk$ReceiverDispatcher$Args$_BumDX2UKsnxLVrE6UJsJZkotuA@482ef2f m=0
10-13 15:10:11.954  2046  2046 W Looper  : Slow dispatch took 272ms main h=android.app.ActivityThread$H c=android.app.-$$Lambda$LoadedApk$ReceiverDispatcher$Args$_BumDX2UKsnxLVrE6UJsJZkotuA@d7837a0 m=0
10-13 15:10:11.955  2046  2046 I Telecom : DefaultDialerCache: Refreshing default dialer for user 0: now com.android.dialer: DDC.oR@AEw
10-13 15:10:12.012  2046  2066 W Looper  : Drained
10-13 15:10:12.073  2046  2046 W Looper  : Drained
10-13 15:10:12.391  2046  2874 D ConnectivityService: requestNetwork for uid/pid:10113/6030 NetworkRequest [ TRACK_DEFAULT id=56, [ Capabilities: INTERNET&NOT_RESTRICTED&TRUSTED Uid: 10113] ]
10-13 15:10:13.119  2743  6286 W PackageParser: Unknown element under <manifest>: queries at /data/user_de/0/com.google.android.gms/app_chimera/m/00000099/dl-AdsFdrDynamite.integ_222508000100000.apk Binary XML file line #11
10-13 15:10:13.272  2743  6286 W PackageParser: Unknown element under <manifest>: queries at /data/user_de/0/com.google.android.gms/app_chimera/m/0000009e/dl-AdsFdrDynamite.integ_223104600100000.apk Binary XML file line #11
10-13 15:10:13.511  2743  6286 W PackageParser: Unknown element under <manifest>: queries at /data/user_de/0/com.google.android.gms/app_chimera/m/00000071/dl-Payments.integ_211890902100700.apk Binary XML file line #5
10-13 15:10:13.885  2046  4019 D ConnectivityService: requestNetwork for uid/pid:10117/6337 NetworkRequest [ TRACK_DEFAULT id=58, [ Capabilities: INTERNET&NOT_RESTRICTED&TRUSTED Uid: 10117] ]
10-13 15:10:14.133  2046  2089 W PackageManager: Not removing package com.google.android.trichromelibrary hosting lib com.google.android.trichromelibrary version 373018518 used by [VersionedPackage[com.google.android.webview/373018518], VersionedPackage[com.android.chrome/373018518]] for user 0
10-13 15:10:14.265  2046  2046 W Looper  : Slow dispatch took 155ms main h=com.android.server.job.JobSchedulerService$JobHandler c=null m=1
