10-13 15:10:14.721  2046  2076 W ActivityManager: Slow operation: 182ms so far, now at startProcess: returned from zygote!
10-13 15:10:14.721  2046  2076 W ActivityManager: Slow operation: 183ms so far, now at startProcess: done updating battery stats
10-13 15:10:14.722  2046  2076 W ActivityManager: Slow operation: 183ms so far, now at startProcess: building log message
10-13 15:10:14.722  2046  2076 I ActivityManager: Start proc 6444:com.google.android.apps.messaging/u0a122 for service {com.google.android.apps.messaging/com.google.android.libraries.internal.growth.growthkit.internal.jobs.impl.GrowthKitJobService}
10-13 15:10:14.722  2046  2076 W ActivityManager: Slow operation: 183ms so far, now at startProcess: starting to update pids map
10-13 15:10:14.722  2046  2076 W ActivityManager: Slow operation: 183ms so far, now at startProcess: done updating pids map
10-13 15:10:14.981  2046  4019 W ActivityManager: Slow operation: 185ms so far, now at attachApplicationLocked: immediately after bindApplication
10-13 15:10:14.981  2046  4019 W ActivityManager: Slow operation: 185ms so far, now at attachApplicationLocked: after updateLruProcessLocked
10-13 15:10:14.987  2046  4019 W ActivityManager: Slow operation: 191ms so far, now at attachApplicationLocked: after mServices.attachApplicationLocked
10-13 15:10:15.171  2743  6286 W PackageParser: Unknown element under <manifest>: queries at /data/user_de/0/com.google.android.gms/app_chimera/m/00000099/dl-AdsFdrDynamite.integ_222508000100000.apk Binary XML file line #11
10-13 15:10:15.239  2046  2046 W Looper  : Slow dispatch took 112ms main h=com.android.server.job.JobSchedulerService$JobHandler c=null m=1
10-13 15:10:15.287  2743  6286 W PackageParser: Unknown element under <manifest>: queries at /data/user_de/0/com.google.android.gms/app_chimera/m/0000009e/dl-AdsFdrDynamite.integ_223104600100000.apk Binary XML file line #11
10-13 15:10:15.371  2743  6286 W PackageParser: Unknown element under <manifest>: queries at /data/user_de/0/com.google.android.gms/app_chimera/m/0000005f/dl-Payments.integ_210990905100700.apk Binary XML file line #5
10-13 15:10:16.727  2743  6286 W PackageParser: Unknown element under <manifest>: queries at /data/user_de/0/com.google.android.gms/app_chimera/m/00000099/dl-AdsFdrDynamite.integ_222508000100000.apk Binary XML file line #11
10-13 15:10:16.803  2743  6286 W PackageParser: Unknown element under <manifest>: queries at /data/user_de/0/com.google.android.gms/app_chimera/m/0000009e/dl-AdsFdrDynamite.integ_223104600100000.apk Binary XML file line #11
10-13 15:10:17.201  2046  2076 W ActivityManager: Slow operation: 124ms so far, now at startProcess: returned from zygote!
10-13 15:10:17.207  2046  2076 W ActivityManager: Slow operation: 131ms so far, now at startProcess: done updating battery stats
10-13 15:10:17.208  2046  2076 W ActivityManager: Slow operation: 131ms so far, now at startProcess: building log message
10-13 15:10:17.209  2046  2076 I ActivityManager: Start proc 6493:com.google.android.webview:webview_service/u0a112 for service {com.google.android.webview/org.chromium.android_webview.services.VariationsSeedServer}
10-13 15:10:17.209  2046  2076 W ActivityManager: Slow operation: 132ms so far, now at startProcess: starting to update pids map
10-13 15:10:17.209  2046  2076 W ActivityManager: Slow operation: 132ms so far, now at startProcess: done updating pids map
10-13 15:10:17.315  2046  4023 W ActivityManager: Slow operation: 64ms so far, now at attachApplicationLocked: after mServices.attachApplicationLocked
10-13 15:10:18.083  2743  6286 W PackageParser: Unknown element under <manifest>: queries at /data/user_de/0/com.google.android.gms/app_chimera/m/00000099/dl-AdsFdrDynamite.integ_222508000100000.apk Binary XML file line #11
10-13 15:10:18.159  2743  6286 W PackageParser: Unknown element under <manifest>: queries at /data/user_de/0/com.google.android.gms/app_chimera/m/0000009e/dl-AdsFdrDynamite.integ_223104600100000.apk Binary XML file line #11
10-13 15:10:18.349  2046  2153 D ConnectivityService: releasing NetworkRequest [ TRACK_DEFAULT id=50, [ Capabilities: INTERNET&NOT_RESTRICTED&TRUSTED Uid: 10104] ] (release request)
10-13 15:10:19.026  2743  6286 W PackageParser: Unknown element under <manifest>: queries at /data/user_de/0/com.google.android.gms/app_chimera/m/00000099/dl-AdsFdrDynamite.integ_222508000100000.apk Binary XML file line #11
10-13 15:10:19.134  2743  6286 W PackageParser: Unknown element under <manifest>: queries at /data/user_de/0/com.google.android.gms/app_chimera/m/0000009e/dl-AdsFdrDynamite.integ_223104600100000.apk Binary XML file line #11
10-13 15:10:19.687  2046  2046 W Looper  : Slow dispatch took 111ms main h=com.android.server.job.JobSchedulerService$JobHandler c=null m=1
10-13 15:10:21.013  2046  4559 I ActivityManager: Killing 5236:com.google.android.gms:car/u0a99 (adj 985): empty #17
10-13 15:10:21.159  2046  2067 W Looper  : Slow dispatch took 114ms android.ui h=com.android.server.am.ActivityManagerService$UiHandler c=null m=53
10-13 15:10:21.160  2046  2046 W Looper  : Slow dispatch took 194ms main h=com.android.server.job.JobSchedulerService$JobHandler c=null m=4
10-13 15:10:21.371  2046  2066 W Looper  : Slow dispatch took 203ms android.fg h=com.android.server.AppStateTracker$MyHandler c=null m=0
10-13 15:10:21.393  2046  2046 W Looper  : Slow dispatch took 233ms main h=com.android.server.job.JobSchedulerService$JobHandler c=null m=3
10-13 15:10:21.541  2046  2046 W Looper  : Slow delivery took 370ms main h=com.android.server.job.JobSchedulerService$JobHandler c=null m=4
10-13 15:10:21.554  2046  2046 W Looper  : Slow dispatch took 148ms main h=com.android.server.job.JobSchedulerService$JobHandler c=null m=4
10-13 15:10:21.708  2046  2046 W Looper  : Slow dispatch took 153ms main h=com.android.server.job.JobSchedulerService$JobHandler c=null m=7
10-13 15:10:21.817  2046  2046 W Looper  : Slow dispatch took 108ms main h=com.android.server.job.JobSchedulerService$JobHandler c=null m=4
10-13 15:10:22.202  2046  2046 W Looper  : Slow dispatch took 384ms main h=com.android.server.job.JobSchedulerService$JobHandler c=null m=1
10-13 15:10:22.363  2046  2046 W Looper  : Slow dispatch took 141ms main h=com.android.server.job.JobSchedulerService$JobHandler c=null m=3
10-13 15:10:22.592  2046  2046 W Looper  : Drained
10-13 15:10:22.893  2046  4019 D ConnectivityService: requestNetwork for uid/pid:10122/6444 NetworkRequest [ TRACK_DEFAULT id=59, [ Capabilities: INTERNET&NOT_RESTRICTED&TRUSTED Uid: 10122] ]
10-13 15:10:25.442  2046  2153 D ConnectivityService: releasing NetworkRequest [ TRACK_DEFAULT id=59, [ Capabilities: INTERNET&NOT_RESTRICTED&TRUSTED Uid: 10122] ] (release request)
10-13 15:10:27.381  2046  2066 W Looper  : Slow dispatch took 119ms android.fg h=android.os.Handler c=com.android.server.Watchdog$HandlerChecker@f3e996 m=0
10-13 15:10:29.501  2046  2867 W ActivityManager: Slow operation: 96ms so far, now at getContentProviderImpl: after updateOomAdj
10-13 15:10:29.501  2046  2867 W ActivityManager: Slow operation: 96ms so far, now at getContentProviderImpl: done!
10-13 15:10:30.206  2046  2046 W JobServiceContext: No response from client for onStartJob bb0f080 #u0a104/-213 com.google.android.googlequicksearchbox/com.google.android.apps.gsa.tasks.BackgroundTasksJobService
10-13 15:10:30.410  2046  2046 W Looper  : Slow dispatch took 186ms main h=com.android.server.job.JobSchedulerService$JobHandler c=null m=3
10-13 15:10:30.410  2046  2046 W JobServiceContext: No response from client for onStartJob 69d96b9 #u0a104/-87 com.google.android.googlequicksearchbox/com.google.android.apps.gsa.tasks.BackgroundTasksJobService
10-13 15:10:30.600  2046  2046 W Looper  : Slow dispatch took 110ms main h=com.android.server.job.JobSchedulerService$JobHandler c=null m=1
10-13 15:10:30.716  2046  2046 W Looper  : Slow dispatch took 115ms main h=com.android.server.job.JobSchedulerService$JobHandler c=null m=3
10-13 15:10:30.719  2046  2046 W Looper  : Slow delivery took 234ms main h=android.app.ActivityThread$H c=android.app.LoadedApk$ServiceDispatcher$RunConnection@d184712 m=0
10-13 15:10:31.232  2046  2046 W Looper  : Drained
10-13 15:10:35.784  2046  2867 D ConnectivityService: requestNetwork for uid/pid:10117/6337 NetworkRequest [ TRACK_DEFAULT id=60, [ Capabilities: INTERNET&NOT_RESTRICTED&TRUSTED Uid: 10117] ]
10-13 15:10:36.961  2046  2076 W ActivityManager: Slow operation: 329ms so far, now at startProcess: returned from zygote!
10-13 15:10:36.962  2046  2076 W ActivityManager: Slow operation: 330ms so far, now at startProcess: done updating battery stats
10-13 15:10:36.969  2046  2076 W ActivityManager: Slow operation: 337ms so far, now at startProcess: building log message
10-13 15:10:36.969  2046  2076 I ActivityManager: Start proc 6638:com.android.vending:quick_launch/u0a94 for service {com.android.vending/com.google.android.finsky.ipcservers.quicklaunch.QuickLaunchGrpcServerAndroidService}
10-13 15:10:36.969  2046  2076 W ActivityManager: Slow operation: 337ms so far, now at startProcess: starting to update pids map
10-13 15:10:36.970  2046  2076 W ActivityManager: Slow operation: 339ms so far, now at startProcess: done updating pids map
10-13 15:10:38.865  5399  6696 E ActivityThread: Failed to find provider info for androidx.car.app.connection
10-13 15:10:38.891  2046  4012 I ActivityManager: Killing 5275:com.google.process.gapps/u0a131 (adj 975): empty #17
10-13 15:10:40.968  2046  4020 I DropBoxManagerService: add tag=keymaster isTagEnabled=true flags=0x0
10-13 15:10:40.986  2046  4454 W ActivityManager: Background start not allowed: service Intent { cmp=com.google.android.apps.messaging/.shared.datamodel.action.execution.ActionExecutorImpl$EmptyService } to com.google.android.apps.messaging/.shared.datamodel.action.execution.ActionExecutorImpl$EmptyService from pid=6444 uid=10122 pkg=com.google.android.apps.messaging startFg?=false
10-13 15:10:42.388  2046  2076 W ActivityManager: Slow operation: 69ms so far, now at startProcess: returned from zygote!
10-13 15:10:42.389  2046  2062 W ActivityManager: Background start not allowed: service Intent { cmp=com.google.android.apps.messaging/.shared.datamodel.action.execution.ActionExecutorImpl$EmptyService } to com.google.android.apps.messaging/.shared.datamodel.action.execution.ActionExecutorImpl$EmptyService from pid=6444 uid=10122 pkg=com.google.android.apps.messaging startFg?=false
10-13 15:10:42.390  2046  2076 W ActivityManager: Slow operation: 76ms so far, now at startProcess: done updating battery stats
10-13 15:10:42.390  2046  2076 W ActivityManager: Slow operation: 76ms so far, now at startProcess: building log message
10-13 15:10:42.390  2046  2076 I ActivityManager: Start proc 6756:com.google.android.partnersetup/u0a101 for broadcast {com.google.android.partnersetup/com.google.android.partnersetup.RlzPingBroadcastReceiver}
10-13 15:10:42.391  2046  2076 W ActivityManager: Slow operation: 76ms so far, now at startProcess: starting to update pids map
10-13 15:10:42.391  2046  2076 W ActivityManager: Slow operation: 77ms so far, now at startProcess: done updating pids map
10-13 15:10:42.427  2046  4456 W ActivityManager: Background start not allowed: service Intent { cmp=com.google.android.apps.messaging/.shared.datamodel.action.execution.ActionExecutorImpl$EmptyService } to com.google.android.apps.messaging/.shared.datamodel.action.execution.ActionExecutorImpl$EmptyService from pid=6444 uid=10122 pkg=com.google.android.apps.messaging startFg?=false
10-13 15:10:42.620  2046  4456 W ActivityManager: Slow operation: 53ms so far, now at attachApplicationLocked: after mServices.attachApplicationLocked
10-13 15:10:42.673  2046  4456 W ActivityManager: Slow operation: 105ms so far, now at attachApplicationLocked: after sendPendingBroadcastsLocked
10-13 15:10:43.113  2046  2076 I ActivityManager: Start proc 6784:com.google.android.projection.gearhead:shared/u0a100 for broadcast {com.google.android.projection.gearhead/com.google.android.apps.auto.wireless.bluetooth.WifiBluetoothReceiver}
10-13 15:10:44.507  2046  4019 D ConnectivityService: requestNetwork for uid/pid:10099/2743 NetworkRequest [ TRACK_DEFAULT id=62, [ Capabilities: INTERNET&NOT_RESTRICTED&TRUSTED Uid: 10099] ]
10-13 15:10:45.726  2046  4019 D ConnectivityService: requestNetwork for uid/pid:10122/6444 NetworkRequest [ TRACK_DEFAULT id=64, [ Capabilities: INTERNET&NOT_RESTRICTED&TRUSTED Uid: 10122] ]
10-13 15:10:46.312  2046  2089 W PackageParser: Unknown element under <manifest>: queries at /data/app/vmdl404876896.tmp/base.apk Binary XML file line #20
10-13 15:10:46.484  2046  2089 W PackageManager: Package com.riive signatures do not match previously installed version; ignoring!
10-13 15:10:46.587  2046  4454 D PackageInstallerSession: Ignoring abandon after commit relinquished control
10-13 15:10:46.715  2046  4559 I ActivityManager: Killing 3557:com.google.android.gm/u0a120 (adj 975): empty #17
10-13 15:10:47.281  2046  4559 I ActivityManager: Killing 5629:android.process.media/u0a45 (adj 975): empty #17
10-13 15:10:47.284  2046  4454 W ActivityManager: Background start not allowed: service Intent { cmp=com.google.android.apps.messaging/.shared.datamodel.action.execution.ActionExecutorImpl$EmptyService } to com.google.android.apps.messaging/.shared.datamodel.action.execution.ActionExecutorImpl$EmptyService from pid=6444 uid=10122 pkg=com.google.android.apps.messaging startFg?=false
10-13 15:10:47.291  2046  2076 I ActivityManager: Start proc 6879:host.exp.exponent/u0a140 for broadcast {host.exp.exponent/abi38_0_0.expo.modules.taskManager.TaskBroadcastReceiver}
10-13 15:10:47.610  2046  4559 W ActivityManager: Slow operation: 261ms so far, now at attachApplicationLocked: immediately after bindApplication
10-13 15:10:47.611  2046  4559 W ActivityManager: Slow operation: 262ms so far, now at attachApplicationLocked: after updateLruProcessLocked
10-13 15:10:47.611  2046  4559 W ActivityManager: Slow operation: 262ms so far, now at attachApplicationLocked: after mServices.attachApplicationLocked
10-13 15:10:47.637  2046  4559 W ActivityManager: Slow operation: 288ms so far, now at attachApplicationLocked: after sendPendingBroadcastsLocked
10-13 15:10:47.757  2046  4454 D ConnectivityService: ConnectivityService NetworkRequestInfo binderDied(NetworkRequest [ LISTEN id=36, [ Capabilities: INTERNET&NOT_RESTRICTED&TRUSTED Uid: 10120] ], android.os.BinderProxy@adbffc2)
10-13 15:10:47.758  2046  5263 D ConnectivityService: ConnectivityService NetworkRequestInfo binderDied(NetworkRequest [ TRACK_DEFAULT id=35, [ Capabilities: INTERNET&NOT_RESTRICTED&TRUSTED Uid: 10120] ], android.os.BinderProxy@9a531d3)
10-13 15:10:47.763  2046  2153 D ConnectivityService: releasing NetworkRequest [ TRACK_DEFAULT id=35, [ Capabilities: INTERNET&NOT_RESTRICTED&TRUSTED Uid: 10120] ] (release request)
10-13 15:10:49.185  2046  4636 I ActivityManager: Killing 6182:com.android.chrome:sandboxed_process0:org.chromium.content.app.SandboxedProcessService0/u0a113i0 (adj 975): empty #17
10-13 15:10:49.218  2046  2046 W Looper  : Slow dispatch took 105ms main h=com.android.server.job.JobSchedulerService$JobHandler c=null m=3
10-13 15:10:49.227  2046  2076 W ActivityManager: Slow operation: 115ms so far, now at startProcess: returned from zygote!
10-13 15:10:49.227  2046  2076 W ActivityManager: Slow operation: 115ms so far, now at startProcess: done updating battery stats
10-13 15:10:49.227  2046  2076 W ActivityManager: Slow operation: 116ms so far, now at startProcess: building log message
10-13 15:10:49.227  2046  2076 I ActivityManager: Start proc 6921:com.google.android.gm/u0a120 for service {com.google.android.gm/com.google.android.gm.job.GoogleMailWidgetAndShortcutSwitchJob$GoogleMailWidgetAndShortcutSwitchJobService}
10-13 15:10:49.227  2046  2076 W ActivityManager: Slow operation: 116ms so far, now at startProcess: starting to update pids map
10-13 15:10:49.229  2046  2076 W ActivityManager: Slow operation: 117ms so far, now at startProcess: done updating pids map
10-13 15:10:49.417  2046  2874 W ActivityManager: Slow operation: 107ms so far, now at attachApplicationLocked: immediately after bindApplication
10-13 15:10:49.417  2046  2874 W ActivityManager: Slow operation: 107ms so far, now at attachApplicationLocked: after updateLruProcessLocked
10-13 15:10:49.426  2046  2874 W ActivityManager: Slow operation: 116ms so far, now at attachApplicationLocked: after mServices.attachApplicationLocked
10-13 15:10:49.431  2046  4163 W ActivityManager: Scheduling restart of crashed service com.android.chrome/org.chromium.content.app.SandboxedProcessService0 in 1000ms
10-13 15:10:49.567  2046  2080 D BatteryStatsImpl: Reading cpu stats took 112ms
10-13 15:10:49.783  2046  2878 I ActivityManager: Finished processing BOOT_COMPLETED for u0
10-13 15:10:49.784  2046  2878 W BroadcastQueue: Background execution not allowed: receiving Intent { act=android.location.PROVIDERS_CHANGED flg=0x10 (has extras) } to com.google.android.apps.maps/com.google.android.apps.gmm.locationsharing.usr.LocationAvailabilityChecker$LocationProvidersChangedBroadcastReceiver
10-13 15:10:49.789  2046  2878 I ActivityManager: Killing 5431:com.android.providers.calendar/u0a49 (adj 975): empty #17
10-13 15:10:49.799  2046  2075 W BroadcastQueue: Background execution not allowed: receiving Intent { act=android.location.PROVIDERS_CHANGED flg=0x10 (has extras) } to com.google.android.gms/.chimera.GmsIntentOperationService$PersistentTrustedReceiver
10-13 15:10:49.800  2046  2075 W BroadcastQueue: Background execution not allowed: receiving Intent { act=android.location.PROVIDERS_CHANGED flg=0x10 (has extras) } to com.google.android.googlequicksearchbox/com.google.android.apps.gsa.broadcastreceiver.external.ExternalCommonBroadcastReceiver
10-13 15:10:49.800  2046  2075 W BroadcastQueue: Background execution not allowed: receiving Intent { act=android.location.PROVIDERS_CHANGED flg=0x10 (has extras) } to com.google.android.apps.maps/com.google.android.apps.gmm.locationsharing.usr.LocationAvailabilityChecker$LocationProvidersChangedBroadcastReceiver
10-13 15:10:49.800  2046  2075 W BroadcastQueue: Background execution not allowed: receiving Intent { act=android.location.PROVIDERS_CHANGED flg=0x10 (has extras) } to com.google.android.gms/.chimera.GmsIntentOperationService$PersistentTrustedReceiver
10-13 15:10:49.800  2046  2075 W BroadcastQueue: Background execution not allowed: receiving Intent { act=android.location.PROVIDERS_CHANGED flg=0x10 (has extras) } to com.google.android.googlequicksearchbox/com.google.android.apps.gsa.broadcastreceiver.external.ExternalCommonBroadcastReceiver
10-13 15:10:49.888  2046  4559 W BroadcastQueue: Failure [background] sending broadcast result of Intent { act=com.google.apps.tiktok.account.api.controller.REQUIREMENT_STATE_CHANGED flg=0x10 pkg=com.google.android.googlequicksearchbox (has extras) }
10-13 15:10:49.888  2046  4559 W BroadcastQueue: android.os.RemoteException: app.thread must not be null
10-13 15:10:49.888  2046  4559 W BroadcastQueue: 	at com.android.server.am.BroadcastQueue.performReceiveLocked(BroadcastQueue.java:606)
10-13 15:10:49.888  2046  4559 W BroadcastQueue: 	at com.android.server.am.BroadcastQueue.processNextBroadcastLocked(BroadcastQueue.java:1131)
10-13 15:10:49.888  2046  4559 W BroadcastQueue: 	at com.android.server.am.ActivityManagerService.finishReceiver(ActivityManagerService.java:15677)
10-13 15:10:49.888  2046  4559 W BroadcastQueue: 	at android.app.IActivityManager$Stub.onTransact(IActivityManager.java:1993)
10-13 15:10:49.888  2046  4559 W BroadcastQueue: 	at com.android.server.am.ActivityManagerService.onTransact(ActivityManagerService.java:2741)
10-13 15:10:49.888  2046  4559 W BroadcastQueue: 	at android.os.Binder.execTransactInternal(Binder.java:1021)
10-13 15:10:49.888  2046  4559 W BroadcastQueue: 	at android.os.Binder.execTransact(Binder.java:994)
10-13 15:10:50.227  3002  3002 W ContextImpl: Calling a method in the system process without a qualified user: android.app.ContextImpl.startService:1570 android.content.ContextWrapper.startService:669 android.content.ContextWrapper.startService:669 com.android.emulator.multidisplay.MultiDisplayServiceReceiver.onReceive:33 android.app.ActivityThread.handleReceiver:3788 
10-13 15:10:50.347  2046  4163 W BroadcastQueue: Background execution not allowed: receiving Intent { act=android.intent.action.DROPBOX_ENTRY_ADDED flg=0x10 (has extras) } to com.google.android.gms/.stats.service.DropBoxEntryAddedReceiver
10-13 15:10:50.351  2046  2075 W BroadcastQueue: Background execution not allowed: receiving Intent { act=android.intent.action.DROPBOX_ENTRY_ADDED flg=0x10 (has extras) } to com.google.android.gms/.chimera.GmsIntentOperationService$PersistentTrustedReceiver
10-13 15:10:50.352  2046  2075 W BroadcastQueue: Background execution not allowed: receiving Intent { act=android.intent.action.DROPBOX_ENTRY_ADDED flg=0x10 (has extras) } to com.google.android.gms/.stats.service.DropBoxEntryAddedReceiver
10-13 15:10:50.353  2046  2075 W BroadcastQueue: Background execution not allowed: receiving Intent { act=android.intent.action.DROPBOX_ENTRY_ADDED flg=0x10 (has extras) } to com.google.android.gms/.chimera.GmsIntentOperationService$PersistentTrustedReceiver
10-13 15:10:50.353  2046  2075 W BroadcastQueue: Background execution not allowed: receiving Intent { act=android.intent.action.DROPBOX_ENTRY_ADDED flg=0x10 (has extras) } to com.google.android.gms/.stats.service.DropBoxEntryAddedReceiver
10-13 15:10:50.354  2046  2075 W BroadcastQueue: Background execution not allowed: receiving Intent { act=android.intent.action.DROPBOX_ENTRY_ADDED flg=0x10 (has extras) } to com.google.android.gms/.chimera.GmsIntentOperationService$PersistentTrustedReceiver
10-13 15:10:50.599  2046  2076 I ActivityManager: Start proc 6967:com.android.dialer/u0a93 for broadcast {com.android.dialer/com.android.voicemail.impl.scheduling.TaskReceiver}
10-13 15:10:50.742  2046  2878 W ActivityManager: Slow operation: 53ms so far, now at attachApplicationLocked: after sendPendingBroadcastsLocked
10-13 15:10:50.802  2046  2878 I ActivityManager: Killing 3074:com.google.process.gapps/u0a99 (adj 975): empty #17
10-13 15:10:50.802  2046  2878 I ActivityManager: Killing 5138:com.google.android.permissioncontroller/u0a61 (adj 975): empty #18
10-13 15:10:50.935  2046  4163 D ConnectivityService: requestNetwork for uid/pid:10122/6444 NetworkRequest [ TRACK_DEFAULT id=65, [ Capabilities: INTERNET&NOT_RESTRICTED&TRUSTED Uid: 10122] ]
10-13 15:10:51.513  2046  2878 I ActivityManager: Killing 6493:com.google.android.webview:webview_service/u0a112 (adj 975): empty #17
10-13 15:10:52.783  2046  2076 I ActivityManager: Start proc 7048:com.google.android.setupwizard/u0a95 for service {com.google.android.setupwizard/com.google.android.setupwizard.deferred.DeferredSetupScheduler}
10-13 15:10:52.905  2046  2317 W BroadcastQueue: Background execution not allowed: receiving Intent { act=com.google.android.location.internal.server.ACTION_RESTARTED flg=0x10 (has extras) } to com.google.android.gms/.chimera.GmsIntentOperationService$PersistentInternalReceiver
10-13 15:10:53.492  2046  2076 I ActivityManager: Start proc 7087:com.google.process.gapps/u0a131 for service {com.google.android.syncadapters.contacts/com.google.android.syncadapters.contacts.ContactsSyncAdapterJobIntentService}
10-13 15:10:53.836  2046  4020 W ActivityManager: Slow operation: 57ms so far, now at attachApplicationLocked: after mServices.attachApplicationLocked
10-13 15:10:54.571  2046  2046 W Looper  : Slow dispatch took 390ms main h=com.android.server.job.JobSchedulerService$JobHandler c=null m=3
10-13 15:10:54.575  2046  2046 W Looper  : Slow delivery took 377ms main h=com.android.server.job.JobSchedulerService$JobHandler c=null m=4
10-13 15:10:54.612  2046  2046 W Looper  : Drained
10-13 15:10:55.521  2046  4020 I ActivityManager: Killing 6131:com.google.android.apps.maps/u0a114 (adj 975): empty #17
10-13 15:10:55.582  2046  4020 W BroadcastQueue: Background execution not allowed: receiving Intent { act=android.intent.action.DROPBOX_ENTRY_ADDED flg=0x10 (has extras) } to com.google.android.gms/.stats.service.DropBoxEntryAddedReceiver
10-13 15:10:55.596  2046  2046 W Looper  : Slow dispatch took 119ms main h=com.android.server.job.JobSchedulerService$JobHandler c=null m=1
10-13 15:10:55.596  2046  4020 I ActivityManager: Killing 4472:com.google.android.apps.tachyon/u0a88 (adj 975): empty #17
10-13 15:10:55.603  2046  2075 W BroadcastQueue: Background execution not allowed: receiving Intent { act=android.intent.action.DROPBOX_ENTRY_ADDED flg=0x10 (has extras) } to com.google.android.gms/.chimera.GmsIntentOperationService$PersistentTrustedReceiver
10-13 15:10:55.625  2046  2046 W Looper  : Slow delivery took 201ms main h=android.app.ActivityThread$H c=android.app.LoadedApk$ServiceDispatcher$RunConnection@6152d18 m=0
10-13 15:10:55.775  2046  2046 W Looper  : Slow dispatch took 150ms main h=com.android.server.job.JobSchedulerService$JobHandler c=null m=3
10-13 15:10:55.930  2046  2067 W Looper  : Slow dispatch took 107ms android.ui h=com.android.server.am.ActivityManagerService$UiHandler c=null m=68
10-13 15:10:55.930  2046  2046 W Looper  : Drained
10-13 15:10:56.041  2046  2046 W Looper  : Slow dispatch took 104ms main h=com.android.server.notification.NotificationManagerService$WorkerHandler c=null m=4
10-13 15:10:56.090  2046  2076 W ActivityManager: Slow operation: 330ms so far, now at startProcess: returned from zygote!
10-13 15:10:56.222  2046  2076 W ActivityManager: Slow operation: 462ms so far, now at startProcess: done updating battery stats
10-13 15:10:56.224  2046  2076 W ActivityManager: Slow operation: 464ms so far, now at startProcess: building log message
10-13 15:10:56.224  2046  2076 I ActivityManager: Start proc 7120:com.google.process.gapps/u0a99 for content provider {com.google.android.gsf/com.google.android.gsf.subscribedfeeds.SubscribedFeedsProvider}
10-13 15:10:56.224  2046  2076 W ActivityManager: Slow operation: 465ms so far, now at startProcess: starting to update pids map
10-13 15:10:56.227  2046  2076 W ActivityManager: Slow operation: 467ms so far, now at startProcess: done updating pids map
10-13 15:10:56.228  2046  2076 W ActivityManager: Slow operation: 404ms so far, now at startProcess: asking zygote to start proc
10-13 15:10:56.764  2046  2076 W ActivityManager: Slow operation: 940ms so far, now at startProcess: returned from zygote!
10-13 15:10:56.766  2046  2076 W ActivityManager: Slow operation: 942ms so far, now at startProcess: done updating battery stats
10-13 15:10:56.768  2046  2076 W ActivityManager: Slow operation: 943ms so far, now at startProcess: building log message
10-13 15:10:56.769  2046  2076 I ActivityManager: Start proc 7144:com.android.providers.calendar/u0a49 for broadcast {com.android.providers.calendar/com.android.providers.calendar.CalendarProviderBroadcastReceiver}
10-13 15:10:56.769  2046  2076 W ActivityManager: Slow operation: 945ms so far, now at startProcess: starting to update pids map
10-13 15:10:56.773  2046  2076 W ActivityManager: Slow operation: 949ms so far, now at startProcess: done updating pids map
10-13 15:10:56.833  2046  2881 D ConnectivityService: ConnectivityService NetworkRequestInfo binderDied(NetworkRequest [ TRACK_DEFAULT id=37, [ Capabilities: INTERNET&NOT_RESTRICTED&TRUSTED Uid: 10088] ], android.os.BinderProxy@f741c60)
10-13 15:10:56.858  2046  2153 D ConnectivityService: releasing NetworkRequest [ TRACK_DEFAULT id=37, [ Capabilities: INTERNET&NOT_RESTRICTED&TRUSTED Uid: 10088] ] (release request)
10-13 15:10:56.862  2046  2303 D ConnectivityService: ConnectivityService NetworkRequestInfo binderDied(NetworkRequest [ LISTEN id=38, [ Capabilities: INTERNET&NOT_RESTRICTED&TRUSTED Uid: 10088] ], android.os.BinderProxy@7558519)
10-13 15:10:56.980  2046  2067 W Looper  : Slow dispatch took 126ms android.ui h=com.android.server.am.ActivityManagerService$UiHandler c=null m=53
10-13 15:10:57.940  2046  2046 W Looper  : Slow dispatch took 120ms main h=com.android.server.job.JobSchedulerService$JobHandler c=null m=3
10-13 15:10:58.548  2046  4163 W BroadcastQueue: Background execution not allowed: receiving Intent { act=android.intent.action.DROPBOX_ENTRY_ADDED flg=0x10 (has extras) } to com.google.android.gms/.stats.service.DropBoxEntryAddedReceiver
10-13 15:10:58.572  2046  2075 W BroadcastQueue: Background execution not allowed: receiving Intent { act=android.intent.action.DROPBOX_ENTRY_ADDED flg=0x10 (has extras) } to com.google.android.gms/.chimera.GmsIntentOperationService$PersistentTrustedReceiver
10-13 15:11:00.660  2046  2046 W Looper  : Slow dispatch took 116ms main h=com.android.server.job.JobSchedulerService$JobHandler c=null m=3
10-13 15:11:02.948  2046  6408 D ConnectivityService: requestNetwork for uid/pid:10120/6921 NetworkRequest [ TRACK_DEFAULT id=67, [ Capabilities: INTERNET&NOT_RESTRICTED&TRUSTED Uid: 10120] ]
10-13 15:11:04.262  2046  2046 W Looper  : Slow dispatch took 127ms main h=com.android.server.job.JobSchedulerService$JobHandler c=null m=3
10-13 15:11:16.519  2046  2076 W ActivityManager: Slow operation: 165ms so far, now at startProcess: returned from zygote!
10-13 15:11:16.520  2046  2076 W ActivityManager: Slow operation: 165ms so far, now at startProcess: done updating battery stats
10-13 15:11:16.520  2046  2076 W ActivityManager: Slow operation: 165ms so far, now at startProcess: building log message
10-13 15:11:16.520  2046  2076 I ActivityManager: Start proc 7283:android.process.media/u0a45 for content provider {com.android.providers.media/com.android.providers.media.MediaProvider}
10-13 15:11:16.520  2046  2076 W ActivityManager: Slow operation: 165ms so far, now at startProcess: starting to update pids map
10-13 15:11:16.522  2046  2076 W ActivityManager: Slow operation: 167ms so far, now at startProcess: done updating pids map
10-13 15:11:16.585  2046  2461 W BroadcastQueue: Background execution not allowed: receiving Intent { act=android.intent.action.DROPBOX_ENTRY_ADDED flg=0x10 (has extras) } to com.google.android.gms/.stats.service.DropBoxEntryAddedReceiver
10-13 15:11:16.586  2046  2075 W BroadcastQueue: Background execution not allowed: receiving Intent { act=android.intent.action.DROPBOX_ENTRY_ADDED flg=0x10 (has extras) } to com.google.android.gms/.chimera.GmsIntentOperationService$PersistentTrustedReceiver
10-13 15:11:16.657  2046  4019 W ActivityManager: Slow operation: 60ms so far, now at attachApplicationLocked: immediately after bindApplication
10-13 15:11:16.657  2046  4019 W ActivityManager: Slow operation: 60ms so far, now at attachApplicationLocked: after updateLruProcessLocked
10-13 15:11:16.657  2046  4019 W ActivityManager: Slow operation: 60ms so far, now at attachApplicationLocked: after mServices.attachApplicationLocked
10-13 15:11:16.660  2046  4019 W ActivityManager: Slow operation: 63ms so far, now at attachApplicationLocked: after updateOomAdjLocked
10-13 15:11:18.252  2743  7212 W PackageParser: Unknown element under <manifest>: queries at /data/user_de/0/com.google.android.gms/app_chimera/m/00000099/dl-AdsFdrDynamite.integ_222508000100000.apk Binary XML file line #11
10-13 15:11:19.056  2743  7212 W PackageParser: Unknown element under <manifest>: queries at /data/user_de/0/com.google.android.gms/app_chimera/m/0000009e/dl-AdsFdrDynamite.integ_223104600100000.apk Binary XML file line #11
10-13 15:11:19.662  2743  7212 W PackageParser: Unknown element under <manifest>: queries at /data/user_de/0/com.google.android.gms/app_chimera/m/00000071/dl-Payments.integ_211890902100700.apk Binary XML file line #5
10-13 15:11:20.292  2046  2046 W Looper  : Slow dispatch took 130ms main h=com.android.server.job.JobSchedulerService$JobHandler c=null m=1
10-13 15:11:20.622  2046  2068 W PackageInstallerSession: Writing changed icon /data/system/install_sessions/app_icon.1873884327.png
10-13 15:11:21.349  2046  4559 I DropBoxManagerService: add tag=event_data isTagEnabled=true flags=0x2
10-13 15:11:23.050  2743  7212 W PackageParser: Unknown element under <manifest>: queries at /data/user_de/0/com.google.android.gms/app_chimera/m/00000099/dl-AdsFdrDynamite.integ_222508000100000.apk Binary XML file line #11
10-13 15:11:24.449  2743  7212 W PackageParser: Unknown element under <manifest>: queries at /data/user_de/0/com.google.android.gms/app_chimera/m/0000009e/dl-AdsFdrDynamite.integ_223104600100000.apk Binary XML file line #11
10-13 15:11:25.037  2046  2067 W Looper  : Slow dispatch took 114ms android.ui h=com.android.server.am.ActivityManagerService$UiHandler c=null m=31
10-13 15:11:25.038  2046  2046 W Looper  : Slow dispatch took 123ms main h=com.android.server.notification.NotificationManagerService$WorkerHandler c=com.android.server.notification.NotificationManagerService$CancelNotificationRunnable@9478af5 m=0
10-13 15:11:25.473  2743  7212 W PackageParser: Unknown element under <manifest>: queries at /data/user_de/0/com.google.android.gms/app_chimera/m/0000005f/dl-Payments.integ_210990905100700.apk Binary XML file line #5
10-13 15:11:28.117  2046  2210 I ActivityManager: Killing 6201:com.android.chrome:privileged_process0/u0a113 (adj 975): empty #17
10-13 15:11:29.092  2046  2046 W Looper  : Slow dispatch took 181ms main h=com.android.server.power.Notifier$NotifierHandler c=null m=1
10-13 15:11:30.210  2046  2067 W Looper  : Slow dispatch took 103ms android.ui h=com.android.server.wm.DisplayPolicy$PolicyHandler c=com.android.server.wm.-$$Lambda$DisplayPolicy$qQY9m_Itua9TDy-Nk3zzDxvjEwE@19fbf2e m=0
10-13 15:11:32.192  2046  4636 W ActivityManager: Scheduling restart of crashed service com.android.chrome/org.chromium.content.app.PrivilegedProcessService0 in 1000ms
10-13 15:11:34.130  2046  2461 I ActivityTaskManager: START u0 {act=android.settings.APPLICATION_DETAILS_SETTINGS dat=package:com.riive flg=0x10008000 cmp=com.android.settings/.applications.InstalledAppDetails bnds=[202,1008][807,1162]} from uid 10090
--------- beginning of main
10-13 15:11:35.991  1817  7338 W audio_hw_generic: Not supplying enough data to HAL, expected position 2427 , only wrote 661
10-13 15:11:35.995  2743  7212 I chatty  : uid=10099(com.google.android.gms) expire 14 lines
10-13 15:11:36.027  1817  7338 W audio_hw_generic: Hardware backing HAL too slow, could only write 0 of 661 frames
10-13 15:11:36.046  1817  7338 W audio_hw_generic: Hardware backing HAL too slow, could only write 0 of 661 frames
10-13 15:11:36.115  5806  5864 I chatty  : uid=10094(com.android.vending) expire 2 lines
10-13 15:11:36.174  5399  5557 I chatty  : uid=10094(com.android.vending) expire 22 lines
10-13 15:11:36.183  6921  6950 I ogle.android.g: WaitForGcToComplete blocked ProfileSaver on HeapTrim for 462.081ms
10-13 15:11:36.390  5399  5556 I chatty  : uid=10094(com.android.vending) expire 8 lines
10-13 15:11:36.513  6921  7026 W abmf    : Attempted to read unclipped body before it was fetched for messageId: msg-f:1746485416423674574
10-13 15:11:36.546  2422  2422 I Choreographer: Skipped 151 frames!  The application may be doing too much work on its main thread.
10-13 15:11:36.622  2046  2046 W Looper  : Slow dispatch took 1014ms main h=android.os.Handler c=android.app.AlarmManager$ListenerWrapper@719a7d5 m=0
10-13 15:11:36.624  2046  2070 E system_server: Invalid ID 0x00000000.
10-13 15:11:36.654  2046  2074 E memtrack: Couldn't load memtrack module
10-13 15:11:36.654  2046  2074 W android.os.Debug: failed to get memory consumption info: -1
10-13 15:11:36.693  2422  2946 I OpenGLRenderer: Davey! duration=2660ms; Flags=0, IntendedVsync=376467485380, Vsync=378984151946, OldestInputEvent=9223372036854775807, NewestInputEvent=0, HandleInputStart=378998711397, AnimationStart=378998913397, PerformTraversalsStart=379000456397, DrawStart=379010722397, SyncQueued=379012318397, SyncStart=379029922397, IssueDrawCommandsStart=379030463397, SwapBuffers=379142144397, FrameCompleted=379145630397, DequeueBufferDuration=204000, QueueBufferDuration=1083000, 
10-13 15:11:36.694  5399  5399 I chatty  : uid=10094(com.android.vending) expire 13 lines
10-13 15:11:36.753  5399  7255 I chatty  : uid=10094(com.android.vending) expire 1 line
10-13 15:11:36.784  1817  7338 W audio_hw_generic: Hardware backing HAL too slow, could only write 0 of 661 frames
10-13 15:11:36.799  5399  5558 I chatty  : uid=10094(com.android.vending) expire 7 lines
10-13 15:11:36.799  1817  7338 W audio_hw_generic: Hardware backing HAL too slow, could only write 0 of 661 frames
10-13 15:11:36.800  1831  2271 E GnssHAL_GnssInterface: gnssSvStatusCb: a: input svInfo.flags is 8
10-13 15:11:36.803  1831  2271 E GnssHAL_GnssInterface: gnssSvStatusCb: b: input svInfo.flags is 8
10-13 15:11:36.815  1817  7338 W audio_hw_generic: Hardware backing HAL too slow, could only write 0 of 661 frames
10-13 15:11:36.830  2046  2070 W System  : ClassLoader referenced unknown path: 
10-13 15:11:36.844  2046  6408 W InputReader: Device has associated, but no associated display id.
10-13 15:11:36.845  2046  6408 I chatty  : uid=1000(system) Binder:2046_1F identical 46 lines
10-13 15:11:36.845  2046  6408 W InputReader: Device has associated, but no associated display id.
10-13 15:11:36.951  1817  7338 W audio_hw_generic: Not supplying enough data to HAL, expected position 42987 , only wrote 42965
10-13 15:11:36.953  2046  2074 E memtrack: Couldn't load memtrack module
10-13 15:11:36.953  2046  2074 W android.os.Debug: failed to get memory consumption info: -1
10-13 15:11:36.959  2046  2407 W system_server: JNI critical lock held for 19.103ms on Thread[36,tid=2407,Runnable,Thread*=0xbbebbe00,peer=0x14296bb0,"Binder:2046_7"]
10-13 15:11:36.966  1817  7338 W audio_hw_generic: Not supplying enough data to HAL, expected position 43640 , only wrote 43626
10-13 15:11:37.076  2046  2046 W Looper  : Slow delivery took 1013ms main h=com.android.server.job.JobSchedulerService$JobHandler c=null m=0
10-13 15:11:37.076  2046  2046 W Looper  : Slow dispatch took 454ms main h=com.android.server.job.JobSchedulerService$JobHandler c=null m=0
10-13 15:11:37.110  5399  5558 I Finsky  : [372] fxs.apply(69): AIM: Got app ownership map. App counts: 1. Unique apps: 1
10-13 15:11:37.132  1817  7338 W audio_hw_generic: Not supplying enough data to HAL, expected position 50956 , only wrote 50897
10-13 15:11:37.200  2046  2046 W Looper  : Slow dispatch took 100ms main h=android.os.Handler c=android.app.AlarmManager$ListenerWrapper@4de6c8e m=0
10-13 15:11:37.226  5399  5557 D HeterodyneSyncer: updateFlag: com.google.android.finsky.stable, 83251410, 3, cfrydryck@gmail.com, UserPerceivedLatency__enable_display_mode_switcher_on_browse_page
10-13 15:11:37.233  2046  2074 E memtrack: Couldn't load memtrack module
10-13 15:11:37.233  2046  2074 W android.os.Debug: failed to get memory consumption info: -1
10-13 15:11:37.254  6921  6933 I ogle.android.g: ThreadFlipBegin blocked for 53.585ms
10-13 15:11:37.257  6921  7189 I ogle.android.g: IncrementDisableThreadFlip blocked for 6.058ms
10-13 15:11:37.358  1817  7338 W audio_hw_generic: Not supplying enough data to HAL, expected position 60841 , only wrote 60812
10-13 15:11:37.376  2046  2070 I Choreographer: Skipped 43 frames!  The application may be doing too much work on its main thread.
10-13 15:11:37.353  5399  5556 I Finsky  : [370] aevk.a(7): [PLUS] Sending payloads for account: [SC9Y2LSvrurcRqWU50UufQuD_iDOCrqY_R8VXRqPtHg]
10-13 15:11:37.403  1817  7338 W audio_hw_generic: Hardware backing HAL too slow, could only write 0 of 661 frames
10-13 15:11:37.433  1817  7338 W audio_hw_generic: Hardware backing HAL too slow, could only write 0 of 661 frames
10-13 15:11:37.472  1833  1864 D gralloc_ranchu: gralloc_alloc: Creating ashmem region of size 9334784
10-13 15:11:37.494  2046  2046 W Looper  : Slow dispatch took 291ms main h=com.android.server.job.JobSchedulerService$JobHandler c=null m=1
10-13 15:11:37.620  1688  1688 I hwservicemanager: getTransport: Cannot find entry android.hardware.graphics.mapper@3.0::IMapper/default in either framework or device manifest.
10-13 15:11:37.621  2046  2070 W Gralloc3: mapper 3.x is not supported
10-13 15:11:37.622  2046  2046 W Looper  : Slow dispatch took 117ms main h=com.android.server.notification.NotificationManagerService$WorkerHandler c=com.android.server.notification.NotificationManagerService$PostNotificationRunnable@9c6f1f9 m=0
10-13 15:11:37.674  2046  2046 W Looper  : Drained
10-13 15:11:37.803  1831  2271 E GnssHAL_GnssInterface: gnssSvStatusCb: a: input svInfo.flags is 8
10-13 15:11:37.803  1831  2271 E GnssHAL_GnssInterface: gnssSvStatusCb: b: input svInfo.flags is 8
10-13 15:11:37.850  2046  2046 W Looper  : Slow dispatch took 108ms main h=com.android.server.notification.NotificationManagerService$WorkerHandler c=com.android.server.notification.NotificationManagerService$NotificationListeners$2@705153e m=0
10-13 15:11:37.850  2046  2046 W Looper  : Slow delivery took 228ms main h=com.android.server.notification.NotificationManagerService$WorkerHandler c=com.android.server.notification.NotificationManagerService$PostNotificationRunnable$1@5971f9f m=0
10-13 15:11:37.977  2046  2070 D HostConnection: createUnique: call
10-13 15:11:37.978  2046  2070 D HostConnection: HostConnection::get() New Host Connection established 0xb6b6c940, tid 2070
10-13 15:11:37.986  2046  2070 D HostConnection: HostComposition ext ANDROID_EMU_CHECKSUM_HELPER_v1 ANDROID_EMU_native_sync_v2 ANDROID_EMU_native_sync_v3 ANDROID_EMU_native_sync_v4 ANDROID_EMU_dma_v1 ANDROID_EMU_direct_mem ANDROID_EMU_host_composition_v1 ANDROID_EMU_host_composition_v2 ANDROID_EMU_YUV420_888_to_NV21 ANDROID_EMU_YUV_Cache ANDROID_EMU_async_unmap_buffer ANDROID_EMU_sync_buffer_data GL_OES_EGL_image_external_essl3 GL_OES_vertex_array_object GL_KHR_texture_compression_astc_ldr ANDROID_EMU_host_side_tracing ANDROID_EMU_async_frame_commands ANDROID_EMU_gles_max_version_3_0 
10-13 15:11:37.999  2046  2070 D eglCodecCommon: allocate: Ask for block of size 0x1000
10-13 15:11:38.000  2046  2070 D eglCodecCommon: allocate: ioctl allocate returned offset 0x3ffff0000 size 0x2000
10-13 15:11:38.244  5399  5557 D HeterodyneSyncer: updateFlag: com.google.android.finsky.stable, 83251410, 3, cfrydryck@gmail.com, UserPerceivedLatency__enable_display_mode_switcher_on_browse_stream
10-13 15:11:38.246  2046  2070 D eglCodecCommon: allocate: Ask for block of size 0x8e7000
10-13 15:11:38.248  2046  2070 D eglCodecCommon: allocate: ioctl allocate returned offset 0x3ff70a000 size 0x8e8000
10-13 15:11:38.279  5399  5557 D HeterodyneSyncer: updateFlag: com.google.android.finsky.stable, 83251410, 3, cfrydryck@gmail.com, UserPerceivedLatency__enable_display_mode_switcher_on_home_page
10-13 15:11:38.348  1817  7338 W audio_hw_generic: Not supplying enough data to HAL, expected position 104498 , only wrote 104438
10-13 15:11:38.304  6638  6670 I Finsky:quick_launch: [425] jpm.run(23): Stats for Executor: bgExecutor juo@b792861[Running, pool size = 4, active threads = 0, queued tasks = 0, completed tasks = 24]
10-13 15:11:38.450  6638  6670 I Finsky:quick_launch: [425] jpm.run(23): Stats for Executor: LightweightExecutor juo@8e9ef86[Running, pool size = 0, active threads = 0, queued tasks = 0, completed tasks = 0]
10-13 15:11:38.493  5399  5557 D HeterodyneSyncer: updateFlag: com.google.android.finsky.stable, 83251410, 3, cfrydryck@gmail.com, UserPerceivedLatency__enable_display_mode_switcher_on_home_stream
10-13 15:11:38.496  6921  7035 W abmf    : Attempted to read unclipped body before it was fetched for messageId: msg-f:1746484213800550417
10-13 15:11:38.523  6638  6670 I Finsky:quick_launch: [425] jpm.run(23): Stats for Executor: BlockingExecutor juo@a3a0047[Running, pool size = 0, active threads = 0, queued tasks = 0, completed tasks = 0]
10-13 15:11:38.548  1798  1798 D Zygote  : Forked child process 7345
10-13 15:11:38.553  2046  2070 I Choreographer: Skipped 70 frames!  The application may be doing too much work on its main thread.
10-13 15:11:38.552  5399  5558 I Finsky  : [372] fzz.a(11): AIM: AppInfoManager-Perf > ItemModel > CacheSize=29, cacheHitCount=0, cacheMissCount=1, total appsWithNoServerDataCount=2. Missed  in cache (limit 10) : [com.google.android.deskclock]
10-13 15:11:38.611  5399  5557 D HeterodyneSyncer: updateFlag: com.google.android.finsky.stable, 83251410, 3, cfrydryck@gmail.com, UserPerceivedLatency__enable_display_mode_switcher_on_search_page
10-13 15:11:38.634  1817  7338 W audio_hw_generic: Not supplying enough data to HAL, expected position 117040 , only wrote 116997
10-13 15:11:38.640  5399  7255 I Finsky  : [478] miu.M(2): IQ: Notifying installation update. [Package:com.google.android.apps.photos, isid:oNsOb-02Tjim9o8wibqPdw], status=SCHEDULED
10-13 15:11:38.693  2588  6334 I chatty  : uid=10099 com.google.android.gms.persistent expire 10 lines
10-13 15:11:38.707  2046  2046 V SettingsProvider: Notifying for 0: content://settings/global/Phenotype_boot_count
10-13 15:11:38.707  2046  2046 W Looper  : Drained
10-13 15:11:38.722  5399  5399 I Finsky  : [2] sin.aao(4): PIM: Ignore install package event for: com.google.android.videos, isid: H0osSAuaQRSKPmzdTfTFtw
10-13 15:11:38.723  5399  5399 I Finsky  : [2] fyw.k(1): AIM: AppInfoManager-Perf > getApps > called for 1 apps
10-13 15:11:38.730  5399  5399 I Finsky  : [2] mhj.apply(6): IQ::HLD: Ongoing hold off applicable installs: []
10-13 15:11:38.736  5399  5558 I Finsky  : [372] gad.p(3): AIM: AppInfoManager-Perf > ItemModel > ItemStore Called 1 apps cacheOptions = REFRESH_LOCAL_CACHE
10-13 15:11:38.737  5399  5558 I Finsky  : [372] fzz.a(80): AIM: ItemModel fetch - unauth(0), auth([SC9Y2LSvrurcRqWU50UufQuD_iDOCrqY_R8VXRqPtHg]->1)
10-13 15:11:38.738  5399  5558 I Finsky  : [372] gaf.a(5): AIM: AppInfoManager-Perf > OnDeviceAppInfo > cacheHitCount=0, cacheMissCount=1. Missed  in cache (limit 10) : [com.google.android.tts]
10-13 15:11:38.739  2046  2076 W ActivityManager: Slow operation: 1877ms so far, now at startProcess: returned from zygote!
10-13 15:11:38.739  2046  2076 W ActivityManager: Slow operation: 1879ms so far, now at startProcess: done updating battery stats
10-13 15:11:38.740  2046  2076 W ActivityManager: Slow operation: 1879ms so far, now at startProcess: building log message
10-13 15:11:38.740  2046  2076 I ActivityManager: Start proc 7345:com.android.settings/1000 for activity {com.android.settings/com.android.settings.applications.InstalledAppDetails}
10-13 15:11:38.756  2046  2076 W ActivityManager: Slow operation: 1879ms so far, now at startProcess: starting to update pids map
10-13 15:11:38.757  2046  2076 W ActivityManager: Slow operation: 1896ms so far, now at startProcess: done updating pids map
10-13 15:11:38.814  1831  2271 E GnssHAL_GnssInterface: gnssSvStatusCb: a: input svInfo.flags is 8
10-13 15:11:38.815  1831  2271 E GnssHAL_GnssInterface: gnssSvStatusCb: b: input svInfo.flags is 8
10-13 15:11:38.845  1817  7339 W audio_hw_generic: Not supplying enough data to HAL, expected position 126289 , only wrote 125590
10-13 15:11:38.877  5399  5557 D HeterodyneSyncer: updateFlag: com.google.android.finsky.stable, 83251410, 3, cfrydryck@gmail.com, UserPerceivedLatency__enable_placeholder_on_thumbnail
10-13 15:11:38.933  2588  7352 I chatty  : uid=10099 com.google.android.gms.persistent expire 1 line
10-13 15:11:38.934  5399  5557 D HeterodyneSyncer: updateFlag: com.google.android.finsky.stable, 83251410, 3, cfrydryck@gmail.com, UserPerceivedLatency__enable_upl_on_async_cluster
10-13 15:11:38.991  5399  5557 D HeterodyneSyncer: updateFlag: com.google.android.finsky.stable, 83251410, 3, cfrydryck@gmail.com, UserPerceivedLatency__enable_upl_on_browse_page
10-13 15:11:39.021  5399  5557 D HeterodyneSyncer: updateFlag: com.google.android.finsky.stable, 83251410, 3, cfrydryck@gmail.com, UserPerceivedLatency__enable_upl_on_home_page
10-13 15:11:39.022  5399  5557 D HeterodyneSyncer: updateFlag: com.google.android.finsky.stable, 83251410, 3, cfrydryck@gmail.com, UserPerceivedLatency__enable_upl_on_home_page_vertical_scroll
10-13 15:11:39.022  5399  5557 D HeterodyneSyncer: updateFlag: com.google.android.finsky.stable, 83251410, 3, cfrydryck@gmail.com, UserPerceivedLatency__enable_upl_on_search_page_jpkr
10-13 15:11:39.023  5399  5557 D HeterodyneSyncer: updateFlag: com.google.android.finsky.stable, 83251410, 3, cfrydryck@gmail.com, UserPerceivedLatency__enable_upl_on_search_page_scroll
10-13 15:11:39.024  5399  5557 D HeterodyneSyncer: updateFlag: com.google.android.finsky.stable, 83251410, 3, cfrydryck@gmail.com, UserSettingsCacheClearing__unique_id
10-13 15:11:39.050  2046  2058 I system_server: ThreadFlipBegin blocked for 17.261ms
10-13 15:11:39.054  2046  4559 I system_server: IncrementDisableThreadFlip blocked for 20.996ms
10-13 15:11:39.054  2046  4454 I system_server: IncrementDisableThreadFlip blocked for 21.465ms
10-13 15:11:39.058  2046  4019 I system_server: IncrementDisableThreadFlip blocked for 25.508ms
10-13 15:11:39.062  2046  4636 I system_server: IncrementDisableThreadFlip blocked for 22.360ms
10-13 15:11:39.064  2046  3915 I system_server: IncrementDisableThreadFlip blocked for 27.185ms
10-13 15:11:39.069  7345  7345 W ndroid.setting: Unexpected CPU variant for X86 using defaults: x86
10-13 15:11:39.084  5399  5557 D HeterodyneSyncer: updateFlag: com.google.android.finsky.stable, 83251410, 3, cfrydryck@gmail.com, ValueStore__add_io_exception_handler
10-13 15:11:39.085  5399  5557 D HeterodyneSyncer: updateFlag: com.google.android.finsky.stable, 83251410, 3, cfrydryck@gmail.com, ValueStore__enable_server_logs_cookie_migration
10-13 15:11:39.122  5399  5557 D HeterodyneSyncer: updateFlag: com.google.android.finsky.stable, 83251410, 3, cfrydryck@gmail.com, ValueStore__enable_warm_native_dataloader_value_stores
