10-13 15:07:01.917  2046  2076 W ActivityManager: Slow operation: 766ms so far, now at startProcess: asking zygote to start proc
10-13 15:07:01.922  2046  2878 W ActivityManager: SLOW OOM ADJ: 768ms for pid 2796 = 905
10-13 15:07:02.162  2046  2046 W Looper  : Slow dispatch took 131ms main h=com.android.server.AlarmManagerService$AlarmHandler c=com.android.server.-$$Lambda$AlarmManagerService$2$Eo-D98J-N9R2METkD-12gPs320c@48588fc m=0
10-13 15:07:02.471  2046  2046 W Looper  : Slow dispatch took 287ms main h=com.android.server.job.JobSchedulerService$JobHandler c=null m=1
10-13 15:07:02.495  2046  2046 W Looper  : Slow delivery took 288ms main h=com.android.server.job.JobSchedulerService$JobHandler c=null m=0
10-13 15:07:02.556  2046  2046 W Looper  : Drained
10-13 15:07:02.567  2046  2067 W Looper  : Slow dispatch took 635ms android.ui h=com.android.server.am.ActivityManagerService$UiHandler c=null m=53
10-13 15:07:02.706  2046  2046 W Looper  : Slow dispatch took 150ms main h=com.android.server.job.JobSchedulerService$JobHandler c=null m=7
10-13 15:07:02.881  2046  2046 W Looper  : Slow delivery took 266ms main h=com.android.server.job.JobSchedulerService$JobHandler c=null m=4
10-13 15:07:03.626  2046  2046 W Looper  : Drained
10-13 15:07:04.229  2046  2076 W ActivityManager: Slow operation: 3078ms so far, now at startProcess: returned from zygote!
10-13 15:07:04.302  2046  2076 W ActivityManager: Slow operation: 3151ms so far, now at startProcess: done updating battery stats
10-13 15:07:04.370  2046  2076 W ActivityManager: Slow operation: 3215ms so far, now at startProcess: building log message
10-13 15:07:04.370  2046  2076 I ActivityManager: Start proc 4472:com.google.android.apps.tachyon/u0a88 for broadcast {com.google.android.apps.tachyon/com.google.android.apps.tachyon.common.applifecycle.BootReceiver}
10-13 15:07:04.370  2046  2076 W ActivityManager: Slow operation: 3219ms so far, now at startProcess: starting to update pids map
10-13 15:07:04.378  2046  2076 W ActivityManager: Slow operation: 3227ms so far, now at startProcess: done updating pids map
10-13 15:07:04.381  2046  2076 W ActivityManager: Slow operation: 790ms so far, now at startProcess: asking zygote to start proc
10-13 15:07:05.310  2046  2075 W BroadcastQueue: Timeout of broadcast BroadcastRecord{9a75a1 u0 com.google.android.c2dm.intent.RECEIVE} - receiver=android.os.BinderProxy@f19b819, started 10002ms ago
10-13 15:07:05.310  2046  2075 W BroadcastQueue: Receiver during timeout of BroadcastRecord{9a75a1 u0 com.google.android.c2dm.intent.RECEIVE} : ResolveInfo{6130de com.google.android.googlequicksearchbox/com.google.android.apps.gsa.gcm.GcmBroadcastReceiver m=0x108000}
10-13 15:07:05.511  2046  2067 W Looper  : Slow dispatch took 199ms android.ui h=com.android.server.am.ActivityManagerService$UiHandler c=null m=68
10-13 15:07:05.881  2046  2076 W ActivityManager: Slow operation: 2291ms so far, now at startProcess: returned from zygote!
10-13 15:07:05.883  2046  2075 W ProcessCpuTracker: Failed to stat(/proc/4467): android.system.ErrnoException: stat failed: ENOENT (No such file or directory)
10-13 15:07:05.883  2046  2075 W ProcessCpuTracker: Skipping unknown process pid 4467
10-13 15:07:05.950  2046  4020 W ActivityManager: Slow operation: 253ms so far, now at attachApplicationLocked: immediately after bindApplication
10-13 15:07:05.950  2046  4020 W ActivityManager: Slow operation: 253ms so far, now at attachApplicationLocked: after updateLruProcessLocked
10-13 15:07:05.974  2046  4020 W ActivityManager: Slow operation: 278ms so far, now at attachApplicationLocked: after mServices.attachApplicationLocked
10-13 15:07:05.985  2046  4020 W ActivityManager: Slow operation: 288ms so far, now at attachApplicationLocked: after sendPendingBroadcastsLocked
10-13 15:07:06.004  2046  2076 W ActivityManager: Slow operation: 2414ms so far, now at startProcess: done updating battery stats
10-13 15:07:06.004  2046  2076 W ActivityManager: Slow operation: 2414ms so far, now at startProcess: building log message
10-13 15:07:06.004  2046  2076 I ActivityManager: Start proc 4487:android.process.acore/u0a41 for content provider {com.android.providers.contacts/com.android.providers.contacts.ContactsProvider2}
10-13 15:07:06.004  2046  2076 W ActivityManager: Slow operation: 2414ms so far, now at startProcess: starting to update pids map
10-13 15:07:06.016  2046  2076 W ActivityManager: Slow operation: 2426ms so far, now at startProcess: done updating pids map
10-13 15:07:06.046  2046  2075 I ActivityManager: dumpStackTraces pids=null nativepids=null
10-13 15:07:06.047  2046  2075 I ActivityManager: Dumping to /data/anr/anr_2022-10-13-15-07-06-046
10-13 15:07:06.047  2046  2075 I ActivityManager: Collecting stacks for pid 2862
10-13 15:07:06.877  2743  3496 W PackageParser: Unknown element under <manifest>: queries at /data/user_de/0/com.google.android.gms/app_chimera/m/00000099/dl-AdsFdrDynamite.integ_222508000100000.apk Binary XML file line #11
10-13 15:07:07.137  2422  3151 E ActivityThread: Failed to find provider info for com.google.android.apps.wellbeing.api
10-13 15:07:07.524  2046  2066 W Looper  : Slow dispatch took 373ms android.fg h=com.android.server.AppStateTracker$MyHandler c=null m=0
10-13 15:07:07.525  2046  2066 W Looper  : Slow delivery took 374ms android.fg h=com.android.server.AppStateTracker$MyHandler c=null m=1
10-13 15:07:07.535  2046  2046 W Looper  : Slow dispatch took 378ms main h=com.android.server.job.JobSchedulerService$JobHandler c=null m=3
10-13 15:07:08.355  2046  2046 W Looper  : Slow delivery took 374ms main h=com.android.server.job.JobSchedulerService$JobHandler c=null m=6
10-13 15:07:08.355  2046  2046 W Looper  : Slow dispatch took 819ms main h=com.android.server.job.JobSchedulerService$JobHandler c=null m=6
10-13 15:07:08.624  2743  3496 W PackageParser: Unknown element under <manifest>: queries at /data/user_de/0/com.google.android.gms/app_chimera/m/0000009e/dl-AdsFdrDynamite.integ_223104600100000.apk Binary XML file line #11
10-13 15:07:08.642  2046  2046 W Looper  : Slow dispatch took 255ms main h=com.android.server.job.JobSchedulerService$JobHandler c=null m=1
10-13 15:07:09.266  2046  2066 W Looper  : Drained
10-13 15:07:09.443  2046  2046 W Looper  : Drained
10-13 15:07:09.443  2046  2046 W Looper  : Slow dispatch took 176ms main h=com.android.server.job.JobSchedulerService$JobHandler c=null m=4
10-13 15:07:09.566  2046  2046 W Looper  : Slow dispatch took 123ms main h=com.android.server.job.JobSchedulerService$JobHandler c=null m=4
10-13 15:07:09.687  2046  2046 W Looper  : Slow delivery took 299ms main h=com.android.server.job.controllers.QuotaController$QcHandler c=null m=3
10-13 15:07:09.687  2046  2046 W Looper  : Slow dispatch took 121ms main h=com.android.server.job.controllers.QuotaController$QcHandler c=null m=3
10-13 15:07:09.735  2743  3496 W PackageParser: Unknown element under <manifest>: queries at /data/user_de/0/com.google.android.gms/app_chimera/m/0000005f/dl-Payments.integ_210990905100700.apk Binary XML file line #5
10-13 15:07:11.633  2046  2046 W Looper  : Drained
10-13 15:07:11.636  2046  2046 W Looper  : Slow dispatch took 1296ms main h=com.android.server.job.JobSchedulerService$JobHandler c=null m=1
10-13 15:07:11.640  2046  2046 W Looper  : Slow delivery took 805ms main h=com.android.server.AlarmManagerService$AlarmHandler c=null m=8
10-13 15:07:11.911  2046  2046 W Looper  : Slow dispatch took 247ms main h=com.android.server.job.JobSchedulerService$JobHandler c=null m=3
10-13 15:07:12.187  2046  2153 D ConnectivityService: releasing NetworkRequest [ TRACK_DEFAULT id=29, [ Capabilities: INTERNET&NOT_RESTRICTED&TRUSTED Uid: 10117] ] (release request)
10-13 15:07:12.231  2046  4456 W ActivityManager: Slow operation: 150ms so far, now at getContentProviderImpl: after updateLruProcess
10-13 15:07:12.232  2046  4456 W ActivityManager: Slow operation: 150ms so far, now at getContentProviderImpl: before updateOomAdj
10-13 15:07:12.232  2046  4456 W ActivityManager: Slow operation: 150ms so far, now at getContentProviderImpl: after updateOomAdj
10-13 15:07:12.232  2046  4456 W ActivityManager: Slow operation: 150ms so far, now at getContentProviderImpl: done!
10-13 15:07:13.029  2046  2046 W Looper  : Drained
10-13 15:07:13.296  2046  2867 D CountryDetector: The first listener is added
10-13 15:07:13.462  4487  4487 D ActivityThread: Loading provider contacts;com.android.contacts: com.android.providers.contacts.ContactsProvider2
10-13 15:07:16.043  2046  4455 W UriGrantsManagerService: No permission grants found for com.google.android.apps.photos
10-13 15:07:16.044  2046  4455 W UriGrantsManagerService: No permission grants found for com.google.android.apps.photos
10-13 15:07:16.382  2046  2075 W ActivityManager: Dumping Java threads failed, initiating native stack dump.
10-13 15:07:16.409  2046  2046 W JobServiceContext: No response from client for onStartJob 835abbf #u0a104/-148 com.google.android.googlequicksearchbox/com.google.android.apps.gsa.tasks.BackgroundTasksJobService
10-13 15:07:17.040  2046  2046 W Looper  : Slow dispatch took 603ms main h=com.android.server.job.JobSchedulerService$JobHandler c=null m=1
10-13 15:07:17.259  2046  2046 W Looper  : Slow delivery took 604ms main h=com.android.server.job.JobSchedulerService$JobHandler c=null m=3
10-13 15:07:17.259  2046  2046 W Looper  : Slow dispatch took 218ms main h=com.android.server.job.JobSchedulerService$JobHandler c=null m=3
10-13 15:07:17.259  2046  2046 W JobServiceContext: No response from client for onStartJob 80e6dd5 #u0a104/-326 com.google.android.googlequicksearchbox/com.google.android.apps.gsa.tasks.BackgroundTasksJobService
10-13 15:07:17.286  2046  2046 W Looper  : Drained
10-13 15:07:18.427  2046  2075 W ActivityManager: Native stack dump failed!
10-13 15:07:18.428  2046  2075 I ActivityManager: Done dumping
10-13 15:07:19.176  2046  2075 E ActivityManager: ANR in com.google.android.googlequicksearchbox:search
10-13 15:07:19.176  2046  2075 E ActivityManager: PID: 2862
10-13 15:07:19.176  2046  2075 E ActivityManager: Reason: Broadcast of Intent { act=com.google.android.c2dm.intent.RECEIVE flg=0x11000010 pkg=com.google.android.googlequicksearchbox cmp=com.google.android.googlequicksearchbox/com.google.android.apps.gsa.gcm.GcmBroadcastReceiver (has extras) }
10-13 15:07:19.176  2046  2075 E ActivityManager: Load: 0.0 / 0.0 / 0.0
10-13 15:07:19.176  2046  2075 E ActivityManager: CPU usage from 0ms to 13046ms later (2022-10-13 15:07:05.383 to 2022-10-13 15:07:18.429):
10-13 15:07:19.176  2046  2075 E ActivityManager:   66% 2046/system_server: 13% user + 52% kernel / faults: 709 minor 6 major
10-13 15:07:19.176  2046  2075 E ActivityManager:   42% 2862/com.google.android.googlequicksearchbox:search: 14% user + 28% kernel / faults: 4112 minor 77 major
10-13 15:07:19.176  2046  2075 E ActivityManager:   38% 2588/com.google.android.gms.persistent: 12% user + 25% kernel / faults: 1542 minor 3 major
10-13 15:07:19.176  2046  2075 E ActivityManager:   24% 3634/com.google.android.apps.messaging: 7.1% user + 16% kernel / faults: 3198 minor 6 major
10-13 15:07:19.176  2046  2075 E ActivityManager:   22% 1863/surfaceflinger: 0.6% user + 21% kernel
10-13 15:07:19.176  2046  2075 E ActivityManager:   21% 2743/com.google.android.gms: 9% user + 12% kernel / faults: 4776 minor 2 major
10-13 15:07:19.176  2046  2075 E ActivityManager:   17% 4472/com.google.android.apps.tachyon: 2.7% user + 14% kernel / faults: 3310 minor 120 major
10-13 15:07:19.176  2046  2075 E ActivityManager:   12% 2895/com.google.android.googlequicksearchbox:interactor: 4.8% user + 7.5% kernel / faults: 1026 minor 11 major
10-13 15:07:19.176  2046  2075 E ActivityManager:   11% 2796/com.google.android.apps.photos: 4.3% user + 7.5% kernel / faults: 648 minor 29 major
10-13 15:07:19.176  2046  2075 E ActivityManager:   11% 1841/android.hardware.sensors@1.0-service: 0.3% user + 11% kernel
10-13 15:07:19.176  2046  2075 E ActivityManager:   9.4% 2187/com.android.systemui: 2% user + 7.4% kernel / faults: 55 minor
10-13 15:07:19.176  2046  2075 E ActivityManager:   7.5% 556/kswapd0: 0% user + 7.5% kernel
10-13 15:07:19.176  2046  2075 E ActivityManager:   6.8% 1862/lmkd: 1.5% user + 5.3% kernel
10-13 15:07:19.176  2046  2075 E ActivityManager:   6.3% 4286/com.google.android.ims: 2.4% user + 3.8% kernel / faults: 788 minor 1 major
10-13 15:07:19.176  2046  2075 E ActivityManager:   5.4% 4006/com.google.android.apps.maps: 1.6% user + 3.7% kernel / faults: 1655 minor
10-13 15:07:19.176  2046  2075 E ActivityManager:   3.9% 40/kworker/u8:2: 0% user + 3.9% kernel
10-13 15:07:19.176  2046  2075 E ActivityManager:   3.6% 50/kworker/u8:3: 0% user + 3.6% kernel
10-13 15:07:19.176  2046  2075 E ActivityManager:   3.4% 635/kworker/u8:5: 0% user + 3.4% kernel
10-13 15:07:19.176  2046  2075 E ActivityManager:   3.1% 1686/logd: 0.4% user + 2.6% kernel / faults: 21 minor
10-13 15:07:19.176  2046  2075 E ActivityManager:   3.1% 1814/android.system.suspend@1.0-service: 0.3% user + 2.8% kernel
10-13 15:07:19.176  2046  2075 E ActivityManager:   3.1% 1836/android.hardware.graphics.composer@2.1-service: 0.1% user + 3% kernel
10-13 15:07:19.176  2046  2075 E ActivityManager:   2.5% 3828/com.google.android.calendar: 1% user + 1.4% kernel / faults: 165 minor
10-13 15:07:19.176  2046  2075 E ActivityManager:   2.3% 1687/servicemanager: 0.3% user + 1.9% kernel
10-13 15:07:19.176  2046  2075 E ActivityManager:   2% 2118/kworker/u9:3: 0% user + 2% kernel
10-13 15:07:19.176  2046  2075 E ActivityManager:   1.8% 2352/com.android.phone: 0.3% user + 1.5% kernel / faults: 35 minor 5 major
10-13 15:07:19.176  2046  2075 E ActivityManager:   1.7% 33/kworker/u8:1: 0% user + 1.7% kernel
10-13 15:07:19.176  2046  2075 E ActivityManager:   1.6% 2094/kworker/u9:2: 0% user + 1.6% kernel
10-13 15:07:19.176  2046  2075 E ActivityManager:   1.5% 2169/kworker/u9:4: 0% user + 1.5% kernel
10-13 15:07:19.176  2046  2075 E ActivityManager:   1.3% 3418/android.process.media: 0.4% user + 0.8% kernel / faults: 30 minor
10-13 15:07:19.176  2046  2075 E ActivityManager:   1.2% 8/rcu_preempt: 0% user + 1.2% kernel
10-13 15:07:19.176  2046  2075 E ActivityManager:   1.2% 1705/jbd2/vdc-8: 0% user + 1.2% kernel
10-13 15:07:19.176  2046  2075 E ActivityManager:   1.2% 1849/ashmemd: 0.2% user + 0.9% kernel
10-13 15:07:19.176  2046  2075 E ActivityManager:   1.2% 1882/adbd: 0% user + 1.1% kernel / faults: 254 minor
10-13 15:07:19.176  2046  2075 E ActivityManager:   1.1% 2811/com.google.process.gservices: 0.3% user + 0.7% kernel / faults: 49 minor
10-13 15:07:19.176  2046  2075 E ActivityManager:   1% 1867/psimon: 0% user + 1% kernel
10-13 15:07:19.176  2046  2075 E ActivityManager:   0.9% 1759/kworker/u9:1: 0% user + 0.9% kernel
10-13 15:07:19.176  2046  2075 E ActivityManager:   0.6% 353/kworker/2:1: 0% user + 0.6% kernel
10-13 15:07:19.176  2046  2075 E ActivityManager:   0.6% 1797/netd: 0% user + 0.6% kernel
10-13 15:07:19.176  2046  2075 E ActivityManager:   0.6% 1798/zygote: 0% user + 0.6% kernel / faults: 121 minor
10-13 15:07:19.176  2046  2075 E ActivityManager:   0.5% 23/ksoftirqd/2: 0% user + 0.5% kernel
10-13 15:07:19.176  2046  2075 E ActivityManager:   0.5% 29/ksoftirqd/3: 0% user + 0.5% kernel
10-13 15:07:19.176  2046  2075 E ActivityManager:   0.5% 1873/logcat: 0.1% user + 0.3% kernel
10-13 15:07:19.176  2046  2075 E ActivityManager:   0.5% 1898/statsd: 0% user + 0.4% kernel
10-13 15:07:19.176  2046  2075 E ActivityManager:   0.4% 9/rcu_sched: 0% user + 0.4% kernel
10-13 15:07:19.176  2046  2075 E ActivityManager:   0.4% 2422/com.google.android.apps.nexuslauncher: 0.2% user + 0.2% kernel
10-13 15:07:19.176  2046  2075 E ActivityManager:   0.3% 5/kworker/u8:0: 0% user + 0.3% kernel
10-13 15:07:19.176  2046  2075 E ActivityManager:   0.3% 3557/com.google.android.gm: 0.1% user + 0.2% kernel / faults: 3 minor
10-13 15:07:19.176  2046  2075 E ActivityManager:   0.3% 1326/kworker/3:1H: 0% user + 0.3% kernel
10-13 15:07:19.176  2046  2075 E ActivityManager:   0.2% 7/ksoftirqd/0: 0% user + 0.2% kernel
10-13 15:07:19.176  2046  2075 E ActivityManager:   0.2% 872/kworker/1:1H: 0% user + 0.2% kernel
10-13 15:07:19.176  2046  2075 E ActivityManager:   0.2% 873/kworker/0:1H: 0% user + 0.2% kernel
10-13 15:07:19.176  2046  2075 E ActivityManager:   0.2% 1831/android.hardware.gnss@1.0-service: 0% user + 0.2% kernel
10-13 15:07:19.176  2046  2075 E ActivityManager:   0.2% 1892/mdnsd: 0.1% user + 0% kernel
10-13 15:07:19.176  2046  2075 E ActivityManager:   0.1% 3093/com.android.vending: 0% user + 0.1% kernel / faults: 16 minor
10-13 15:07:19.176  2046  2075 E ActivityManager:   0.1% 3435/com.android.vending:background: 0% user + 0% kernel
10-13 15:07:19.176  2046  2075 E ActivityManager:   0% 12/watchdog/0: 0% user + 0% kernel
10-13 15:07:19.176  2046  2075 E ActivityManager:   0% 27/watchdog/3: 0% user + 0% kernel
10-13 15:07:19.176  2046  2075 E ActivityManager:   0% 228/kworker/0:2: 0% user + 0% kernel
10-13 15:07:19.176  2046  2075 E ActivityManager:   0% 1108/kworker/3:2: 0% user + 0% kernel
10-13 15:07:19.176  2046  2075 E ActivityManager:   0% 1843/android.hardware.wifi@1
10-13 15:07:19.178  2046  2075 I ActivityManager: Killing 2862:com.google.android.googlequicksearchbox:search/u0a104 (adj 0): bg anr
10-13 15:07:19.184  2046  2075 W BroadcastQueue: Skipping deliver [background] BroadcastRecord{3554817 u0 com.google.apps.tiktok.account.data.tiktok_account_data_source_changed} to ReceiverList{23d0032 2862 com.google.android.googlequicksearchbox:search/10104/u0 remote:dd8a03d}: process gone or crashing
10-13 15:07:19.200  2046  4552 I DropBoxManagerService: add tag=system_app_anr isTagEnabled=true flags=0x2
10-13 15:07:19.415  2046  2075 W BroadcastQueue: Timeout of broadcast BroadcastRecord{ff9a2bf u0 com.google.android.c2dm.intent.RECEIVE} - receiver=android.os.BinderProxy@f19b819, started 14104ms ago
10-13 15:07:19.441  2046  2046 W Looper  : Slow dispatch took 211ms main h=com.android.server.notification.NotificationManagerService$WorkerHandler c=com.android.server.notification.NotificationManagerService$CancelNotificationRunnable@9c3230f m=0
10-13 15:07:19.446  2046  2075 W BroadcastQueue: Receiver during timeout of BroadcastRecord{ff9a2bf u0 com.google.android.c2dm.intent.RECEIVE} : ResolveInfo{f7a406e com.google.android.googlequicksearchbox/com.google.android.libraries.notifications.entrypoints.gcm.GcmBroadcastReceiver p=99 m=0x108000}
10-13 15:07:19.596  2046  2046 W Looper  : Slow dispatch took 145ms main h=com.android.server.notification.NotificationManagerService$WorkerHandler c=com.android.server.notification.NotificationManagerService$NotificationListeners$3@4752988 m=0
10-13 15:07:19.597  2046  2046 W Looper  : Slow delivery took 282ms main h=com.android.server.notification.NotificationManagerService$WorkerHandler c=com.android.server.notification.NotificationManagerService$NotificationListeners$3@fba4f21 m=0
10-13 15:07:19.726  2046  2075 W ActivityManager: Scheduling restart of crashed service com.google.android.googlequicksearchbox/com.google.android.apps.gsa.publicsearch.PublicSearchService in 1000ms
10-13 15:07:19.727  2046  2075 W ActivityManager: Scheduling restart of crashed service com.google.android.googlequicksearchbox/com.google.android.apps.gsa.nowoverlayservice.DrawerOverlayService in 10999ms
10-13 15:07:19.842  2046  2075 W ActivityManager: Scheduling restart of crashed service com.google.android.googlequicksearchbox/com.google.android.apps.gsa.search.core.service.SearchService in 20885ms
10-13 15:07:19.845  2046  2075 W ActivityManager: Scheduling restart of crashed service com.google.android.googlequicksearchbox/com.google.android.hotword.service.HotwordService in 30881ms
10-13 15:07:19.846  2046  2075 W ActivityManager: Scheduling restart of crashed service com.google.android.googlequicksearchbox/com.google.android.apps.gsa.tasks.BackgroundTasksJobService in 40880ms
10-13 15:07:19.892  4214  4214 I ActivityThread: Removing dead content provider:android.content.ContentProviderProxy@13ad82b
10-13 15:07:19.892  4214  4214 I ActivityThread: Removing dead content provider:android.content.ContentProviderProxy@13ad82b
10-13 15:07:20.065  2046  2046 W JobServiceContext: No response from client for onStartJob 7f4c073 #u0a104/-462 com.google.android.googlequicksearchbox/com.google.android.apps.gsa.tasks.BackgroundTasksJobService
10-13 15:07:19.847  2046  2075 W ActivityManager: Slow operation: 382ms so far, now at startProcess: done killing old proc
10-13 15:07:20.147  2046  2075 W ActivityManager: Slow operation: 681ms so far, now at startProcess: added package to existing proc
10-13 15:07:20.191  2046  2075 W ActivityManager: Slow operation: 726ms so far, now at startProcess: stepping in to startProcess
10-13 15:07:20.193  2046  2075 W ActivityManager: Slow operation: 727ms so far, now at startProcess: done starting proc!
10-13 15:07:20.195  2046  2067 W Looper  : Slow dispatch took 729ms android.ui h=com.android.server.am.ActivityManagerService$UiHandler c=null m=68
10-13 15:07:20.203  2046  2046 W Looper  : Slow dispatch took 138ms main h=com.android.server.job.JobServiceContext$JobServiceHandler c=null m=0
10-13 15:07:20.206  2046  2067 W Looper  : Slow delivery took 520ms android.ui h=com.android.server.am.ActivityManagerService$UiHandler c=null m=53
10-13 15:07:20.214  2046  2066 W Looper  : Slow dispatch took 737ms android.fg h=com.android.server.DropBoxManagerService$DropBoxManagerBroadcastHandler c=null m=1
10-13 15:07:20.223  2046  4163 D ConnectivityService: ConnectivityService NetworkRequestInfo binderDied(NetworkRequest [ TRACK_DEFAULT id=28, [ Capabilities: INTERNET&NOT_RESTRICTED&TRUSTED Uid: 10104] ], android.os.BinderProxy@1fb37cc)
10-13 15:07:20.223  2046  2075 I ActivityManager: dumpStackTraces pids=null nativepids=null
10-13 15:07:20.223  2046  2153 D ConnectivityService: releasing NetworkRequest [ TRACK_DEFAULT id=28, [ Capabilities: INTERNET&NOT_RESTRICTED&TRUSTED Uid: 10104] ] (release request)
10-13 15:07:20.224  2046  2075 I ActivityManager: Dumping to /data/anr/anr_2022-10-13-15-07-20-223
10-13 15:07:20.224  2046  2075 I ActivityManager: Collecting stacks for pid 0
10-13 15:07:20.326  2046  4454 D ConnectivityService: ConnectivityService NetworkRequestInfo binderDied(NetworkRequest [ LISTEN id=24, [ Capabilities: INTERNET&NOT_RESTRICTED&TRUSTED Uid: 10104] ], android.os.BinderProxy@9386b1b)
10-13 15:07:20.328  2046  4454 D ConnectivityService: ConnectivityService NetworkRequestInfo binderDied(NetworkRequest [ TRACK_DEFAULT id=23, [ Capabilities: INTERNET&NOT_RESTRICTED&TRUSTED Uid: 10104] ], android.os.BinderProxy@f8a04b8)
10-13 15:07:20.466  2046  2075 W ActivityManager: Dumping Java threads failed, initiating native stack dump.
10-13 15:07:20.496  2046  2153 D ConnectivityService: releasing NetworkRequest [ TRACK_DEFAULT id=23, [ Capabilities: INTERNET&NOT_RESTRICTED&TRUSTED Uid: 10104] ] (release request)
10-13 15:07:20.531  2046  2210 D ConnectivityService: ConnectivityService NetworkRequestInfo binderDied(NetworkRequest [ TRACK_DEFAULT id=17, [ Capabilities: INTERNET&NOT_RESTRICTED&TRUSTED Uid: 10104] ], android.os.BinderProxy@9844291)
10-13 15:07:20.650  2046  2075 W ActivityManager: Native stack dump failed!
10-13 15:07:20.650  2046  2075 I ActivityManager: Done dumping
10-13 15:07:20.696  2046  2153 D ConnectivityService: releasing NetworkRequest [ TRACK_DEFAULT id=17, [ Capabilities: INTERNET&NOT_RESTRICTED&TRUSTED Uid: 10104] ] (release request)
10-13 15:07:20.706  2046  2076 W ActivityManager: Slow operation: 515ms so far, now at startProcess: returned from zygote!
10-13 15:07:20.814  2046  4020 I WindowManager: WIN DEATH: Window{c2479eb u0 com.google.android.apps.nexuslauncher/com.google.android.apps.nexuslauncher.NexusLauncherActivity}
10-13 15:07:20.938  2743  3496 W PackageParser: Unknown element under <manifest>: queries at /data/user_de/0/com.google.android.gms/app_chimera/m/00000099/dl-AdsFdrDynamite.integ_222508000100000.apk Binary XML file line #11
10-13 15:07:20.970  2046  4023 W UriGrantsManagerService: No permission grants found for com.google.android.apps.photos
10-13 15:07:20.971  2046  4163 W UriGrantsManagerService: No permission grants found for com.google.android.apps.photos
10-13 15:07:21.521  2046  2066 W Looper  : Slow dispatch took 334ms android.fg h=com.android.server.location.GnssLocationProvider$ProviderHandler c=com.android.server.location.RemoteListenerHelper$HandlerRunnable@ce89df7 m=0
10-13 15:07:21.568  2046  2075 E ActivityManager: ANR in com.google.android.googlequicksearchbox:search
10-13 15:07:21.568  2046  2075 E ActivityManager: PID: 0
10-13 15:07:21.568  2046  2075 E ActivityManager: Reason: Broadcast of Intent { act=com.google.android.c2dm.intent.RECEIVE flg=0x11000010 pkg=com.google.android.googlequicksearchbox cmp=com.google.android.googlequicksearchbox/com.google.android.libraries.notifications.entrypoints.gcm.GcmBroadcastReceiver (has extras) }
10-13 15:07:21.568  2046  2075 E ActivityManager: Load: 0.0 / 0.0 / 0.0
10-13 15:07:21.568  2046  2075 E ActivityManager: CPU usage from 14819ms to 1773ms ago (2022-10-13 15:07:05.383 to 2022-10-13 15:07:18.429):
10-13 15:07:21.568  2046  2075 E ActivityManager:   66% 2046/system_server: 13% user + 52% kernel / faults: 709 minor 6 major
10-13 15:07:21.568  2046  2075 E ActivityManager:   42% 2862/com.google.android.googlequicksearchbox:search: 14% user + 28% kernel / faults: 4112 minor 77 major
10-13 15:07:21.568  2046  2075 E ActivityManager:   38% 2588/com.google.android.gms.persistent: 12% user + 25% kernel / faults: 1542 minor 3 major
10-13 15:07:21.568  2046  2075 E ActivityManager:   24% 3634/com.google.android.apps.messaging: 7.1% user + 16% kernel / faults: 3198 minor 6 major
10-13 15:07:21.568  2046  2075 E ActivityManager:   22% 1863/surfaceflinger: 0.6% user + 21% kernel
10-13 15:07:21.568  2046  2075 E ActivityManager:   21% 2743/com.google.android.gms: 9% user + 12% kernel / faults: 4776 minor 2 major
10-13 15:07:21.568  2046  2075 E ActivityManager:   17% 4472/com.google.android.apps.tachyon: 2.7% user + 14% kernel / faults: 3310 minor 120 major
10-13 15:07:21.568  2046  2075 E ActivityManager:   12% 2895/com.google.android.googlequicksearchbox:interactor: 4.8% user + 7.5% kernel / faults: 1026 minor 11 major
10-13 15:07:21.568  2046  2075 E ActivityManager:   11% 2796/com.google.android.apps.photos: 4.3% user + 7.5% kernel / faults: 648 minor 29 major
10-13 15:07:21.568  2046  2075 E ActivityManager:   11% 1841/android.hardware.sensors@1.0-service: 0.3% user + 11% kernel
10-13 15:07:21.568  2046  2075 E ActivityManager:   9.4% 2187/com.android.systemui: 2% user + 7.4% kernel / faults: 55 minor
10-13 15:07:21.568  2046  2075 E ActivityManager:   7.5% 556/kswapd0: 0% user + 7.5% kernel
10-13 15:07:21.568  2046  2075 E ActivityManager:   6.8% 1862/lmkd: 1.5% user + 5.3% kernel
10-13 15:07:21.568  2046  2075 E ActivityManager:   6.3% 4286/com.google.android.ims: 2.4% user + 3.8% kernel / faults: 788 minor 1 major
10-13 15:07:21.568  2046  2075 E ActivityManager:   5.4% 4006/com.google.android.apps.maps: 1.6% user + 3.7% kernel / faults: 1655 minor
10-13 15:07:21.568  2046  2075 E ActivityManager:   3.9% 40/kworker/u8:2: 0% user + 3.9% kernel
10-13 15:07:21.568  2046  2075 E ActivityManager:   3.6% 50/kworker/u8:3: 0% user + 3.6% kernel
10-13 15:07:21.568  2046  2075 E ActivityManager:   3.4% 635/kworker/u8:5: 0% user + 3.4% kernel
10-13 15:07:21.568  2046  2075 E ActivityManager:   3.1% 1686/logd: 0.4% user + 2.6% kernel / faults: 21 minor
10-13 15:07:21.568  2046  2075 E ActivityManager:   3.1% 1814/android.system.suspend@1.0-service: 0.3% user + 2.8% kernel
10-13 15:07:21.568  2046  2075 E ActivityManager:   3.1% 1836/android.hardware.graphics.composer@2.1-service: 0.1% user + 3% kernel
10-13 15:07:21.568  2046  2075 E ActivityManager:   2.5% 3828/com.google.android.calendar: 1% user + 1.4% kernel / faults: 165 minor
10-13 15:07:21.568  2046  2075 E ActivityManager:   2.3% 1687/servicemanager: 0.3% user + 1.9% kernel
10-13 15:07:21.568  2046  2075 E ActivityManager:   2% 2118/kworker/u9:3: 0% user + 2% kernel
10-13 15:07:21.568  2046  2075 E ActivityManager:   1.8% 2352/com.android.phone: 0.3% user + 1.5% kernel / faults: 35 minor 5 major
10-13 15:07:21.568  2046  2075 E ActivityManager:   1.7% 33/kworker/u8:1: 0% user + 1.7% kernel
10-13 15:07:21.568  2046  2075 E ActivityManager:   1.6% 2094/kworker/u9:2: 0% user + 1.6% kernel
10-13 15:07:21.568  2046  2075 E ActivityManager:   1.5% 2169/kworker/u9:4: 0% user + 1.5% kernel
10-13 15:07:21.568  2046  2075 E ActivityManager:   1.3% 3418/android.process.media: 0.4% user + 0.8% kernel / faults: 30 minor
10-13 15:07:21.568  2046  2075 E ActivityManager:   1.2% 8/rcu_preempt: 0% user + 1.2% kernel
10-13 15:07:21.568  2046  2075 E ActivityManager:   1.2% 1705/jbd2/vdc-8: 0% user + 1.2% kernel
10-13 15:07:21.568  2046  2075 E ActivityManager:   1.2% 1849/ashmemd: 0.2% user + 0.9% kernel
10-13 15:07:21.568  2046  2075 E ActivityManager:   1.2% 1882/adbd: 0% user + 1.1% kernel / faults: 254 minor
10-13 15:07:21.568  2046  2075 E ActivityManager:   1.1% 2811/com.google.process.gservices: 0.3% user + 0.7% kernel / faults: 49 minor
10-13 15:07:21.568  2046  2075 E ActivityManager:   1% 1867/psimon: 0% user + 1% kernel
10-13 15:07:21.568  2046  2075 E ActivityManager:   0.9% 1759/kworker/u9:1: 0% user + 0.9% kernel
10-13 15:07:21.568  2046  2075 E ActivityManager:   0.6% 353/kworker/2:1: 0% user + 0.6% kernel
10-13 15:07:21.568  2046  2075 E ActivityManager:   0.6% 1797/netd: 0% user + 0.6% kernel
10-13 15:07:21.568  2046  2075 E ActivityManager:   0.6% 1798/zygote: 0% user + 0.6% kernel / faults: 121 minor
10-13 15:07:21.568  2046  2075 E ActivityManager:   0.5% 23/ksoftirqd/2: 0% user + 0.5% kernel
10-13 15:07:21.568  2046  2075 E ActivityManager:   0.5% 29/ksoftirqd/3: 0% user + 0.5% kernel
10-13 15:07:21.568  2046  2075 E ActivityManager:   0.5% 1873/logcat: 0.1% user + 0.3% kernel
10-13 15:07:21.568  2046  2075 E ActivityManager:   0.5% 1898/statsd: 0% user + 0.4% kernel
10-13 15:07:21.568  2046  2075 E ActivityManager:   0.4% 9/rcu_sched: 0% user + 0.4% kernel
10-13 15:07:21.568  2046  2075 E ActivityManager:   0.4% 2422/com.google.android.apps.nexuslauncher: 0.2% user + 0.2% kernel
10-13 15:07:21.568  2046  2075 E ActivityManager:   0.3% 5/kworker/u8:0: 0% user + 0.3% kernel
10-13 15:07:21.568  2046  2075 E ActivityManager:   0.3% 3557/com.google.android.gm: 0.1% user + 0.2% kernel / faults: 3 minor
10-13 15:07:21.568  2046  2075 E ActivityManager:   0.3% 1326/kworker/3:1H: 0% user + 0.3% kernel
10-13 15:07:21.568  2046  2075 E ActivityManager:   0.2% 7/ksoftirqd/0: 0% user + 0.2% kernel
10-13 15:07:21.568  2046  2075 E ActivityManager:   0.2% 872/kworker/1:1H: 0% user + 0.2% kernel
10-13 15:07:21.568  2046  2075 E ActivityManager:   0.2% 873/kworker/0:1H: 0% user + 0.2% kernel
10-13 15:07:21.568  2046  2075 E ActivityManager:   0.2% 1831/android.hardware.gnss@1.0-service: 0% user + 0.2% kernel
10-13 15:07:21.568  2046  2075 E ActivityManager:   0.2% 1892/mdnsd: 0.1% user + 0% kernel
10-13 15:07:21.568  2046  2075 E ActivityManager:   0.1% 3093/com.android.vending: 0% user + 0.1% kernel / faults: 16 minor
10-13 15:07:21.568  2046  2075 E ActivityManager:   0.1% 3435/com.android.vending:background: 0% user + 0% kernel
10-13 15:07:21.568  2046  2075 E ActivityManager:   0% 12/watchdog/0: 0% user + 0% kernel
10-13 15:07:21.568  2046  2075 E ActivityManager:   0% 27/watchdog/3: 0% user + 0% kernel
10-13 15:07:21.568  2046  2075 E ActivityManager:   0% 228/kworker/0:2: 0% user + 0% kernel
10-13 15:07:21.568  2046  2075 E ActivityManager:   0% 1108/kworker/3:2: 0% user + 0% kernel
10-13 15:07:21.568  2046  2075 E ActivityManager:   0% 184
10-13 15:07:21.569  2046  2076 W ActivityManager: Slow operation: 1378ms so far, now at startProcess: done updating battery stats
10-13 15:07:21.569  2046  2076 W ActivityManager: Slow operation: 1378ms so far, now at startProcess: building log message
10-13 15:07:21.569  2046  2076 I ActivityManager: Start proc 4561:com.google.android.googlequicksearchbox:search/u0a104 for broadcast {com.google.android.googlequicksearchbox/com.google.android.apps.gsa.gcm.GcmBroadcastReceiver}
10-13 15:07:21.569  2046  2076 W ActivityManager: Slow operation: 1378ms so far, now at startProcess: starting to update pids map
10-13 15:07:21.582  2046  2076 W ActivityManager: Slow operation: 1392ms so far, now at startProcess: done updating pids map
10-13 15:07:21.851  2743  3496 W PackageParser: Unknown element under <manifest>: queries at /data/user_de/0/com.google.android.gms/app_chimera/m/0000009e/dl-AdsFdrDynamite.integ_223104600100000.apk Binary XML file line #11
10-13 15:07:22.228  2046  4012 W ActivityManager: Slow operation: 645ms so far, now at attachApplicationLocked: immediately after bindApplication
10-13 15:07:22.228  2046  4012 W ActivityManager: Slow operation: 645ms so far, now at attachApplicationLocked: after updateLruProcessLocked
10-13 15:07:22.229  2046  4012 W ActivityManager: Slow operation: 646ms so far, now at attachApplicationLocked: after mServices.attachApplicationLocked
10-13 15:07:22.306  2046  4012 W ActivityManager: Slow operation: 723ms so far, now at attachApplicationLocked: after sendPendingBroadcastsLocked
10-13 15:07:22.331  2046  2069 W ActivityManager: setHasOverlayUi called on unknown pid: 2862
10-13 15:07:22.340  2046  2067 W Looper  : Drained
10-13 15:07:22.344  2046  2067 W Looper  : Slow dispatch took 771ms android.ui h=com.android.server.am.ActivityManagerService$UiHandler c=null m=53
10-13 15:07:22.415  2046  2075 I ActivityManager: Killing 4561:com.google.android.googlequicksearchbox:search/u0a104 (adj 0): bg anr
10-13 15:07:22.439  2046  4585 I DropBoxManagerService: add tag=system_app_anr isTagEnabled=true flags=0x2
10-13 15:07:22.590  2046  4023 W ActivityManager: Slow operation: 117ms so far, now at getContentProviderImpl: after updateOomAdj
10-13 15:07:22.590  2046  4023 W ActivityManager: Slow operation: 118ms so far, now at getContentProviderImpl: done!
10-13 15:07:22.741  2046  2303 W ActivityManager: Slow operation: 150ms so far, now at getContentProviderImpl: after updateOomAdj
10-13 15:07:22.741  2046  2303 W ActivityManager: Slow operation: 150ms so far, now at getContentProviderImpl: done!
10-13 15:07:22.773  2046  2046 W ActivityManager: Application dead when creating service ServiceRecord{5e1b81 u0 com.google.android.googlequicksearchbox/com.google.android.apps.gsa.tasks.BackgroundTasksJobService}
10-13 15:07:22.777  2046  2046 W ActivityManager: Scheduling restart of crashed service com.google.android.googlequicksearchbox/com.google.android.apps.gsa.tasks.BackgroundTasksJobService in 17949ms
10-13 15:07:23.075  2046  2046 W ActivityManager: Scheduling restart of crashed service com.google.android.googlequicksearchbox/com.google.android.apps.gsa.tasks.BackgroundTasksJobService in 71796ms
10-13 15:07:23.132  2046  2046 W ActivityManager: Exception when starting service com.google.android.googlequicksearchbox/com.google.android.apps.gsa.tasks.BackgroundTasksJobService
10-13 15:07:23.132  2046  2046 W ActivityManager: android.os.DeadObjectException
10-13 15:07:23.132  2046  2046 W ActivityManager: 	at android.os.BinderProxy.transactNative(Native Method)
10-13 15:07:23.132  2046  2046 W ActivityManager: 	at android.os.BinderProxy.transact(BinderProxy.java:510)
10-13 15:07:23.132  2046  2046 W ActivityManager: 	at android.app.IApplicationThread$Stub$Proxy.scheduleCreateService(IApplicationThread.java:1374)
10-13 15:07:23.132  2046  2046 W ActivityManager: 	at com.android.server.am.ActiveServices.realStartServiceLocked(ActiveServices.java:2687)
10-13 15:07:23.132  2046  2046 W ActivityManager: 	at com.android.server.am.ActiveServices.bringUpServiceLocked(ActiveServices.java:2564)
10-13 15:07:23.132  2046  2046 W ActivityManager: 	at com.android.server.am.ActiveServices.bindServiceLocked(ActiveServices.java:1779)
10-13 15:07:23.132  2046  2046 W ActivityManager: 	at com.android.server.am.ActivityManagerService.bindIsolatedService(ActivityManagerService.java:14068)
10-13 15:07:23.132  2046  2046 W ActivityManager: 	at android.app.ContextImpl.bindServiceCommon(ContextImpl.java:1735)
10-13 15:07:23.132  2046  2046 W ActivityManager: 	at android.app.ContextImpl.bindServiceAsUser(ContextImpl.java:1675)
10-13 15:07:23.132  2046  2046 W ActivityManager: 	at com.android.server.job.JobServiceContext.executeRunnableJob(JobServiceContext.java:252)
10-13 15:07:23.132  2046  2046 W ActivityManager: 	at com.android.server.job.JobConcurrencyManager.assignJobsToContextsInternalLocked(JobConcurrencyManager.java:422)
10-13 15:07:23.132  2046  2046 W ActivityManager: 	at com.android.server.job.JobConcurrencyManager.assignJobsToContextsLocked(JobConcurrencyManager.java:267)
10-13 15:07:23.132  2046  2046 W ActivityManager: 	at com.android.server.job.JobSchedulerService.maybeRunPendingJobsLocked(JobSchedulerService.java:2409)
10-13 15:07:23.132  2046  2046 W ActivityManager: 	at com.android.server.job.JobSchedulerService$JobHandler.handleMessage(JobSchedulerService.java:1933)
10-13 15:07:23.132  2046  2046 W ActivityManager: 	at android.os.Handler.dispatchMessage(Handler.java:107)
10-13 15:07:23.132  2046  2046 W ActivityManager: 	at android.os.Looper.loop(Looper.java:214)
10-13 15:07:23.132  2046  2046 W ActivityManager: 	at com.android.server.SystemServer.run(SystemServer.java:541)
10-13 15:07:23.132  2046  2046 W ActivityManager: 	at com.android.server.SystemServer.main(SystemServer.java:349)
10-13 15:07:23.132  2046  2046 W ActivityManager: 	at java.lang.reflect.Method.invoke(Native Method)
10-13 15:07:23.132  2046  2046 W ActivityManager: 	at com.android.internal.os.RuntimeInit$MethodAndArgsCaller.run(RuntimeInit.java:492)
10-13 15:07:23.132  2046  2046 W ActivityManager: 	at com.android.internal.os.ZygoteInit.main(ZygoteInit.java:908)
10-13 15:07:23.133  2046  2046 W Looper  : Drained
10-13 15:07:23.133  2046  2046 W Looper  : Slow dispatch took 2929ms main h=com.android.server.job.JobSchedulerService$JobHandler c=null m=4
10-13 15:07:23.144  2046  4456 W ActivityManager: Spurious death for ProcessRecord{3f94c39 0:com.google.android.googlequicksearchbox:search/u0a104}, curProc for 4561: null
10-13 15:07:23.306  2046  2063 I ActivityManager: Killing 3700:com.android.managedprovisioning/u0a53 (adj 985): empty #17
10-13 15:07:23.336  2046  2076 W ActivityManager: Slow operation: 542ms so far, now at startProcess: returned from zygote!
10-13 15:07:23.554  2046  2067 W Looper  : Slow dispatch took 1081ms android.ui h=com.android.server.am.ActivityManagerService$UiHandler c=null m=53
10-13 15:07:23.556  2046  2067 W Looper  : Slow delivery took 778ms android.ui h=com.android.server.am.ActivityManagerService$UiHandler c=null m=32
10-13 15:07:23.659  2046  2076 W ActivityManager: Slow operation: 864ms so far, now at startProcess: done updating battery stats
10-13 15:07:23.665  2046  2076 W ActivityManager: Slow operation: 866ms so far, now at startProcess: building log message
10-13 15:07:23.666  2046  2076 I ActivityManager: Start proc 4592:com.google.android.googlequicksearchbox:search/u0a104 for restart com.google.android.googlequicksearchbox:search
10-13 15:07:23.666  2046  2076 W ActivityManager: Slow operation: 871ms so far, now at startProcess: starting to update pids map
10-13 15:07:23.670  2046  2076 W ActivityManager: Slow operation: 875ms so far, now at startProcess: done updating pids map
10-13 15:07:24.902  2046  2067 W Looper  : Drained
10-13 15:07:25.332  2046  2046 W Looper  : Slow delivery took 2930ms main h=com.android.server.job.JobSchedulerService$JobHandler c=null m=3
10-13 15:07:25.333  2046  2046 W Looper  : Slow dispatch took 2199ms main h=com.android.server.job.JobSchedulerService$JobHandler c=null m=3
10-13 15:07:25.568  2046  2046 W Looper  : Slow dispatch took 235ms main h=android.app.ActivityThread$H c=android.app.LoadedApk$ServiceDispatcher$RunConnection@659f6cf m=0
10-13 15:07:26.049  2046  2066 W Looper  : Slow dispatch took 2696ms android.fg h=com.android.server.AppStateTracker$MyHandler c=null m=0
10-13 15:07:26.049  2046  2066 W Looper  : Slow delivery took 1854ms android.fg h=com.android.server.location.GnssLocationProvider$ProviderHandler c=null m=18
10-13 15:07:26.052  2046  2066 W Looper  : Drained
10-13 15:07:26.058  2046  2046 W Looper  : Slow dispatch took 489ms main h=android.app.ActivityThread$H c=android.app.LoadedApk$ServiceDispatcher$RunConnection@96484e1 m=0
10-13 15:07:26.554  2046  2046 W Looper  : Slow dispatch took 469ms main h=com.android.server.job.JobSchedulerService$JobHandler c=null m=4
10-13 15:07:26.721  2046  2062 W ActivityManager: Slow operation: 102ms so far, now at attachApplicationLocked: immediately after bindApplication
10-13 15:07:26.722  2046  2062 W ActivityManager: Slow operation: 103ms so far, now at attachApplicationLocked: after updateLruProcessLocked
10-13 15:07:27.245  2046  2046 W Looper  : Slow dispatch took 661ms main h=com.android.server.job.JobSchedulerService$JobHandler c=null m=4
10-13 15:07:27.318  2046  2062 W ActivityManager: SLOW OOM ADJ: 586ms for pid 4592 = 0
10-13 15:07:27.344  2046  2062 W ActivityManager: Slow operation: 725ms so far, now at attachApplicationLocked: after mServices.attachApplicationLocked
10-13 15:07:27.525  2046  2066 W Looper  : Slow dispatch took 452ms android.fg h=android.os.Handler c=com.android.server.Watchdog$HandlerChecker@f3e996 m=0
10-13 15:07:27.573  2046  2066 W Looper  : Slow delivery took 391ms android.fg h=com.android.server.location.GnssLocationProvider$ProviderHandler c=null m=18
10-13 15:07:27.712  2046  2067 W Looper  : Slow dispatch took 106ms android.ui h=com.android.server.am.ActivityManagerService$UiHandler c=null m=32
10-13 15:07:27.876  2046  2066 W Looper  : Drained
10-13 15:07:27.882  2046  2067 W Looper  : Slow dispatch took 164ms android.ui h=com.android.server.am.ActivityManagerService$UiHandler c=null m=53
10-13 15:07:27.937  2046  2046 W Looper  : Slow dispatch took 675ms main h=com.android.server.job.JobSchedulerService$JobHandler c=null m=1
10-13 15:07:28.545  2046  2046 W Looper  : Slow dispatch took 607ms main h=com.android.server.job.JobSchedulerService$JobHandler c=null m=3
10-13 15:07:28.939  2046  2046 W Looper  : Slow dispatch took 394ms main h=com.android.server.job.JobSchedulerService$JobHandler c=null m=3
10-13 15:07:29.174  2046  4012 W UriGrantsManagerService: No permission grants found for com.google.android.apps.photos
10-13 15:07:29.574  2046  2861 W UriGrantsManagerService: No permission grants found for com.google.android.apps.photos
10-13 15:07:31.340  2046  2046 W Looper  : Slow dispatch took 2400ms main h=com.android.server.job.JobSchedulerService$JobHandler c=null m=3
10-13 15:07:31.450  2046  2046 W Looper  : Slow dispatch took 110ms main h=com.android.server.job.JobSchedulerService$JobHandler c=null m=3
10-13 15:07:32.084  2046  2046 W Looper  : Slow dispatch took 634ms main h=com.android.server.job.JobSchedulerService$JobHandler c=null m=3
10-13 15:07:32.253  2046  2046 W Looper  : Drained
10-13 15:07:32.253  2046  2046 W Looper  : Slow dispatch took 114ms main h=com.android.server.job.JobSchedulerService$JobHandler c=null m=1
10-13 15:07:33.816  2046  2063 I ActivityManager: Killing 3744:com.android.omadm.service/u0a106 (adj 985): empty #17
10-13 15:07:33.847  2046  2046 W Looper  : Slow delivery took 203ms main h=com.android.server.AlarmManagerService$AlarmHandler c=null m=8
10-13 15:07:33.952  2046  2076 W ActivityManager: Slow operation: 138ms so far, now at startProcess: returned from zygote!
10-13 15:07:33.953  2046  2076 W ActivityManager: Slow operation: 139ms so far, now at startProcess: done updating battery stats
10-13 15:07:33.954  2046  2076 W ActivityManager: Slow operation: 140ms so far, now at startProcess: building log message
10-13 15:07:33.954  2046  2076 I ActivityManager: Start proc 4663:com.google.android.apps.wallpaper/u0a96 for broadcast {com.google.android.apps.wallpaper/com.android.wallpaper.module.RotationWallpaperMoveReceiver}
10-13 15:07:33.954  2046  2076 W ActivityManager: Slow operation: 140ms so far, now at startProcess: starting to update pids map
10-13 15:07:33.955  2046  2076 W ActivityManager: Slow operation: 141ms so far, now at startProcess: done updating pids map
10-13 15:07:34.412  2743  3496 W PackageParser: Unknown element under <manifest>: queries at /data/user_de/0/com.google.android.gms/app_chimera/m/00000099/dl-AdsFdrDynamite.integ_222508000100000.apk Binary XML file line #11
10-13 15:07:34.824  2046  2046 W Looper  : Drained
10-13 15:07:34.824  2046  2046 W Looper  : Slow dispatch took 128ms main h=com.android.server.job.JobSchedulerService$JobHandler c=null m=5
10-13 15:07:34.844  2046  2063 W ActivityManager: Slow operation: 108ms so far, now at attachApplicationLocked: immediately after bindApplication
10-13 15:07:34.851  2046  2063 W ActivityManager: Slow operation: 116ms so far, now at attachApplicationLocked: after updateLruProcessLocked
10-13 15:07:34.852  2046  2063 W ActivityManager: Slow operation: 116ms so far, now at attachApplicationLocked: after mServices.attachApplicationLocked
10-13 15:07:34.912  2046  2063 W ActivityManager: Slow operation: 176ms so far, now at attachApplicationLocked: after sendPendingBroadcastsLocked
10-13 15:07:35.112  2046  4163 W UriGrantsManagerService: No permission grants found for com.google.android.apps.photos
10-13 15:07:35.113  2046  4163 W UriGrantsManagerService: No permission grants found for com.google.android.apps.photos
10-13 15:07:35.535  2743  3496 W PackageParser: Unknown element under <manifest>: queries at /data/user_de/0/com.google.android.gms/app_chimera/m/0000009e/dl-AdsFdrDynamite.integ_223104600100000.apk Binary XML file line #11
10-13 15:07:40.502  2046  2046 W JobServiceContext: Time-out while trying to bind 4dc9de8 #u0a104/-362 com.google.android.googlequicksearchbox/com.google.android.apps.gsa.tasks.BackgroundTasksJobService, dropping.
10-13 15:07:42.704  2046  2076 W ActivityManager: Slow operation: 191ms so far, now at startProcess: returned from zygote!
10-13 15:07:42.704  2046  2076 W ActivityManager: Slow operation: 192ms so far, now at startProcess: done updating battery stats
10-13 15:07:42.705  2046  2076 W ActivityManager: Slow operation: 192ms so far, now at startProcess: building log message
10-13 15:07:42.705  2046  2076 I ActivityManager: Start proc 4715:com.google.android.configupdater/u0a103 for broadcast {com.google.android.configupdater/com.google.android.configupdater.MainReceiver}
10-13 15:07:42.705  2046  2076 W ActivityManager: Slow operation: 192ms so far, now at startProcess: starting to update pids map
10-13 15:07:42.705  2046  2076 W ActivityManager: Slow operation: 192ms so far, now at startProcess: done updating pids map
10-13 15:07:43.035  2046  2878 W ActivityManager: Slow operation: 189ms so far, now at attachApplicationLocked: immediately after bindApplication
10-13 15:07:43.036  2046  2878 W ActivityManager: Slow operation: 189ms so far, now at attachApplicationLocked: after updateLruProcessLocked
10-13 15:07:43.036  2046  2878 W ActivityManager: Slow operation: 189ms so far, now at attachApplicationLocked: after mServices.attachApplicationLocked
10-13 15:07:43.045  2046  2878 W ActivityManager: Slow operation: 198ms so far, now at attachApplicationLocked: after sendPendingBroadcastsLocked
10-13 15:07:44.044  2743  3496 W PackageParser: Unknown element under <manifest>: queries at /data/user_de/0/com.google.android.gms/app_chimera/m/00000099/dl-AdsFdrDynamite.integ_222508000100000.apk Binary XML file line #11
10-13 15:07:44.137  2046  2046 W JobServiceContext: Time-out while trying to bind 43908f4 #u0a104/-444 com.google.android.googlequicksearchbox/com.google.android.apps.gsa.tasks.BackgroundTasksJobService, dropping.
10-13 15:07:44.242  2046  2046 W Looper  : Slow dispatch took 105ms main h=com.android.server.job.JobServiceContext$JobServiceHandler c=null m=0
10-13 15:07:44.598  2046  2046 W Looper  : Slow dispatch took 354ms main h=com.android.server.job.JobSchedulerService$JobHandler c=null m=1
10-13 15:07:44.714  2046  2046 W Looper  : Slow delivery took 356ms main h=com.android.server.job.JobSchedulerService$JobHandler c=null m=3
10-13 15:07:44.714  2046  2046 W Looper  : Slow dispatch took 116ms main h=com.android.server.job.JobSchedulerService$JobHandler c=null m=3
10-13 15:07:44.718  2743  3496 W PackageParser: Unknown element under <manifest>: queries at /data/user_de/0/com.google.android.gms/app_chimera/m/0000009e/dl-AdsFdrDynamite.integ_223104600100000.apk Binary XML file line #11
10-13 15:07:44.832  2046  2046 W Looper  : Slow dispatch took 116ms main h=android.app.ActivityThread$H c=android.app.LoadedApk$ServiceDispatcher$RunConnection@9d3dee8 m=0
10-13 15:07:44.985  2046  2878 I ActivityManager: Killing 2366:com.android.settings/1000 (adj 985): empty #17
10-13 15:07:45.074  2046  2046 W Looper  : Drained
10-13 15:07:45.330  2046  2069 W ActivityManager: setHasOverlayUi called on unknown pid: 2366
10-13 15:07:45.706  2046  4020 I ActivityManager: Killing 3901:com.android.traceur/u0a77 (adj 985): empty #17
10-13 15:07:45.876  2046  4020 I ActivityManager: Killing 3093:com.android.vending/u0a94 (adj 985): empty #17
10-13 15:07:45.980  2046  2067 W Looper  : Slow dispatch took 101ms android.ui h=com.android.server.am.ActivityManagerService$UiHandler c=null m=53
10-13 15:07:46.366  2046  2076 W ActivityManager: Slow operation: 618ms so far, now at startProcess: returned from zygote!
10-13 15:07:46.366  2046  2076 W ActivityManager: Slow operation: 618ms so far, now at startProcess: done updating battery stats
10-13 15:07:46.367  2046  2076 W ActivityManager: Slow operation: 619ms so far, now at startProcess: building log message
